============================= test session starts ==============================
platform linux -- Python 3.12.13, pytest-9.1.1, pluggy-1.6.0 -- /root/Development/ExperimentsCloud/venv/bin/python3
cachedir: .pytest_cache
rootdir: /root/Development/ExperimentsCloud
configfile: pytest.ini
testpaths: tests
plugins: cov-7.1.0
collecting ... collected 142 items

tests/integration/test_auth.py::test_register_success ERROR              [  0%]
tests/integration/test_auth.py::test_register_duplicate_username ERROR   [  1%]
tests/integration/test_auth.py::test_register_duplicate_email ERROR      [  2%]
tests/integration/test_auth.py::test_register_page ERROR                 [  2%]
tests/integration/test_auth.py::test_login_page ERROR                    [  3%]
tests/integration/test_auth.py::test_dashboard_requires_login ERROR      [  4%]
tests/integration/test_auth.py::test_logout_requires_login ERROR         [  4%]
tests/integration/test_auth.py::test_login_success ERROR                 [  5%]
tests/integration/test_auth.py::test_login_invalid_password ERROR        [  6%]
tests/integration/test_auth.py::test_login_unknown_email ERROR           [  7%]
tests/integration/test_auth.py::test_logout_success ERROR                [  7%]
tests/integration/test_files.py::test_files_page_requires_login ERROR    [  8%]
tests/integration/test_files.py::test_upload_page_requires_login ERROR   [  9%]
tests/integration/test_files.py::test_upload_success ERROR               [  9%]
tests/integration/test_files.py::test_upload_invalid_extension ERROR     [ 10%]
tests/integration/test_files.py::test_upload_file_too_large ERROR        [ 11%]
tests/integration/test_files.py::test_download_success ERROR             [ 11%]
tests/integration/test_files.py::test_delete_success ERROR               [ 12%]
tests/integration/test_files.py::test_rename_requires_login ERROR        [ 13%]
tests/integration/test_files.py::test_rename_page ERROR                  [ 14%]
tests/integration/test_files.py::test_rename_success ERROR               [ 14%]
tests/integration/test_files.py::test_rename_other_user_file ERROR       [ 15%]
tests/integration/test_folders.py::test_folders_page_requires_login ERROR [ 16%]
tests/integration/test_folders.py::test_folder_create_requires_login ERROR [ 16%]
tests/integration/test_folders.py::test_create_page ERROR                [ 17%]
tests/integration/test_folders.py::test_create_folder_success ERROR      [ 18%]
tests/integration/test_folders.py::test_rename_page ERROR                [ 19%]
tests/integration/test_folders.py::test_rename_success ERROR             [ 19%]
tests/integration/test_folders.py::test_rename_other_user_folder ERROR   [ 20%]
tests/integration/test_folders.py::test_delete_folder_success ERROR      [ 21%]
tests/integration/test_folders.py::test_delete_other_user_folder ERROR   [ 21%]
tests/integration/test_folders.py::test_open_folder ERROR                [ 22%]
tests/integration/test_folders.py::test_open_other_user_folder 

==================================== ERRORS ====================================
___________________ ERROR at setup of test_register_success ____________________

self = <sqlalchemy.engine.base.Connection object at 0x7e585031a0>
engine = Engine(sqlite:////root/Development/ExperimentsCloud/database/experiments.db)
connection = None, _has_events = None, _allow_revalidate = True
_allow_autobegin = True

    def __init__(
        self,
        engine: Engine,
        connection: Optional[PoolProxiedConnection] = None,
        _has_events: Optional[bool] = None,
        _allow_revalidate: bool = True,
        _allow_autobegin: bool = True,
    ):
        """Construct a new Connection."""
        self.engine = engine
        self.dialect = dialect = engine.dialect
    
        if connection is None:
            try:
>               self._dbapi_connection = engine.raw_connection()
                                         ^^^^^^^^^^^^^^^^^^^^^^^

venv/lib64/python3.12/site-packages/sqlalchemy/engine/base.py:144: 
_ _ _ _ _ _ _ _ _ _ _ _ _ _ _ _ _ _ _ _ _ _ _ _ _ _ _ _ _ _ _ _ _ _ _ _ _ _ _ _ 
venv/lib64/python3.12/site-packages/sqlalchemy/engine/base.py:3319: in raw_connection
    return self.pool.connect()
           ^^^^^^^^^^^^^^^^^^^
venv/lib64/python3.12/site-packages/sqlalchemy/pool/base.py:448: in connect
    return _ConnectionFairy._checkout(self)
           ^^^^^^^^^^^^^^^^^^^^^^^^^^^^^^^^
venv/lib64/python3.12/site-packages/sqlalchemy/pool/base.py:1272: in _checkout
    fairy = _ConnectionRecord.checkout(pool)
            ^^^^^^^^^^^^^^^^^^^^^^^^^^^^^^^^
venv/lib64/python3.12/site-packages/sqlalchemy/pool/base.py:712: in checkout
    rec = pool._do_get()
          ^^^^^^^^^^^^^^
venv/lib64/python3.12/site-packages/sqlalchemy/pool/impl.py:178: in _do_get
    with util.safe_reraise():
         ^^^^^^^^^^^^^^^^^^^
venv/lib64/python3.12/site-packages/sqlalchemy/util/langhelpers.py:122: in __exit__
    raise exc_value.with_traceback(exc_tb)
venv/lib64/python3.12/site-packages/sqlalchemy/pool/impl.py:176: in _do_get
    return self._create_connection()
           ^^^^^^^^^^^^^^^^^^^^^^^^^
venv/lib64/python3.12/site-packages/sqlalchemy/pool/base.py:389: in _create_connection
    return _ConnectionRecord(self)
           ^^^^^^^^^^^^^^^^^^^^^^^
venv/lib64/python3.12/site-packages/sqlalchemy/pool/base.py:674: in __init__
    self.__connect()
venv/lib64/python3.12/site-packages/sqlalchemy/pool/base.py:900: in __connect
    with util.safe_reraise():
         ^^^^^^^^^^^^^^^^^^^
venv/lib64/python3.12/site-packages/sqlalchemy/util/langhelpers.py:122: in __exit__
    raise exc_value.with_traceback(exc_tb)
venv/lib64/python3.12/site-packages/sqlalchemy/pool/base.py:896: in __connect
    self.dbapi_connection = connection = pool._invoke_creator(self)
                                         ^^^^^^^^^^^^^^^^^^^^^^^^^^
venv/lib64/python3.12/site-packages/sqlalchemy/engine/create.py:667: in connect
    return dialect.connect(*cargs_tup, **cparams)
           ^^^^^^^^^^^^^^^^^^^^^^^^^^^^^^^^^^^^^^
_ _ _ _ _ _ _ _ _ _ _ _ _ _ _ _ _ _ _ _ _ _ _ _ _ _ _ _ _ _ _ _ _ _ _ _ _ _ _ _ 

self = <sqlalchemy.dialects.sqlite.pysqlite.SQLiteDialect_pysqlite object at 0x7e5846e630>
cargs = ('/root/Development/ExperimentsCloud/database/experiments.db',)
cparams = {'check_same_thread': False}

    def connect(self, *cargs: Any, **cparams: Any) -> DBAPIConnection:
        # inherits the docstring from interfaces.Dialect.connect
>       return self.loaded_dbapi.connect(*cargs, **cparams)  # type: ignore[no-any-return]  # NOQA: E501
               ^^^^^^^^^^^^^^^^^^^^^^^^^^^^^^^^^^^^^^^^^^^^
E       sqlite3.OperationalError: unable to open database file

venv/lib64/python3.12/site-packages/sqlalchemy/engine/default.py:630: OperationalError

The above exception was the direct cause of the following exception:

app = <Flask 'app'>

    @pytest.fixture(autouse=True)
    def database(app):
    
        print("\nDatabase URI:", app.config["SQLALCHEMY_DATABASE_URI"])
    
        with app.app_context():
    
>           db.drop_all()

tests/conftest.py:23: 
_ _ _ _ _ _ _ _ _ _ _ _ _ _ _ _ _ _ _ _ _ _ _ _ _ _ _ _ _ _ _ _ _ _ _ _ _ _ _ _ 
venv/lib64/python3.12/site-packages/flask_sqlalchemy/extension.py:917: in drop_all
    self._call_for_binds(bind_key, "drop_all")
venv/lib64/python3.12/site-packages/flask_sqlalchemy/extension.py:881: in _call_for_binds
    getattr(metadata, op_name)(bind=engine)
venv/lib64/python3.12/site-packages/sqlalchemy/sql/schema.py:5958: in drop_all
    bind._run_ddl_visitor(
venv/lib64/python3.12/site-packages/sqlalchemy/engine/base.py:3269: in _run_ddl_visitor
    with self.begin() as conn:
         ^^^^^^^^^^^^
/usr/lib64/python3.12/contextlib.py:137: in __enter__
    return next(self.gen)
           ^^^^^^^^^^^^^^
venv/lib64/python3.12/site-packages/sqlalchemy/engine/base.py:3259: in begin
    with self.connect() as conn:
         ^^^^^^^^^^^^^^
venv/lib64/python3.12/site-packages/sqlalchemy/engine/base.py:3295: in connect
    return self._connection_cls(self)
           ^^^^^^^^^^^^^^^^^^^^^^^^^^
venv/lib64/python3.12/site-packages/sqlalchemy/engine/base.py:146: in __init__
    Connection._handle_dbapi_exception_noconnection(
venv/lib64/python3.12/site-packages/sqlalchemy/engine/base.py:2450: in _handle_dbapi_exception_noconnection
    raise sqlalchemy_exception.with_traceback(exc_info[2]) from e
venv/lib64/python3.12/site-packages/sqlalchemy/engine/base.py:144: in __init__
    self._dbapi_connection = engine.raw_connection()
                             ^^^^^^^^^^^^^^^^^^^^^^^
venv/lib64/python3.12/site-packages/sqlalchemy/engine/base.py:3319: in raw_connection
    return self.pool.connect()
           ^^^^^^^^^^^^^^^^^^^
venv/lib64/python3.12/site-packages/sqlalchemy/pool/base.py:448: in connect
    return _ConnectionFairy._checkout(self)
           ^^^^^^^^^^^^^^^^^^^^^^^^^^^^^^^^
venv/lib64/python3.12/site-packages/sqlalchemy/pool/base.py:1272: in _checkout
    fairy = _ConnectionRecord.checkout(pool)
            ^^^^^^^^^^^^^^^^^^^^^^^^^^^^^^^^
venv/lib64/python3.12/site-packages/sqlalchemy/pool/base.py:712: in checkout
    rec = pool._do_get()
          ^^^^^^^^^^^^^^
venv/lib64/python3.12/site-packages/sqlalchemy/pool/impl.py:178: in _do_get
    with util.safe_reraise():
         ^^^^^^^^^^^^^^^^^^^
venv/lib64/python3.12/site-packages/sqlalchemy/util/langhelpers.py:122: in __exit__
    raise exc_value.with_traceback(exc_tb)
venv/lib64/python3.12/site-packages/sqlalchemy/pool/impl.py:176: in _do_get
    return self._create_connection()
           ^^^^^^^^^^^^^^^^^^^^^^^^^
venv/lib64/python3.12/site-packages/sqlalchemy/pool/base.py:389: in _create_connection
    return _ConnectionRecord(self)
           ^^^^^^^^^^^^^^^^^^^^^^^
venv/lib64/python3.12/site-packages/sqlalchemy/pool/base.py:674: in __init__
    self.__connect()
venv/lib64/python3.12/site-packages/sqlalchemy/pool/base.py:900: in __connect
    with util.safe_reraise():
         ^^^^^^^^^^^^^^^^^^^
venv/lib64/python3.12/site-packages/sqlalchemy/util/langhelpers.py:122: in __exit__
    raise exc_value.with_traceback(exc_tb)
venv/lib64/python3.12/site-packages/sqlalchemy/pool/base.py:896: in __connect
    self.dbapi_connection = connection = pool._invoke_creator(self)
                                         ^^^^^^^^^^^^^^^^^^^^^^^^^^
venv/lib64/python3.12/site-packages/sqlalchemy/engine/create.py:667: in connect
    return dialect.connect(*cargs_tup, **cparams)
           ^^^^^^^^^^^^^^^^^^^^^^^^^^^^^^^^^^^^^^
_ _ _ _ _ _ _ _ _ _ _ _ _ _ _ _ _ _ _ _ _ _ _ _ _ _ _ _ _ _ _ _ _ _ _ _ _ _ _ _ 

self = <sqlalchemy.dialects.sqlite.pysqlite.SQLiteDialect_pysqlite object at 0x7e5846e630>
cargs = ('/root/Development/ExperimentsCloud/database/experiments.db',)
cparams = {'check_same_thread': False}

    def connect(self, *cargs: Any, **cparams: Any) -> DBAPIConnection:
        # inherits the docstring from interfaces.Dialect.connect
>       return self.loaded_dbapi.connect(*cargs, **cparams)  # type: ignore[no-any-return]  # NOQA: E501
               ^^^^^^^^^^^^^^^^^^^^^^^^^^^^^^^^^^^^^^^^^^^^
E       sqlalchemy.exc.OperationalError: (sqlite3.OperationalError) unable to open database file
E       (Background on this error at: https://sqlalche.me/e/20/e3q8)

venv/lib64/python3.12/site-packages/sqlalchemy/engine/default.py:630: OperationalError
---------------------------- Captured stdout setup -----------------------------

Database URI: sqlite:///:memory:
______________ ERROR at setup of test_register_duplicate_username ______________

self = <sqlalchemy.engine.base.Connection object at 0x7e58191e50>
engine = Engine(sqlite:////root/Development/ExperimentsCloud/database/experiments.db)
connection = None, _has_events = None, _allow_revalidate = True
_allow_autobegin = True

    def __init__(
        self,
        engine: Engine,
        connection: Optional[PoolProxiedConnection] = None,
        _has_events: Optional[bool] = None,
        _allow_revalidate: bool = True,
        _allow_autobegin: bool = True,
    ):
        """Construct a new Connection."""
        self.engine = engine
        self.dialect = dialect = engine.dialect
    
        if connection is None:
            try:
>               self._dbapi_connection = engine.raw_connection()
                                         ^^^^^^^^^^^^^^^^^^^^^^^

venv/lib64/python3.12/site-packages/sqlalchemy/engine/base.py:144: 
_ _ _ _ _ _ _ _ _ _ _ _ _ _ _ _ _ _ _ _ _ _ _ _ _ _ _ _ _ _ _ _ _ _ _ _ _ _ _ _ 
venv/lib64/python3.12/site-packages/sqlalchemy/engine/base.py:3319: in raw_connection
    return self.pool.connect()
           ^^^^^^^^^^^^^^^^^^^
venv/lib64/python3.12/site-packages/sqlalchemy/pool/base.py:448: in connect
    return _ConnectionFairy._checkout(self)
           ^^^^^^^^^^^^^^^^^^^^^^^^^^^^^^^^
venv/lib64/python3.12/site-packages/sqlalchemy/pool/base.py:1272: in _checkout
    fairy = _ConnectionRecord.checkout(pool)
            ^^^^^^^^^^^^^^^^^^^^^^^^^^^^^^^^
venv/lib64/python3.12/site-packages/sqlalchemy/pool/base.py:712: in checkout
    rec = pool._do_get()
          ^^^^^^^^^^^^^^
venv/lib64/python3.12/site-packages/sqlalchemy/pool/impl.py:178: in _do_get
    with util.safe_reraise():
         ^^^^^^^^^^^^^^^^^^^
venv/lib64/python3.12/site-packages/sqlalchemy/util/langhelpers.py:122: in __exit__
    raise exc_value.with_traceback(exc_tb)
venv/lib64/python3.12/site-packages/sqlalchemy/pool/impl.py:176: in _do_get
    return self._create_connection()
           ^^^^^^^^^^^^^^^^^^^^^^^^^
venv/lib64/python3.12/site-packages/sqlalchemy/pool/base.py:389: in _create_connection
    return _ConnectionRecord(self)
           ^^^^^^^^^^^^^^^^^^^^^^^
venv/lib64/python3.12/site-packages/sqlalchemy/pool/base.py:674: in __init__
    self.__connect()
venv/lib64/python3.12/site-packages/sqlalchemy/pool/base.py:900: in __connect
    with util.safe_reraise():
         ^^^^^^^^^^^^^^^^^^^
venv/lib64/python3.12/site-packages/sqlalchemy/util/langhelpers.py:122: in __exit__
    raise exc_value.with_traceback(exc_tb)
venv/lib64/python3.12/site-packages/sqlalchemy/pool/base.py:896: in __connect
    self.dbapi_connection = connection = pool._invoke_creator(self)
                                         ^^^^^^^^^^^^^^^^^^^^^^^^^^
venv/lib64/python3.12/site-packages/sqlalchemy/engine/create.py:667: in connect
    return dialect.connect(*cargs_tup, **cparams)
           ^^^^^^^^^^^^^^^^^^^^^^^^^^^^^^^^^^^^^^
_ _ _ _ _ _ _ _ _ _ _ _ _ _ _ _ _ _ _ _ _ _ _ _ _ _ _ _ _ _ _ _ _ _ _ _ _ _ _ _ 

self = <sqlalchemy.dialects.sqlite.pysqlite.SQLiteDialect_pysqlite object at 0x7e5846e630>
cargs = ('/root/Development/ExperimentsCloud/database/experiments.db',)
cparams = {'check_same_thread': False}

    def connect(self, *cargs: Any, **cparams: Any) -> DBAPIConnection:
        # inherits the docstring from interfaces.Dialect.connect
>       return self.loaded_dbapi.connect(*cargs, **cparams)  # type: ignore[no-any-return]  # NOQA: E501
               ^^^^^^^^^^^^^^^^^^^^^^^^^^^^^^^^^^^^^^^^^^^^
E       sqlite3.OperationalError: unable to open database file

venv/lib64/python3.12/site-packages/sqlalchemy/engine/default.py:630: OperationalError

The above exception was the direct cause of the following exception:

app = <Flask 'app'>

    @pytest.fixture(autouse=True)
    def database(app):
    
        print("\nDatabase URI:", app.config["SQLALCHEMY_DATABASE_URI"])
    
        with app.app_context():
    
>           db.drop_all()

tests/conftest.py:23: 
_ _ _ _ _ _ _ _ _ _ _ _ _ _ _ _ _ _ _ _ _ _ _ _ _ _ _ _ _ _ _ _ _ _ _ _ _ _ _ _ 
venv/lib64/python3.12/site-packages/flask_sqlalchemy/extension.py:917: in drop_all
    self._call_for_binds(bind_key, "drop_all")
venv/lib64/python3.12/site-packages/flask_sqlalchemy/extension.py:881: in _call_for_binds
    getattr(metadata, op_name)(bind=engine)
venv/lib64/python3.12/site-packages/sqlalchemy/sql/schema.py:5958: in drop_all
    bind._run_ddl_visitor(
venv/lib64/python3.12/site-packages/sqlalchemy/engine/base.py:3269: in _run_ddl_visitor
    with self.begin() as conn:
         ^^^^^^^^^^^^
/usr/lib64/python3.12/contextlib.py:137: in __enter__
    return next(self.gen)
           ^^^^^^^^^^^^^^
venv/lib64/python3.12/site-packages/sqlalchemy/engine/base.py:3259: in begin
    with self.connect() as conn:
         ^^^^^^^^^^^^^^
venv/lib64/python3.12/site-packages/sqlalchemy/engine/base.py:3295: in connect
    return self._connection_cls(self)
           ^^^^^^^^^^^^^^^^^^^^^^^^^^
venv/lib64/python3.12/site-packages/sqlalchemy/engine/base.py:146: in __init__
    Connection._handle_dbapi_exception_noconnection(
venv/lib64/python3.12/site-packages/sqlalchemy/engine/base.py:2450: in _handle_dbapi_exception_noconnection
    raise sqlalchemy_exception.with_traceback(exc_info[2]) from e
venv/lib64/python3.12/site-packages/sqlalchemy/engine/base.py:144: in __init__
    self._dbapi_connection = engine.raw_connection()
                             ^^^^^^^^^^^^^^^^^^^^^^^
venv/lib64/python3.12/site-packages/sqlalchemy/engine/base.py:3319: in raw_connection
    return self.pool.connect()
           ^^^^^^^^^^^^^^^^^^^
venv/lib64/python3.12/site-packages/sqlalchemy/pool/base.py:448: in connect
    return _ConnectionFairy._checkout(self)
           ^^^^^^^^^^^^^^^^^^^^^^^^^^^^^^^^
venv/lib64/python3.12/site-packages/sqlalchemy/pool/base.py:1272: in _checkout
    fairy = _ConnectionRecord.checkout(pool)
            ^^^^^^^^^^^^^^^^^^^^^^^^^^^^^^^^
venv/lib64/python3.12/site-packages/sqlalchemy/pool/base.py:712: in checkout
    rec = pool._do_get()
          ^^^^^^^^^^^^^^
venv/lib64/python3.12/site-packages/sqlalchemy/pool/impl.py:178: in _do_get
    with util.safe_reraise():
         ^^^^^^^^^^^^^^^^^^^
venv/lib64/python3.12/site-packages/sqlalchemy/util/langhelpers.py:122: in __exit__
    raise exc_value.with_traceback(exc_tb)
venv/lib64/python3.12/site-packages/sqlalchemy/pool/impl.py:176: in _do_get
    return self._create_connection()
           ^^^^^^^^^^^^^^^^^^^^^^^^^
venv/lib64/python3.12/site-packages/sqlalchemy/pool/base.py:389: in _create_connection
    return _ConnectionRecord(self)
           ^^^^^^^^^^^^^^^^^^^^^^^
venv/lib64/python3.12/site-packages/sqlalchemy/pool/base.py:674: in __init__
    self.__connect()
venv/lib64/python3.12/site-packages/sqlalchemy/pool/base.py:900: in __connect
    with util.safe_reraise():
         ^^^^^^^^^^^^^^^^^^^
venv/lib64/python3.12/site-packages/sqlalchemy/util/langhelpers.py:122: in __exit__
    raise exc_value.with_traceback(exc_tb)
venv/lib64/python3.12/site-packages/sqlalchemy/pool/base.py:896: in __connect
    self.dbapi_connection = connection = pool._invoke_creator(self)
                                         ^^^^^^^^^^^^^^^^^^^^^^^^^^
venv/lib64/python3.12/site-packages/sqlalchemy/engine/create.py:667: in connect
    return dialect.connect(*cargs_tup, **cparams)
           ^^^^^^^^^^^^^^^^^^^^^^^^^^^^^^^^^^^^^^
_ _ _ _ _ _ _ _ _ _ _ _ _ _ _ _ _ _ _ _ _ _ _ _ _ _ _ _ _ _ _ _ _ _ _ _ _ _ _ _ 

self = <sqlalchemy.dialects.sqlite.pysqlite.SQLiteDialect_pysqlite object at 0x7e5846e630>
cargs = ('/root/Development/ExperimentsCloud/database/experiments.db',)
cparams = {'check_same_thread': False}

    def connect(self, *cargs: Any, **cparams: Any) -> DBAPIConnection:
        # inherits the docstring from interfaces.Dialect.connect
>       return self.loaded_dbapi.connect(*cargs, **cparams)  # type: ignore[no-any-return]  # NOQA: E501
               ^^^^^^^^^^^^^^^^^^^^^^^^^^^^^^^^^^^^^^^^^^^^
E       sqlalchemy.exc.OperationalError: (sqlite3.OperationalError) unable to open database file
E       (Background on this error at: https://sqlalche.me/e/20/e3q8)

venv/lib64/python3.12/site-packages/sqlalchemy/engine/default.py:630: OperationalError
---------------------------- Captured stdout setup -----------------------------

Database URI: sqlite:///:memory:
_______________ ERROR at setup of test_register_duplicate_email ________________

self = <sqlalchemy.engine.base.Connection object at 0x7e58503bc0>
engine = Engine(sqlite:////root/Development/ExperimentsCloud/database/experiments.db)
connection = None, _has_events = None, _allow_revalidate = True
_allow_autobegin = True

    def __init__(
        self,
        engine: Engine,
        connection: Optional[PoolProxiedConnection] = None,
        _has_events: Optional[bool] = None,
        _allow_revalidate: bool = True,
        _allow_autobegin: bool = True,
    ):
        """Construct a new Connection."""
        self.engine = engine
        self.dialect = dialect = engine.dialect
    
        if connection is None:
            try:
>               self._dbapi_connection = engine.raw_connection()
                                         ^^^^^^^^^^^^^^^^^^^^^^^

venv/lib64/python3.12/site-packages/sqlalchemy/engine/base.py:144: 
_ _ _ _ _ _ _ _ _ _ _ _ _ _ _ _ _ _ _ _ _ _ _ _ _ _ _ _ _ _ _ _ _ _ _ _ _ _ _ _ 
venv/lib64/python3.12/site-packages/sqlalchemy/engine/base.py:3319: in raw_connection
    return self.pool.connect()
           ^^^^^^^^^^^^^^^^^^^
venv/lib64/python3.12/site-packages/sqlalchemy/pool/base.py:448: in connect
    return _ConnectionFairy._checkout(self)
           ^^^^^^^^^^^^^^^^^^^^^^^^^^^^^^^^
venv/lib64/python3.12/site-packages/sqlalchemy/pool/base.py:1272: in _checkout
    fairy = _ConnectionRecord.checkout(pool)
            ^^^^^^^^^^^^^^^^^^^^^^^^^^^^^^^^
venv/lib64/python3.12/site-packages/sqlalchemy/pool/base.py:712: in checkout
    rec = pool._do_get()
          ^^^^^^^^^^^^^^
venv/lib64/python3.12/site-packages/sqlalchemy/pool/impl.py:178: in _do_get
    with util.safe_reraise():
         ^^^^^^^^^^^^^^^^^^^
venv/lib64/python3.12/site-packages/sqlalchemy/util/langhelpers.py:122: in __exit__
    raise exc_value.with_traceback(exc_tb)
venv/lib64/python3.12/site-packages/sqlalchemy/pool/impl.py:176: in _do_get
    return self._create_connection()
           ^^^^^^^^^^^^^^^^^^^^^^^^^
venv/lib64/python3.12/site-packages/sqlalchemy/pool/base.py:389: in _create_connection
    return _ConnectionRecord(self)
           ^^^^^^^^^^^^^^^^^^^^^^^
venv/lib64/python3.12/site-packages/sqlalchemy/pool/base.py:674: in __init__
    self.__connect()
venv/lib64/python3.12/site-packages/sqlalchemy/pool/base.py:900: in __connect
    with util.safe_reraise():
         ^^^^^^^^^^^^^^^^^^^
venv/lib64/python3.12/site-packages/sqlalchemy/util/langhelpers.py:122: in __exit__
    raise exc_value.with_traceback(exc_tb)
venv/lib64/python3.12/site-packages/sqlalchemy/pool/base.py:896: in __connect
    self.dbapi_connection = connection = pool._invoke_creator(self)
                                         ^^^^^^^^^^^^^^^^^^^^^^^^^^
venv/lib64/python3.12/site-packages/sqlalchemy/engine/create.py:667: in connect
    return dialect.connect(*cargs_tup, **cparams)
           ^^^^^^^^^^^^^^^^^^^^^^^^^^^^^^^^^^^^^^
_ _ _ _ _ _ _ _ _ _ _ _ _ _ _ _ _ _ _ _ _ _ _ _ _ _ _ _ _ _ _ _ _ _ _ _ _ _ _ _ 

self = <sqlalchemy.dialects.sqlite.pysqlite.SQLiteDialect_pysqlite object at 0x7e5846e630>
cargs = ('/root/Development/ExperimentsCloud/database/experiments.db',)
cparams = {'check_same_thread': False}

    def connect(self, *cargs: Any, **cparams: Any) -> DBAPIConnection:
        # inherits the docstring from interfaces.Dialect.connect
>       return self.loaded_dbapi.connect(*cargs, **cparams)  # type: ignore[no-any-return]  # NOQA: E501
               ^^^^^^^^^^^^^^^^^^^^^^^^^^^^^^^^^^^^^^^^^^^^
E       sqlite3.OperationalError: unable to open database file

venv/lib64/python3.12/site-packages/sqlalchemy/engine/default.py:630: OperationalError

The above exception was the direct cause of the following exception:

app = <Flask 'app'>

    @pytest.fixture(autouse=True)
    def database(app):
    
        print("\nDatabase URI:", app.config["SQLALCHEMY_DATABASE_URI"])
    
        with app.app_context():
    
>           db.drop_all()

tests/conftest.py:23: 
_ _ _ _ _ _ _ _ _ _ _ _ _ _ _ _ _ _ _ _ _ _ _ _ _ _ _ _ _ _ _ _ _ _ _ _ _ _ _ _ 
venv/lib64/python3.12/site-packages/flask_sqlalchemy/extension.py:917: in drop_all
    self._call_for_binds(bind_key, "drop_all")
venv/lib64/python3.12/site-packages/flask_sqlalchemy/extension.py:881: in _call_for_binds
    getattr(metadata, op_name)(bind=engine)
venv/lib64/python3.12/site-packages/sqlalchemy/sql/schema.py:5958: in drop_all
    bind._run_ddl_visitor(
venv/lib64/python3.12/site-packages/sqlalchemy/engine/base.py:3269: in _run_ddl_visitor
    with self.begin() as conn:
         ^^^^^^^^^^^^
/usr/lib64/python3.12/contextlib.py:137: in __enter__
    return next(self.gen)
           ^^^^^^^^^^^^^^
venv/lib64/python3.12/site-packages/sqlalchemy/engine/base.py:3259: in begin
    with self.connect() as conn:
         ^^^^^^^^^^^^^^
venv/lib64/python3.12/site-packages/sqlalchemy/engine/base.py:3295: in connect
    return self._connection_cls(self)
           ^^^^^^^^^^^^^^^^^^^^^^^^^^
venv/lib64/python3.12/site-packages/sqlalchemy/engine/base.py:146: in __init__
    Connection._handle_dbapi_exception_noconnection(
venv/lib64/python3.12/site-packages/sqlalchemy/engine/base.py:2450: in _handle_dbapi_exception_noconnection
    raise sqlalchemy_exception.with_traceback(exc_info[2]) from e
venv/lib64/python3.12/site-packages/sqlalchemy/engine/base.py:144: in __init__
    self._dbapi_connection = engine.raw_connection()
                             ^^^^^^^^^^^^^^^^^^^^^^^
venv/lib64/python3.12/site-packages/sqlalchemy/engine/base.py:3319: in raw_connection
    return self.pool.connect()
           ^^^^^^^^^^^^^^^^^^^
venv/lib64/python3.12/site-packages/sqlalchemy/pool/base.py:448: in connect
    return _ConnectionFairy._checkout(self)
           ^^^^^^^^^^^^^^^^^^^^^^^^^^^^^^^^
venv/lib64/python3.12/site-packages/sqlalchemy/pool/base.py:1272: in _checkout
    fairy = _ConnectionRecord.checkout(pool)
            ^^^^^^^^^^^^^^^^^^^^^^^^^^^^^^^^
venv/lib64/python3.12/site-packages/sqlalchemy/pool/base.py:712: in checkout
    rec = pool._do_get()
          ^^^^^^^^^^^^^^
venv/lib64/python3.12/site-packages/sqlalchemy/pool/impl.py:178: in _do_get
    with util.safe_reraise():
         ^^^^^^^^^^^^^^^^^^^
venv/lib64/python3.12/site-packages/sqlalchemy/util/langhelpers.py:122: in __exit__
    raise exc_value.with_traceback(exc_tb)
venv/lib64/python3.12/site-packages/sqlalchemy/pool/impl.py:176: in _do_get
    return self._create_connection()
           ^^^^^^^^^^^^^^^^^^^^^^^^^
venv/lib64/python3.12/site-packages/sqlalchemy/pool/base.py:389: in _create_connection
    return _ConnectionRecord(self)
           ^^^^^^^^^^^^^^^^^^^^^^^
venv/lib64/python3.12/site-packages/sqlalchemy/pool/base.py:674: in __init__
    self.__connect()
venv/lib64/python3.12/site-packages/sqlalchemy/pool/base.py:900: in __connect
    with util.safe_reraise():
         ^^^^^^^^^^^^^^^^^^^
venv/lib64/python3.12/site-packages/sqlalchemy/util/langhelpers.py:122: in __exit__
    raise exc_value.with_traceback(exc_tb)
venv/lib64/python3.12/site-packages/sqlalchemy/pool/base.py:896: in __connect
    self.dbapi_connection = connection = pool._invoke_creator(self)
                                         ^^^^^^^^^^^^^^^^^^^^^^^^^^
venv/lib64/python3.12/site-packages/sqlalchemy/engine/create.py:667: in connect
    return dialect.connect(*cargs_tup, **cparams)
           ^^^^^^^^^^^^^^^^^^^^^^^^^^^^^^^^^^^^^^
_ _ _ _ _ _ _ _ _ _ _ _ _ _ _ _ _ _ _ _ _ _ _ _ _ _ _ _ _ _ _ _ _ _ _ _ _ _ _ _ 

self = <sqlalchemy.dialects.sqlite.pysqlite.SQLiteDialect_pysqlite object at 0x7e5846e630>
cargs = ('/root/Development/ExperimentsCloud/database/experiments.db',)
cparams = {'check_same_thread': False}

    def connect(self, *cargs: Any, **cparams: Any) -> DBAPIConnection:
        # inherits the docstring from interfaces.Dialect.connect
>       return self.loaded_dbapi.connect(*cargs, **cparams)  # type: ignore[no-any-return]  # NOQA: E501
               ^^^^^^^^^^^^^^^^^^^^^^^^^^^^^^^^^^^^^^^^^^^^
E       sqlalchemy.exc.OperationalError: (sqlite3.OperationalError) unable to open database file
E       (Background on this error at: https://sqlalche.me/e/20/e3q8)

venv/lib64/python3.12/site-packages/sqlalchemy/engine/default.py:630: OperationalError
---------------------------- Captured stdout setup -----------------------------

Database URI: sqlite:///:memory:
_____________________ ERROR at setup of test_register_page _____________________

self = <sqlalchemy.engine.base.Connection object at 0x7e582454f0>
engine = Engine(sqlite:////root/Development/ExperimentsCloud/database/experiments.db)
connection = None, _has_events = None, _allow_revalidate = True
_allow_autobegin = True

    def __init__(
        self,
        engine: Engine,
        connection: Optional[PoolProxiedConnection] = None,
        _has_events: Optional[bool] = None,
        _allow_revalidate: bool = True,
        _allow_autobegin: bool = True,
    ):
        """Construct a new Connection."""
        self.engine = engine
        self.dialect = dialect = engine.dialect
    
        if connection is None:
            try:
>               self._dbapi_connection = engine.raw_connection()
                                         ^^^^^^^^^^^^^^^^^^^^^^^

venv/lib64/python3.12/site-packages/sqlalchemy/engine/base.py:144: 
_ _ _ _ _ _ _ _ _ _ _ _ _ _ _ _ _ _ _ _ _ _ _ _ _ _ _ _ _ _ _ _ _ _ _ _ _ _ _ _ 
venv/lib64/python3.12/site-packages/sqlalchemy/engine/base.py:3319: in raw_connection
    return self.pool.connect()
           ^^^^^^^^^^^^^^^^^^^
venv/lib64/python3.12/site-packages/sqlalchemy/pool/base.py:448: in connect
    return _ConnectionFairy._checkout(self)
           ^^^^^^^^^^^^^^^^^^^^^^^^^^^^^^^^
venv/lib64/python3.12/site-packages/sqlalchemy/pool/base.py:1272: in _checkout
    fairy = _ConnectionRecord.checkout(pool)
            ^^^^^^^^^^^^^^^^^^^^^^^^^^^^^^^^
venv/lib64/python3.12/site-packages/sqlalchemy/pool/base.py:712: in checkout
    rec = pool._do_get()
          ^^^^^^^^^^^^^^
venv/lib64/python3.12/site-packages/sqlalchemy/pool/impl.py:178: in _do_get
    with util.safe_reraise():
         ^^^^^^^^^^^^^^^^^^^
venv/lib64/python3.12/site-packages/sqlalchemy/util/langhelpers.py:122: in __exit__
    raise exc_value.with_traceback(exc_tb)
venv/lib64/python3.12/site-packages/sqlalchemy/pool/impl.py:176: in _do_get
    return self._create_connection()
           ^^^^^^^^^^^^^^^^^^^^^^^^^
venv/lib64/python3.12/site-packages/sqlalchemy/pool/base.py:389: in _create_connection
    return _ConnectionRecord(self)
           ^^^^^^^^^^^^^^^^^^^^^^^
venv/lib64/python3.12/site-packages/sqlalchemy/pool/base.py:674: in __init__
    self.__connect()
venv/lib64/python3.12/site-packages/sqlalchemy/pool/base.py:900: in __connect
    with util.safe_reraise():
         ^^^^^^^^^^^^^^^^^^^
venv/lib64/python3.12/site-packages/sqlalchemy/util/langhelpers.py:122: in __exit__
    raise exc_value.with_traceback(exc_tb)
venv/lib64/python3.12/site-packages/sqlalchemy/pool/base.py:896: in __connect
    self.dbapi_connection = connection = pool._invoke_creator(self)
                                         ^^^^^^^^^^^^^^^^^^^^^^^^^^
venv/lib64/python3.12/site-packages/sqlalchemy/engine/create.py:667: in connect
    return dialect.connect(*cargs_tup, **cparams)
           ^^^^^^^^^^^^^^^^^^^^^^^^^^^^^^^^^^^^^^
_ _ _ _ _ _ _ _ _ _ _ _ _ _ _ _ _ _ _ _ _ _ _ _ _ _ _ _ _ _ _ _ _ _ _ _ _ _ _ _ 

self = <sqlalchemy.dialects.sqlite.pysqlite.SQLiteDialect_pysqlite object at 0x7e5846e630>
cargs = ('/root/Development/ExperimentsCloud/database/experiments.db',)
cparams = {'check_same_thread': False}

    def connect(self, *cargs: Any, **cparams: Any) -> DBAPIConnection:
        # inherits the docstring from interfaces.Dialect.connect
>       return self.loaded_dbapi.connect(*cargs, **cparams)  # type: ignore[no-any-return]  # NOQA: E501
               ^^^^^^^^^^^^^^^^^^^^^^^^^^^^^^^^^^^^^^^^^^^^
E       sqlite3.OperationalError: unable to open database file

venv/lib64/python3.12/site-packages/sqlalchemy/engine/default.py:630: OperationalError

The above exception was the direct cause of the following exception:

app = <Flask 'app'>

    @pytest.fixture(autouse=True)
    def database(app):
    
        print("\nDatabase URI:", app.config["SQLALCHEMY_DATABASE_URI"])
    
        with app.app_context():
    
>           db.drop_all()

tests/conftest.py:23: 
_ _ _ _ _ _ _ _ _ _ _ _ _ _ _ _ _ _ _ _ _ _ _ _ _ _ _ _ _ _ _ _ _ _ _ _ _ _ _ _ 
venv/lib64/python3.12/site-packages/flask_sqlalchemy/extension.py:917: in drop_all
    self._call_for_binds(bind_key, "drop_all")
venv/lib64/python3.12/site-packages/flask_sqlalchemy/extension.py:881: in _call_for_binds
    getattr(metadata, op_name)(bind=engine)
venv/lib64/python3.12/site-packages/sqlalchemy/sql/schema.py:5958: in drop_all
    bind._run_ddl_visitor(
venv/lib64/python3.12/site-packages/sqlalchemy/engine/base.py:3269: in _run_ddl_visitor
    with self.begin() as conn:
         ^^^^^^^^^^^^
/usr/lib64/python3.12/contextlib.py:137: in __enter__
    return next(self.gen)
           ^^^^^^^^^^^^^^
venv/lib64/python3.12/site-packages/sqlalchemy/engine/base.py:3259: in begin
    with self.connect() as conn:
         ^^^^^^^^^^^^^^
venv/lib64/python3.12/site-packages/sqlalchemy/engine/base.py:3295: in connect
    return self._connection_cls(self)
           ^^^^^^^^^^^^^^^^^^^^^^^^^^
venv/lib64/python3.12/site-packages/sqlalchemy/engine/base.py:146: in __init__
    Connection._handle_dbapi_exception_noconnection(
venv/lib64/python3.12/site-packages/sqlalchemy/engine/base.py:2450: in _handle_dbapi_exception_noconnection
    raise sqlalchemy_exception.with_traceback(exc_info[2]) from e
venv/lib64/python3.12/site-packages/sqlalchemy/engine/base.py:144: in __init__
    self._dbapi_connection = engine.raw_connection()
                             ^^^^^^^^^^^^^^^^^^^^^^^
venv/lib64/python3.12/site-packages/sqlalchemy/engine/base.py:3319: in raw_connection
    return self.pool.connect()
           ^^^^^^^^^^^^^^^^^^^
venv/lib64/python3.12/site-packages/sqlalchemy/pool/base.py:448: in connect
    return _ConnectionFairy._checkout(self)
           ^^^^^^^^^^^^^^^^^^^^^^^^^^^^^^^^
venv/lib64/python3.12/site-packages/sqlalchemy/pool/base.py:1272: in _checkout
    fairy = _ConnectionRecord.checkout(pool)
            ^^^^^^^^^^^^^^^^^^^^^^^^^^^^^^^^
venv/lib64/python3.12/site-packages/sqlalchemy/pool/base.py:712: in checkout
    rec = pool._do_get()
          ^^^^^^^^^^^^^^
venv/lib64/python3.12/site-packages/sqlalchemy/pool/impl.py:178: in _do_get
    with util.safe_reraise():
         ^^^^^^^^^^^^^^^^^^^
venv/lib64/python3.12/site-packages/sqlalchemy/util/langhelpers.py:122: in __exit__
    raise exc_value.with_traceback(exc_tb)
venv/lib64/python3.12/site-packages/sqlalchemy/pool/impl.py:176: in _do_get
    return self._create_connection()
           ^^^^^^^^^^^^^^^^^^^^^^^^^
venv/lib64/python3.12/site-packages/sqlalchemy/pool/base.py:389: in _create_connection
    return _ConnectionRecord(self)
           ^^^^^^^^^^^^^^^^^^^^^^^
venv/lib64/python3.12/site-packages/sqlalchemy/pool/base.py:674: in __init__
    self.__connect()
venv/lib64/python3.12/site-packages/sqlalchemy/pool/base.py:900: in __connect
    with util.safe_reraise():
         ^^^^^^^^^^^^^^^^^^^
venv/lib64/python3.12/site-packages/sqlalchemy/util/langhelpers.py:122: in __exit__
    raise exc_value.with_traceback(exc_tb)
venv/lib64/python3.12/site-packages/sqlalchemy/pool/base.py:896: in __connect
    self.dbapi_connection = connection = pool._invoke_creator(self)
                                         ^^^^^^^^^^^^^^^^^^^^^^^^^^
venv/lib64/python3.12/site-packages/sqlalchemy/engine/create.py:667: in connect
    return dialect.connect(*cargs_tup, **cparams)
           ^^^^^^^^^^^^^^^^^^^^^^^^^^^^^^^^^^^^^^
_ _ _ _ _ _ _ _ _ _ _ _ _ _ _ _ _ _ _ _ _ _ _ _ _ _ _ _ _ _ _ _ _ _ _ _ _ _ _ _ 

self = <sqlalchemy.dialects.sqlite.pysqlite.SQLiteDialect_pysqlite object at 0x7e5846e630>
cargs = ('/root/Development/ExperimentsCloud/database/experiments.db',)
cparams = {'check_same_thread': False}

    def connect(self, *cargs: Any, **cparams: Any) -> DBAPIConnection:
        # inherits the docstring from interfaces.Dialect.connect
>       return self.loaded_dbapi.connect(*cargs, **cparams)  # type: ignore[no-any-return]  # NOQA: E501
               ^^^^^^^^^^^^^^^^^^^^^^^^^^^^^^^^^^^^^^^^^^^^
E       sqlalchemy.exc.OperationalError: (sqlite3.OperationalError) unable to open database file
E       (Background on this error at: https://sqlalche.me/e/20/e3q8)

venv/lib64/python3.12/site-packages/sqlalchemy/engine/default.py:630: OperationalError
---------------------------- Captured stdout setup -----------------------------

Database URI: sqlite:///:memory:
______________________ ERROR at setup of test_login_page _______________________

self = <sqlalchemy.engine.base.Connection object at 0x7e582467e0>
engine = Engine(sqlite:////root/Development/ExperimentsCloud/database/experiments.db)
connection = None, _has_events = None, _allow_revalidate = True
_allow_autobegin = True

    def __init__(
        self,
        engine: Engine,
        connection: Optional[PoolProxiedConnection] = None,
        _has_events: Optional[bool] = None,
        _allow_revalidate: bool = True,
        _allow_autobegin: bool = True,
    ):
        """Construct a new Connection."""
        self.engine = engine
        self.dialect = dialect = engine.dialect
    
        if connection is None:
            try:
>               self._dbapi_connection = engine.raw_connection()
                                         ^^^^^^^^^^^^^^^^^^^^^^^

venv/lib64/python3.12/site-packages/sqlalchemy/engine/base.py:144: 
_ _ _ _ _ _ _ _ _ _ _ _ _ _ _ _ _ _ _ _ _ _ _ _ _ _ _ _ _ _ _ _ _ _ _ _ _ _ _ _ 
venv/lib64/python3.12/site-packages/sqlalchemy/engine/base.py:3319: in raw_connection
    return self.pool.connect()
           ^^^^^^^^^^^^^^^^^^^
venv/lib64/python3.12/site-packages/sqlalchemy/pool/base.py:448: in connect
    return _ConnectionFairy._checkout(self)
           ^^^^^^^^^^^^^^^^^^^^^^^^^^^^^^^^
venv/lib64/python3.12/site-packages/sqlalchemy/pool/base.py:1272: in _checkout
    fairy = _ConnectionRecord.checkout(pool)
            ^^^^^^^^^^^^^^^^^^^^^^^^^^^^^^^^
venv/lib64/python3.12/site-packages/sqlalchemy/pool/base.py:712: in checkout
    rec = pool._do_get()
          ^^^^^^^^^^^^^^
venv/lib64/python3.12/site-packages/sqlalchemy/pool/impl.py:178: in _do_get
    with util.safe_reraise():
         ^^^^^^^^^^^^^^^^^^^
venv/lib64/python3.12/site-packages/sqlalchemy/util/langhelpers.py:122: in __exit__
    raise exc_value.with_traceback(exc_tb)
venv/lib64/python3.12/site-packages/sqlalchemy/pool/impl.py:176: in _do_get
    return self._create_connection()
           ^^^^^^^^^^^^^^^^^^^^^^^^^
venv/lib64/python3.12/site-packages/sqlalchemy/pool/base.py:389: in _create_connection
    return _ConnectionRecord(self)
           ^^^^^^^^^^^^^^^^^^^^^^^
venv/lib64/python3.12/site-packages/sqlalchemy/pool/base.py:674: in __init__
    self.__connect()
venv/lib64/python3.12/site-packages/sqlalchemy/pool/base.py:900: in __connect
    with util.safe_reraise():
         ^^^^^^^^^^^^^^^^^^^
venv/lib64/python3.12/site-packages/sqlalchemy/util/langhelpers.py:122: in __exit__
    raise exc_value.with_traceback(exc_tb)
venv/lib64/python3.12/site-packages/sqlalchemy/pool/base.py:896: in __connect
    self.dbapi_connection = connection = pool._invoke_creator(self)
                                         ^^^^^^^^^^^^^^^^^^^^^^^^^^
venv/lib64/python3.12/site-packages/sqlalchemy/engine/create.py:667: in connect
    return dialect.connect(*cargs_tup, **cparams)
           ^^^^^^^^^^^^^^^^^^^^^^^^^^^^^^^^^^^^^^
_ _ _ _ _ _ _ _ _ _ _ _ _ _ _ _ _ _ _ _ _ _ _ _ _ _ _ _ _ _ _ _ _ _ _ _ _ _ _ _ 

self = <sqlalchemy.dialects.sqlite.pysqlite.SQLiteDialect_pysqlite object at 0x7e5846e630>
cargs = ('/root/Development/ExperimentsCloud/database/experiments.db',)
cparams = {'check_same_thread': False}

    def connect(self, *cargs: Any, **cparams: Any) -> DBAPIConnection:
        # inherits the docstring from interfaces.Dialect.connect
>       return self.loaded_dbapi.connect(*cargs, **cparams)  # type: ignore[no-any-return]  # NOQA: E501
               ^^^^^^^^^^^^^^^^^^^^^^^^^^^^^^^^^^^^^^^^^^^^
E       sqlite3.OperationalError: unable to open database file

venv/lib64/python3.12/site-packages/sqlalchemy/engine/default.py:630: OperationalError

The above exception was the direct cause of the following exception:

app = <Flask 'app'>

    @pytest.fixture(autouse=True)
    def database(app):
    
        print("\nDatabase URI:", app.config["SQLALCHEMY_DATABASE_URI"])
    
        with app.app_context():
    
>           db.drop_all()

tests/conftest.py:23: 
_ _ _ _ _ _ _ _ _ _ _ _ _ _ _ _ _ _ _ _ _ _ _ _ _ _ _ _ _ _ _ _ _ _ _ _ _ _ _ _ 
venv/lib64/python3.12/site-packages/flask_sqlalchemy/extension.py:917: in drop_all
    self._call_for_binds(bind_key, "drop_all")
venv/lib64/python3.12/site-packages/flask_sqlalchemy/extension.py:881: in _call_for_binds
    getattr(metadata, op_name)(bind=engine)
venv/lib64/python3.12/site-packages/sqlalchemy/sql/schema.py:5958: in drop_all
    bind._run_ddl_visitor(
venv/lib64/python3.12/site-packages/sqlalchemy/engine/base.py:3269: in _run_ddl_visitor
    with self.begin() as conn:
         ^^^^^^^^^^^^
/usr/lib64/python3.12/contextlib.py:137: in __enter__
    return next(self.gen)
           ^^^^^^^^^^^^^^
venv/lib64/python3.12/site-packages/sqlalchemy/engine/base.py:3259: in begin
    with self.connect() as conn:
         ^^^^^^^^^^^^^^
venv/lib64/python3.12/site-packages/sqlalchemy/engine/base.py:3295: in connect
    return self._connection_cls(self)
           ^^^^^^^^^^^^^^^^^^^^^^^^^^
venv/lib64/python3.12/site-packages/sqlalchemy/engine/base.py:146: in __init__
    Connection._handle_dbapi_exception_noconnection(
venv/lib64/python3.12/site-packages/sqlalchemy/engine/base.py:2450: in _handle_dbapi_exception_noconnection
    raise sqlalchemy_exception.with_traceback(exc_info[2]) from e
venv/lib64/python3.12/site-packages/sqlalchemy/engine/base.py:144: in __init__
    self._dbapi_connection = engine.raw_connection()
                             ^^^^^^^^^^^^^^^^^^^^^^^
venv/lib64/python3.12/site-packages/sqlalchemy/engine/base.py:3319: in raw_connection
    return self.pool.connect()
           ^^^^^^^^^^^^^^^^^^^
venv/lib64/python3.12/site-packages/sqlalchemy/pool/base.py:448: in connect
    return _ConnectionFairy._checkout(self)
           ^^^^^^^^^^^^^^^^^^^^^^^^^^^^^^^^
venv/lib64/python3.12/site-packages/sqlalchemy/pool/base.py:1272: in _checkout
    fairy = _ConnectionRecord.checkout(pool)
            ^^^^^^^^^^^^^^^^^^^^^^^^^^^^^^^^
venv/lib64/python3.12/site-packages/sqlalchemy/pool/base.py:712: in checkout
    rec = pool._do_get()
          ^^^^^^^^^^^^^^
venv/lib64/python3.12/site-packages/sqlalchemy/pool/impl.py:178: in _do_get
    with util.safe_reraise():
         ^^^^^^^^^^^^^^^^^^^
venv/lib64/python3.12/site-packages/sqlalchemy/util/langhelpers.py:122: in __exit__
    raise exc_value.with_traceback(exc_tb)
venv/lib64/python3.12/site-packages/sqlalchemy/pool/impl.py:176: in _do_get
    return self._create_connection()
           ^^^^^^^^^^^^^^^^^^^^^^^^^
venv/lib64/python3.12/site-packages/sqlalchemy/pool/base.py:389: in _create_connection
    return _ConnectionRecord(self)
           ^^^^^^^^^^^^^^^^^^^^^^^
venv/lib64/python3.12/site-packages/sqlalchemy/pool/base.py:674: in __init__
    self.__connect()
venv/lib64/python3.12/site-packages/sqlalchemy/pool/base.py:900: in __connect
    with util.safe_reraise():
         ^^^^^^^^^^^^^^^^^^^
venv/lib64/python3.12/site-packages/sqlalchemy/util/langhelpers.py:122: in __exit__
    raise exc_value.with_traceback(exc_tb)
venv/lib64/python3.12/site-packages/sqlalchemy/pool/base.py:896: in __connect
    self.dbapi_connection = connection = pool._invoke_creator(self)
                                         ^^^^^^^^^^^^^^^^^^^^^^^^^^
venv/lib64/python3.12/site-packages/sqlalchemy/engine/create.py:667: in connect
    return dialect.connect(*cargs_tup, **cparams)
           ^^^^^^^^^^^^^^^^^^^^^^^^^^^^^^^^^^^^^^
_ _ _ _ _ _ _ _ _ _ _ _ _ _ _ _ _ _ _ _ _ _ _ _ _ _ _ _ _ _ _ _ _ _ _ _ _ _ _ _ 

self = <sqlalchemy.dialects.sqlite.pysqlite.SQLiteDialect_pysqlite object at 0x7e5846e630>
cargs = ('/root/Development/ExperimentsCloud/database/experiments.db',)
cparams = {'check_same_thread': False}

    def connect(self, *cargs: Any, **cparams: Any) -> DBAPIConnection:
        # inherits the docstring from interfaces.Dialect.connect
>       return self.loaded_dbapi.connect(*cargs, **cparams)  # type: ignore[no-any-return]  # NOQA: E501
               ^^^^^^^^^^^^^^^^^^^^^^^^^^^^^^^^^^^^^^^^^^^^
E       sqlalchemy.exc.OperationalError: (sqlite3.OperationalError) unable to open database file
E       (Background on this error at: https://sqlalche.me/e/20/e3q8)

venv/lib64/python3.12/site-packages/sqlalchemy/engine/default.py:630: OperationalError
---------------------------- Captured stdout setup -----------------------------

Database URI: sqlite:///:memory:
_______________ ERROR at setup of test_dashboard_requires_login ________________

self = <sqlalchemy.engine.base.Connection object at 0x7e581c4b30>
engine = Engine(sqlite:////root/Development/ExperimentsCloud/database/experiments.db)
connection = None, _has_events = None, _allow_revalidate = True
_allow_autobegin = True

    def __init__(
        self,
        engine: Engine,
        connection: Optional[PoolProxiedConnection] = None,
        _has_events: Optional[bool] = None,
        _allow_revalidate: bool = True,
        _allow_autobegin: bool = True,
    ):
        """Construct a new Connection."""
        self.engine = engine
        self.dialect = dialect = engine.dialect
    
        if connection is None:
            try:
>               self._dbapi_connection = engine.raw_connection()
                                         ^^^^^^^^^^^^^^^^^^^^^^^

venv/lib64/python3.12/site-packages/sqlalchemy/engine/base.py:144: 
_ _ _ _ _ _ _ _ _ _ _ _ _ _ _ _ _ _ _ _ _ _ _ _ _ _ _ _ _ _ _ _ _ _ _ _ _ _ _ _ 
venv/lib64/python3.12/site-packages/sqlalchemy/engine/base.py:3319: in raw_connection
    return self.pool.connect()
           ^^^^^^^^^^^^^^^^^^^
venv/lib64/python3.12/site-packages/sqlalchemy/pool/base.py:448: in connect
    return _ConnectionFairy._checkout(self)
           ^^^^^^^^^^^^^^^^^^^^^^^^^^^^^^^^
venv/lib64/python3.12/site-packages/sqlalchemy/pool/base.py:1272: in _checkout
    fairy = _ConnectionRecord.checkout(pool)
            ^^^^^^^^^^^^^^^^^^^^^^^^^^^^^^^^
venv/lib64/python3.12/site-packages/sqlalchemy/pool/base.py:712: in checkout
    rec = pool._do_get()
          ^^^^^^^^^^^^^^
venv/lib64/python3.12/site-packages/sqlalchemy/pool/impl.py:178: in _do_get
    with util.safe_reraise():
         ^^^^^^^^^^^^^^^^^^^
venv/lib64/python3.12/site-packages/sqlalchemy/util/langhelpers.py:122: in __exit__
    raise exc_value.with_traceback(exc_tb)
venv/lib64/python3.12/site-packages/sqlalchemy/pool/impl.py:176: in _do_get
    return self._create_connection()
           ^^^^^^^^^^^^^^^^^^^^^^^^^
venv/lib64/python3.12/site-packages/sqlalchemy/pool/base.py:389: in _create_connection
    return _ConnectionRecord(self)
           ^^^^^^^^^^^^^^^^^^^^^^^
venv/lib64/python3.12/site-packages/sqlalchemy/pool/base.py:674: in __init__
    self.__connect()
venv/lib64/python3.12/site-packages/sqlalchemy/pool/base.py:900: in __connect
    with util.safe_reraise():
         ^^^^^^^^^^^^^^^^^^^
venv/lib64/python3.12/site-packages/sqlalchemy/util/langhelpers.py:122: in __exit__
    raise exc_value.with_traceback(exc_tb)
venv/lib64/python3.12/site-packages/sqlalchemy/pool/base.py:896: in __connect
    self.dbapi_connection = connection = pool._invoke_creator(self)
                                         ^^^^^^^^^^^^^^^^^^^^^^^^^^
venv/lib64/python3.12/site-packages/sqlalchemy/engine/create.py:667: in connect
    return dialect.connect(*cargs_tup, **cparams)
           ^^^^^^^^^^^^^^^^^^^^^^^^^^^^^^^^^^^^^^
_ _ _ _ _ _ _ _ _ _ _ _ _ _ _ _ _ _ _ _ _ _ _ _ _ _ _ _ _ _ _ _ _ _ _ _ _ _ _ _ 

self = <sqlalchemy.dialects.sqlite.pysqlite.SQLiteDialect_pysqlite object at 0x7e5846e630>
cargs = ('/root/Development/ExperimentsCloud/database/experiments.db',)
cparams = {'check_same_thread': False}

    def connect(self, *cargs: Any, **cparams: Any) -> DBAPIConnection:
        # inherits the docstring from interfaces.Dialect.connect
>       return self.loaded_dbapi.connect(*cargs, **cparams)  # type: ignore[no-any-return]  # NOQA: E501
               ^^^^^^^^^^^^^^^^^^^^^^^^^^^^^^^^^^^^^^^^^^^^
E       sqlite3.OperationalError: unable to open database file

venv/lib64/python3.12/site-packages/sqlalchemy/engine/default.py:630: OperationalError

The above exception was the direct cause of the following exception:

app = <Flask 'app'>

    @pytest.fixture(autouse=True)
    def database(app):
    
        print("\nDatabase URI:", app.config["SQLALCHEMY_DATABASE_URI"])
    
        with app.app_context():
    
>           db.drop_all()

tests/conftest.py:23: 
_ _ _ _ _ _ _ _ _ _ _ _ _ _ _ _ _ _ _ _ _ _ _ _ _ _ _ _ _ _ _ _ _ _ _ _ _ _ _ _ 
venv/lib64/python3.12/site-packages/flask_sqlalchemy/extension.py:917: in drop_all
    self._call_for_binds(bind_key, "drop_all")
venv/lib64/python3.12/site-packages/flask_sqlalchemy/extension.py:881: in _call_for_binds
    getattr(metadata, op_name)(bind=engine)
venv/lib64/python3.12/site-packages/sqlalchemy/sql/schema.py:5958: in drop_all
    bind._run_ddl_visitor(
venv/lib64/python3.12/site-packages/sqlalchemy/engine/base.py:3269: in _run_ddl_visitor
    with self.begin() as conn:
         ^^^^^^^^^^^^
/usr/lib64/python3.12/contextlib.py:137: in __enter__
    return next(self.gen)
           ^^^^^^^^^^^^^^
venv/lib64/python3.12/site-packages/sqlalchemy/engine/base.py:3259: in begin
    with self.connect() as conn:
         ^^^^^^^^^^^^^^
venv/lib64/python3.12/site-packages/sqlalchemy/engine/base.py:3295: in connect
    return self._connection_cls(self)
           ^^^^^^^^^^^^^^^^^^^^^^^^^^
venv/lib64/python3.12/site-packages/sqlalchemy/engine/base.py:146: in __init__
    Connection._handle_dbapi_exception_noconnection(
venv/lib64/python3.12/site-packages/sqlalchemy/engine/base.py:2450: in _handle_dbapi_exception_noconnection
    raise sqlalchemy_exception.with_traceback(exc_info[2]) from e
venv/lib64/python3.12/site-packages/sqlalchemy/engine/base.py:144: in __init__
    self._dbapi_connection = engine.raw_connection()
                             ^^^^^^^^^^^^^^^^^^^^^^^
venv/lib64/python3.12/site-packages/sqlalchemy/engine/base.py:3319: in raw_connection
    return self.pool.connect()
           ^^^^^^^^^^^^^^^^^^^
venv/lib64/python3.12/site-packages/sqlalchemy/pool/base.py:448: in connect
    return _ConnectionFairy._checkout(self)
           ^^^^^^^^^^^^^^^^^^^^^^^^^^^^^^^^
venv/lib64/python3.12/site-packages/sqlalchemy/pool/base.py:1272: in _checkout
    fairy = _ConnectionRecord.checkout(pool)
            ^^^^^^^^^^^^^^^^^^^^^^^^^^^^^^^^
venv/lib64/python3.12/site-packages/sqlalchemy/pool/base.py:712: in checkout
    rec = pool._do_get()
          ^^^^^^^^^^^^^^
venv/lib64/python3.12/site-packages/sqlalchemy/pool/impl.py:178: in _do_get
    with util.safe_reraise():
         ^^^^^^^^^^^^^^^^^^^
venv/lib64/python3.12/site-packages/sqlalchemy/util/langhelpers.py:122: in __exit__
    raise exc_value.with_traceback(exc_tb)
venv/lib64/python3.12/site-packages/sqlalchemy/pool/impl.py:176: in _do_get
    return self._create_connection()
           ^^^^^^^^^^^^^^^^^^^^^^^^^
venv/lib64/python3.12/site-packages/sqlalchemy/pool/base.py:389: in _create_connection
    return _ConnectionRecord(self)
           ^^^^^^^^^^^^^^^^^^^^^^^
venv/lib64/python3.12/site-packages/sqlalchemy/pool/base.py:674: in __init__
    self.__connect()
venv/lib64/python3.12/site-packages/sqlalchemy/pool/base.py:900: in __connect
    with util.safe_reraise():
         ^^^^^^^^^^^^^^^^^^^
venv/lib64/python3.12/site-packages/sqlalchemy/util/langhelpers.py:122: in __exit__
    raise exc_value.with_traceback(exc_tb)
venv/lib64/python3.12/site-packages/sqlalchemy/pool/base.py:896: in __connect
    self.dbapi_connection = connection = pool._invoke_creator(self)
                                         ^^^^^^^^^^^^^^^^^^^^^^^^^^
venv/lib64/python3.12/site-packages/sqlalchemy/engine/create.py:667: in connect
    return dialect.connect(*cargs_tup, **cparams)
           ^^^^^^^^^^^^^^^^^^^^^^^^^^^^^^^^^^^^^^
_ _ _ _ _ _ _ _ _ _ _ _ _ _ _ _ _ _ _ _ _ _ _ _ _ _ _ _ _ _ _ _ _ _ _ _ _ _ _ _ 

self = <sqlalchemy.dialects.sqlite.pysqlite.SQLiteDialect_pysqlite object at 0x7e5846e630>
cargs = ('/root/Development/ExperimentsCloud/database/experiments.db',)
cparams = {'check_same_thread': False}

    def connect(self, *cargs: Any, **cparams: Any) -> DBAPIConnection:
        # inherits the docstring from interfaces.Dialect.connect
>       return self.loaded_dbapi.connect(*cargs, **cparams)  # type: ignore[no-any-return]  # NOQA: E501
               ^^^^^^^^^^^^^^^^^^^^^^^^^^^^^^^^^^^^^^^^^^^^
E       sqlalchemy.exc.OperationalError: (sqlite3.OperationalError) unable to open database file
E       (Background on this error at: https://sqlalche.me/e/20/e3q8)

venv/lib64/python3.12/site-packages/sqlalchemy/engine/default.py:630: OperationalError
---------------------------- Captured stdout setup -----------------------------

Database URI: sqlite:///:memory:
_________________ ERROR at setup of test_logout_requires_login _________________

self = <sqlalchemy.engine.base.Connection object at 0x7e5820baa0>
engine = Engine(sqlite:////root/Development/ExperimentsCloud/database/experiments.db)
connection = None, _has_events = None, _allow_revalidate = True
_allow_autobegin = True

    def __init__(
        self,
        engine: Engine,
        connection: Optional[PoolProxiedConnection] = None,
        _has_events: Optional[bool] = None,
        _allow_revalidate: bool = True,
        _allow_autobegin: bool = True,
    ):
        """Construct a new Connection."""
        self.engine = engine
        self.dialect = dialect = engine.dialect
    
        if connection is None:
            try:
>               self._dbapi_connection = engine.raw_connection()
                                         ^^^^^^^^^^^^^^^^^^^^^^^

venv/lib64/python3.12/site-packages/sqlalchemy/engine/base.py:144: 
_ _ _ _ _ _ _ _ _ _ _ _ _ _ _ _ _ _ _ _ _ _ _ _ _ _ _ _ _ _ _ _ _ _ _ _ _ _ _ _ 
venv/lib64/python3.12/site-packages/sqlalchemy/engine/base.py:3319: in raw_connection
    return self.pool.connect()
           ^^^^^^^^^^^^^^^^^^^
venv/lib64/python3.12/site-packages/sqlalchemy/pool/base.py:448: in connect
    return _ConnectionFairy._checkout(self)
           ^^^^^^^^^^^^^^^^^^^^^^^^^^^^^^^^
venv/lib64/python3.12/site-packages/sqlalchemy/pool/base.py:1272: in _checkout
    fairy = _ConnectionRecord.checkout(pool)
            ^^^^^^^^^^^^^^^^^^^^^^^^^^^^^^^^
venv/lib64/python3.12/site-packages/sqlalchemy/pool/base.py:712: in checkout
    rec = pool._do_get()
          ^^^^^^^^^^^^^^
venv/lib64/python3.12/site-packages/sqlalchemy/pool/impl.py:178: in _do_get
    with util.safe_reraise():
         ^^^^^^^^^^^^^^^^^^^
venv/lib64/python3.12/site-packages/sqlalchemy/util/langhelpers.py:122: in __exit__
    raise exc_value.with_traceback(exc_tb)
venv/lib64/python3.12/site-packages/sqlalchemy/pool/impl.py:176: in _do_get
    return self._create_connection()
           ^^^^^^^^^^^^^^^^^^^^^^^^^
venv/lib64/python3.12/site-packages/sqlalchemy/pool/base.py:389: in _create_connection
    return _ConnectionRecord(self)
           ^^^^^^^^^^^^^^^^^^^^^^^
venv/lib64/python3.12/site-packages/sqlalchemy/pool/base.py:674: in __init__
    self.__connect()
venv/lib64/python3.12/site-packages/sqlalchemy/pool/base.py:900: in __connect
    with util.safe_reraise():
         ^^^^^^^^^^^^^^^^^^^
venv/lib64/python3.12/site-packages/sqlalchemy/util/langhelpers.py:122: in __exit__
    raise exc_value.with_traceback(exc_tb)
venv/lib64/python3.12/site-packages/sqlalchemy/pool/base.py:896: in __connect
    self.dbapi_connection = connection = pool._invoke_creator(self)
                                         ^^^^^^^^^^^^^^^^^^^^^^^^^^
venv/lib64/python3.12/site-packages/sqlalchemy/engine/create.py:667: in connect
    return dialect.connect(*cargs_tup, **cparams)
           ^^^^^^^^^^^^^^^^^^^^^^^^^^^^^^^^^^^^^^
_ _ _ _ _ _ _ _ _ _ _ _ _ _ _ _ _ _ _ _ _ _ _ _ _ _ _ _ _ _ _ _ _ _ _ _ _ _ _ _ 

self = <sqlalchemy.dialects.sqlite.pysqlite.SQLiteDialect_pysqlite object at 0x7e5846e630>
cargs = ('/root/Development/ExperimentsCloud/database/experiments.db',)
cparams = {'check_same_thread': False}

    def connect(self, *cargs: Any, **cparams: Any) -> DBAPIConnection:
        # inherits the docstring from interfaces.Dialect.connect
>       return self.loaded_dbapi.connect(*cargs, **cparams)  # type: ignore[no-any-return]  # NOQA: E501
               ^^^^^^^^^^^^^^^^^^^^^^^^^^^^^^^^^^^^^^^^^^^^
E       sqlite3.OperationalError: unable to open database file

venv/lib64/python3.12/site-packages/sqlalchemy/engine/default.py:630: OperationalError

The above exception was the direct cause of the following exception:

app = <Flask 'app'>

    @pytest.fixture(autouse=True)
    def database(app):
    
        print("\nDatabase URI:", app.config["SQLALCHEMY_DATABASE_URI"])
    
        with app.app_context():
    
>           db.drop_all()

tests/conftest.py:23: 
_ _ _ _ _ _ _ _ _ _ _ _ _ _ _ _ _ _ _ _ _ _ _ _ _ _ _ _ _ _ _ _ _ _ _ _ _ _ _ _ 
venv/lib64/python3.12/site-packages/flask_sqlalchemy/extension.py:917: in drop_all
    self._call_for_binds(bind_key, "drop_all")
venv/lib64/python3.12/site-packages/flask_sqlalchemy/extension.py:881: in _call_for_binds
    getattr(metadata, op_name)(bind=engine)
venv/lib64/python3.12/site-packages/sqlalchemy/sql/schema.py:5958: in drop_all
    bind._run_ddl_visitor(
venv/lib64/python3.12/site-packages/sqlalchemy/engine/base.py:3269: in _run_ddl_visitor
    with self.begin() as conn:
         ^^^^^^^^^^^^
/usr/lib64/python3.12/contextlib.py:137: in __enter__
    return next(self.gen)
           ^^^^^^^^^^^^^^
venv/lib64/python3.12/site-packages/sqlalchemy/engine/base.py:3259: in begin
    with self.connect() as conn:
         ^^^^^^^^^^^^^^
venv/lib64/python3.12/site-packages/sqlalchemy/engine/base.py:3295: in connect
    return self._connection_cls(self)
           ^^^^^^^^^^^^^^^^^^^^^^^^^^
venv/lib64/python3.12/site-packages/sqlalchemy/engine/base.py:146: in __init__
    Connection._handle_dbapi_exception_noconnection(
venv/lib64/python3.12/site-packages/sqlalchemy/engine/base.py:2450: in _handle_dbapi_exception_noconnection
    raise sqlalchemy_exception.with_traceback(exc_info[2]) from e
venv/lib64/python3.12/site-packages/sqlalchemy/engine/base.py:144: in __init__
    self._dbapi_connection = engine.raw_connection()
                             ^^^^^^^^^^^^^^^^^^^^^^^
venv/lib64/python3.12/site-packages/sqlalchemy/engine/base.py:3319: in raw_connection
    return self.pool.connect()
           ^^^^^^^^^^^^^^^^^^^
venv/lib64/python3.12/site-packages/sqlalchemy/pool/base.py:448: in connect
    return _ConnectionFairy._checkout(self)
           ^^^^^^^^^^^^^^^^^^^^^^^^^^^^^^^^
venv/lib64/python3.12/site-packages/sqlalchemy/pool/base.py:1272: in _checkout
    fairy = _ConnectionRecord.checkout(pool)
            ^^^^^^^^^^^^^^^^^^^^^^^^^^^^^^^^
venv/lib64/python3.12/site-packages/sqlalchemy/pool/base.py:712: in checkout
    rec = pool._do_get()
          ^^^^^^^^^^^^^^
venv/lib64/python3.12/site-packages/sqlalchemy/pool/impl.py:178: in _do_get
    with util.safe_reraise():
         ^^^^^^^^^^^^^^^^^^^
venv/lib64/python3.12/site-packages/sqlalchemy/util/langhelpers.py:122: in __exit__
    raise exc_value.with_traceback(exc_tb)
venv/lib64/python3.12/site-packages/sqlalchemy/pool/impl.py:176: in _do_get
    return self._create_connection()
           ^^^^^^^^^^^^^^^^^^^^^^^^^
venv/lib64/python3.12/site-packages/sqlalchemy/pool/base.py:389: in _create_connection
    return _ConnectionRecord(self)
           ^^^^^^^^^^^^^^^^^^^^^^^
venv/lib64/python3.12/site-packages/sqlalchemy/pool/base.py:674: in __init__
    self.__connect()
venv/lib64/python3.12/site-packages/sqlalchemy/pool/base.py:900: in __connect
    with util.safe_reraise():
         ^^^^^^^^^^^^^^^^^^^
venv/lib64/python3.12/site-packages/sqlalchemy/util/langhelpers.py:122: in __exit__
    raise exc_value.with_traceback(exc_tb)
venv/lib64/python3.12/site-packages/sqlalchemy/pool/base.py:896: in __connect
    self.dbapi_connection = connection = pool._invoke_creator(self)
                                         ^^^^^^^^^^^^^^^^^^^^^^^^^^
venv/lib64/python3.12/site-packages/sqlalchemy/engine/create.py:667: in connect
    return dialect.connect(*cargs_tup, **cparams)
           ^^^^^^^^^^^^^^^^^^^^^^^^^^^^^^^^^^^^^^
_ _ _ _ _ _ _ _ _ _ _ _ _ _ _ _ _ _ _ _ _ _ _ _ _ _ _ _ _ _ _ _ _ _ _ _ _ _ _ _ 

self = <sqlalchemy.dialects.sqlite.pysqlite.SQLiteDialect_pysqlite object at 0x7e5846e630>
cargs = ('/root/Development/ExperimentsCloud/database/experiments.db',)
cparams = {'check_same_thread': False}

    def connect(self, *cargs: Any, **cparams: Any) -> DBAPIConnection:
        # inherits the docstring from interfaces.Dialect.connect
>       return self.loaded_dbapi.connect(*cargs, **cparams)  # type: ignore[no-any-return]  # NOQA: E501
               ^^^^^^^^^^^^^^^^^^^^^^^^^^^^^^^^^^^^^^^^^^^^
E       sqlalchemy.exc.OperationalError: (sqlite3.OperationalError) unable to open database file
E       (Background on this error at: https://sqlalche.me/e/20/e3q8)

venv/lib64/python3.12/site-packages/sqlalchemy/engine/default.py:630: OperationalError
---------------------------- Captured stdout setup -----------------------------

Database URI: sqlite:///:memory:
_____________________ ERROR at setup of test_login_success _____________________

self = <sqlalchemy.engine.base.Connection object at 0x7e58209070>
engine = Engine(sqlite:////root/Development/ExperimentsCloud/database/experiments.db)
connection = None, _has_events = None, _allow_revalidate = True
_allow_autobegin = True

    def __init__(
        self,
        engine: Engine,
        connection: Optional[PoolProxiedConnection] = None,
        _has_events: Optional[bool] = None,
        _allow_revalidate: bool = True,
        _allow_autobegin: bool = True,
    ):
        """Construct a new Connection."""
        self.engine = engine
        self.dialect = dialect = engine.dialect
    
        if connection is None:
            try:
>               self._dbapi_connection = engine.raw_connection()
                                         ^^^^^^^^^^^^^^^^^^^^^^^

venv/lib64/python3.12/site-packages/sqlalchemy/engine/base.py:144: 
_ _ _ _ _ _ _ _ _ _ _ _ _ _ _ _ _ _ _ _ _ _ _ _ _ _ _ _ _ _ _ _ _ _ _ _ _ _ _ _ 
venv/lib64/python3.12/site-packages/sqlalchemy/engine/base.py:3319: in raw_connection
    return self.pool.connect()
           ^^^^^^^^^^^^^^^^^^^
venv/lib64/python3.12/site-packages/sqlalchemy/pool/base.py:448: in connect
    return _ConnectionFairy._checkout(self)
           ^^^^^^^^^^^^^^^^^^^^^^^^^^^^^^^^
venv/lib64/python3.12/site-packages/sqlalchemy/pool/base.py:1272: in _checkout
    fairy = _ConnectionRecord.checkout(pool)
            ^^^^^^^^^^^^^^^^^^^^^^^^^^^^^^^^
venv/lib64/python3.12/site-packages/sqlalchemy/pool/base.py:712: in checkout
    rec = pool._do_get()
          ^^^^^^^^^^^^^^
venv/lib64/python3.12/site-packages/sqlalchemy/pool/impl.py:178: in _do_get
    with util.safe_reraise():
         ^^^^^^^^^^^^^^^^^^^
venv/lib64/python3.12/site-packages/sqlalchemy/util/langhelpers.py:122: in __exit__
    raise exc_value.with_traceback(exc_tb)
venv/lib64/python3.12/site-packages/sqlalchemy/pool/impl.py:176: in _do_get
    return self._create_connection()
           ^^^^^^^^^^^^^^^^^^^^^^^^^
venv/lib64/python3.12/site-packages/sqlalchemy/pool/base.py:389: in _create_connection
    return _ConnectionRecord(self)
           ^^^^^^^^^^^^^^^^^^^^^^^
venv/lib64/python3.12/site-packages/sqlalchemy/pool/base.py:674: in __init__
    self.__connect()
venv/lib64/python3.12/site-packages/sqlalchemy/pool/base.py:900: in __connect
    with util.safe_reraise():
         ^^^^^^^^^^^^^^^^^^^
venv/lib64/python3.12/site-packages/sqlalchemy/util/langhelpers.py:122: in __exit__
    raise exc_value.with_traceback(exc_tb)
venv/lib64/python3.12/site-packages/sqlalchemy/pool/base.py:896: in __connect
    self.dbapi_connection = connection = pool._invoke_creator(self)
                                         ^^^^^^^^^^^^^^^^^^^^^^^^^^
venv/lib64/python3.12/site-packages/sqlalchemy/engine/create.py:667: in connect
    return dialect.connect(*cargs_tup, **cparams)
           ^^^^^^^^^^^^^^^^^^^^^^^^^^^^^^^^^^^^^^
_ _ _ _ _ _ _ _ _ _ _ _ _ _ _ _ _ _ _ _ _ _ _ _ _ _ _ _ _ _ _ _ _ _ _ _ _ _ _ _ 

self = <sqlalchemy.dialects.sqlite.pysqlite.SQLiteDialect_pysqlite object at 0x7e5846e630>
cargs = ('/root/Development/ExperimentsCloud/database/experiments.db',)
cparams = {'check_same_thread': False}

    def connect(self, *cargs: Any, **cparams: Any) -> DBAPIConnection:
        # inherits the docstring from interfaces.Dialect.connect
>       return self.loaded_dbapi.connect(*cargs, **cparams)  # type: ignore[no-any-return]  # NOQA: E501
               ^^^^^^^^^^^^^^^^^^^^^^^^^^^^^^^^^^^^^^^^^^^^
E       sqlite3.OperationalError: unable to open database file

venv/lib64/python3.12/site-packages/sqlalchemy/engine/default.py:630: OperationalError

The above exception was the direct cause of the following exception:

app = <Flask 'app'>

    @pytest.fixture(autouse=True)
    def database(app):
    
        print("\nDatabase URI:", app.config["SQLALCHEMY_DATABASE_URI"])
    
        with app.app_context():
    
>           db.drop_all()

tests/conftest.py:23: 
_ _ _ _ _ _ _ _ _ _ _ _ _ _ _ _ _ _ _ _ _ _ _ _ _ _ _ _ _ _ _ _ _ _ _ _ _ _ _ _ 
venv/lib64/python3.12/site-packages/flask_sqlalchemy/extension.py:917: in drop_all
    self._call_for_binds(bind_key, "drop_all")
venv/lib64/python3.12/site-packages/flask_sqlalchemy/extension.py:881: in _call_for_binds
    getattr(metadata, op_name)(bind=engine)
venv/lib64/python3.12/site-packages/sqlalchemy/sql/schema.py:5958: in drop_all
    bind._run_ddl_visitor(
venv/lib64/python3.12/site-packages/sqlalchemy/engine/base.py:3269: in _run_ddl_visitor
    with self.begin() as conn:
         ^^^^^^^^^^^^
/usr/lib64/python3.12/contextlib.py:137: in __enter__
    return next(self.gen)
           ^^^^^^^^^^^^^^
venv/lib64/python3.12/site-packages/sqlalchemy/engine/base.py:3259: in begin
    with self.connect() as conn:
         ^^^^^^^^^^^^^^
venv/lib64/python3.12/site-packages/sqlalchemy/engine/base.py:3295: in connect
    return self._connection_cls(self)
           ^^^^^^^^^^^^^^^^^^^^^^^^^^
venv/lib64/python3.12/site-packages/sqlalchemy/engine/base.py:146: in __init__
    Connection._handle_dbapi_exception_noconnection(
venv/lib64/python3.12/site-packages/sqlalchemy/engine/base.py:2450: in _handle_dbapi_exception_noconnection
    raise sqlalchemy_exception.with_traceback(exc_info[2]) from e
venv/lib64/python3.12/site-packages/sqlalchemy/engine/base.py:144: in __init__
    self._dbapi_connection = engine.raw_connection()
                             ^^^^^^^^^^^^^^^^^^^^^^^
venv/lib64/python3.12/site-packages/sqlalchemy/engine/base.py:3319: in raw_connection
    return self.pool.connect()
           ^^^^^^^^^^^^^^^^^^^
venv/lib64/python3.12/site-packages/sqlalchemy/pool/base.py:448: in connect
    return _ConnectionFairy._checkout(self)
           ^^^^^^^^^^^^^^^^^^^^^^^^^^^^^^^^
venv/lib64/python3.12/site-packages/sqlalchemy/pool/base.py:1272: in _checkout
    fairy = _ConnectionRecord.checkout(pool)
            ^^^^^^^^^^^^^^^^^^^^^^^^^^^^^^^^
venv/lib64/python3.12/site-packages/sqlalchemy/pool/base.py:712: in checkout
    rec = pool._do_get()
          ^^^^^^^^^^^^^^
venv/lib64/python3.12/site-packages/sqlalchemy/pool/impl.py:178: in _do_get
    with util.safe_reraise():
         ^^^^^^^^^^^^^^^^^^^
venv/lib64/python3.12/site-packages/sqlalchemy/util/langhelpers.py:122: in __exit__
    raise exc_value.with_traceback(exc_tb)
venv/lib64/python3.12/site-packages/sqlalchemy/pool/impl.py:176: in _do_get
    return self._create_connection()
           ^^^^^^^^^^^^^^^^^^^^^^^^^
venv/lib64/python3.12/site-packages/sqlalchemy/pool/base.py:389: in _create_connection
    return _ConnectionRecord(self)
           ^^^^^^^^^^^^^^^^^^^^^^^
venv/lib64/python3.12/site-packages/sqlalchemy/pool/base.py:674: in __init__
    self.__connect()
venv/lib64/python3.12/site-packages/sqlalchemy/pool/base.py:900: in __connect
    with util.safe_reraise():
         ^^^^^^^^^^^^^^^^^^^
venv/lib64/python3.12/site-packages/sqlalchemy/util/langhelpers.py:122: in __exit__
    raise exc_value.with_traceback(exc_tb)
venv/lib64/python3.12/site-packages/sqlalchemy/pool/base.py:896: in __connect
    self.dbapi_connection = connection = pool._invoke_creator(self)
                                         ^^^^^^^^^^^^^^^^^^^^^^^^^^
venv/lib64/python3.12/site-packages/sqlalchemy/engine/create.py:667: in connect
    return dialect.connect(*cargs_tup, **cparams)
           ^^^^^^^^^^^^^^^^^^^^^^^^^^^^^^^^^^^^^^
_ _ _ _ _ _ _ _ _ _ _ _ _ _ _ _ _ _ _ _ _ _ _ _ _ _ _ _ _ _ _ _ _ _ _ _ _ _ _ _ 

self = <sqlalchemy.dialects.sqlite.pysqlite.SQLiteDialect_pysqlite object at 0x7e5846e630>
cargs = ('/root/Development/ExperimentsCloud/database/experiments.db',)
cparams = {'check_same_thread': False}

    def connect(self, *cargs: Any, **cparams: Any) -> DBAPIConnection:
        # inherits the docstring from interfaces.Dialect.connect
>       return self.loaded_dbapi.connect(*cargs, **cparams)  # type: ignore[no-any-return]  # NOQA: E501
               ^^^^^^^^^^^^^^^^^^^^^^^^^^^^^^^^^^^^^^^^^^^^
E       sqlalchemy.exc.OperationalError: (sqlite3.OperationalError) unable to open database file
E       (Background on this error at: https://sqlalche.me/e/20/e3q8)

venv/lib64/python3.12/site-packages/sqlalchemy/engine/default.py:630: OperationalError
---------------------------- Captured stdout setup -----------------------------

Database URI: sqlite:///:memory:
________________ ERROR at setup of test_login_invalid_password _________________

self = <sqlalchemy.engine.base.Connection object at 0x7e582320c0>
engine = Engine(sqlite:////root/Development/ExperimentsCloud/database/experiments.db)
connection = None, _has_events = None, _allow_revalidate = True
_allow_autobegin = True

    def __init__(
        self,
        engine: Engine,
        connection: Optional[PoolProxiedConnection] = None,
        _has_events: Optional[bool] = None,
        _allow_revalidate: bool = True,
        _allow_autobegin: bool = True,
    ):
        """Construct a new Connection."""
        self.engine = engine
        self.dialect = dialect = engine.dialect
    
        if connection is None:
            try:
>               self._dbapi_connection = engine.raw_connection()
                                         ^^^^^^^^^^^^^^^^^^^^^^^

venv/lib64/python3.12/site-packages/sqlalchemy/engine/base.py:144: 
_ _ _ _ _ _ _ _ _ _ _ _ _ _ _ _ _ _ _ _ _ _ _ _ _ _ _ _ _ _ _ _ _ _ _ _ _ _ _ _ 
venv/lib64/python3.12/site-packages/sqlalchemy/engine/base.py:3319: in raw_connection
    return self.pool.connect()
           ^^^^^^^^^^^^^^^^^^^
venv/lib64/python3.12/site-packages/sqlalchemy/pool/base.py:448: in connect
    return _ConnectionFairy._checkout(self)
           ^^^^^^^^^^^^^^^^^^^^^^^^^^^^^^^^
venv/lib64/python3.12/site-packages/sqlalchemy/pool/base.py:1272: in _checkout
    fairy = _ConnectionRecord.checkout(pool)
            ^^^^^^^^^^^^^^^^^^^^^^^^^^^^^^^^
venv/lib64/python3.12/site-packages/sqlalchemy/pool/base.py:712: in checkout
    rec = pool._do_get()
          ^^^^^^^^^^^^^^
venv/lib64/python3.12/site-packages/sqlalchemy/pool/impl.py:178: in _do_get
    with util.safe_reraise():
         ^^^^^^^^^^^^^^^^^^^
venv/lib64/python3.12/site-packages/sqlalchemy/util/langhelpers.py:122: in __exit__
    raise exc_value.with_traceback(exc_tb)
venv/lib64/python3.12/site-packages/sqlalchemy/pool/impl.py:176: in _do_get
    return self._create_connection()
           ^^^^^^^^^^^^^^^^^^^^^^^^^
venv/lib64/python3.12/site-packages/sqlalchemy/pool/base.py:389: in _create_connection
    return _ConnectionRecord(self)
           ^^^^^^^^^^^^^^^^^^^^^^^
venv/lib64/python3.12/site-packages/sqlalchemy/pool/base.py:674: in __init__
    self.__connect()
venv/lib64/python3.12/site-packages/sqlalchemy/pool/base.py:900: in __connect
    with util.safe_reraise():
         ^^^^^^^^^^^^^^^^^^^
venv/lib64/python3.12/site-packages/sqlalchemy/util/langhelpers.py:122: in __exit__
    raise exc_value.with_traceback(exc_tb)
venv/lib64/python3.12/site-packages/sqlalchemy/pool/base.py:896: in __connect
    self.dbapi_connection = connection = pool._invoke_creator(self)
                                         ^^^^^^^^^^^^^^^^^^^^^^^^^^
venv/lib64/python3.12/site-packages/sqlalchemy/engine/create.py:667: in connect
    return dialect.connect(*cargs_tup, **cparams)
           ^^^^^^^^^^^^^^^^^^^^^^^^^^^^^^^^^^^^^^
_ _ _ _ _ _ _ _ _ _ _ _ _ _ _ _ _ _ _ _ _ _ _ _ _ _ _ _ _ _ _ _ _ _ _ _ _ _ _ _ 

self = <sqlalchemy.dialects.sqlite.pysqlite.SQLiteDialect_pysqlite object at 0x7e5846e630>
cargs = ('/root/Development/ExperimentsCloud/database/experiments.db',)
cparams = {'check_same_thread': False}

    def connect(self, *cargs: Any, **cparams: Any) -> DBAPIConnection:
        # inherits the docstring from interfaces.Dialect.connect
>       return self.loaded_dbapi.connect(*cargs, **cparams)  # type: ignore[no-any-return]  # NOQA: E501
               ^^^^^^^^^^^^^^^^^^^^^^^^^^^^^^^^^^^^^^^^^^^^
E       sqlite3.OperationalError: unable to open database file

venv/lib64/python3.12/site-packages/sqlalchemy/engine/default.py:630: OperationalError

The above exception was the direct cause of the following exception:

app = <Flask 'app'>

    @pytest.fixture(autouse=True)
    def database(app):
    
        print("\nDatabase URI:", app.config["SQLALCHEMY_DATABASE_URI"])
    
        with app.app_context():
    
>           db.drop_all()

tests/conftest.py:23: 
_ _ _ _ _ _ _ _ _ _ _ _ _ _ _ _ _ _ _ _ _ _ _ _ _ _ _ _ _ _ _ _ _ _ _ _ _ _ _ _ 
venv/lib64/python3.12/site-packages/flask_sqlalchemy/extension.py:917: in drop_all
    self._call_for_binds(bind_key, "drop_all")
venv/lib64/python3.12/site-packages/flask_sqlalchemy/extension.py:881: in _call_for_binds
    getattr(metadata, op_name)(bind=engine)
venv/lib64/python3.12/site-packages/sqlalchemy/sql/schema.py:5958: in drop_all
    bind._run_ddl_visitor(
venv/lib64/python3.12/site-packages/sqlalchemy/engine/base.py:3269: in _run_ddl_visitor
    with self.begin() as conn:
         ^^^^^^^^^^^^
/usr/lib64/python3.12/contextlib.py:137: in __enter__
    return next(self.gen)
           ^^^^^^^^^^^^^^
venv/lib64/python3.12/site-packages/sqlalchemy/engine/base.py:3259: in begin
    with self.connect() as conn:
         ^^^^^^^^^^^^^^
venv/lib64/python3.12/site-packages/sqlalchemy/engine/base.py:3295: in connect
    return self._connection_cls(self)
           ^^^^^^^^^^^^^^^^^^^^^^^^^^
venv/lib64/python3.12/site-packages/sqlalchemy/engine/base.py:146: in __init__
    Connection._handle_dbapi_exception_noconnection(
venv/lib64/python3.12/site-packages/sqlalchemy/engine/base.py:2450: in _handle_dbapi_exception_noconnection
    raise sqlalchemy_exception.with_traceback(exc_info[2]) from e
venv/lib64/python3.12/site-packages/sqlalchemy/engine/base.py:144: in __init__
    self._dbapi_connection = engine.raw_connection()
                             ^^^^^^^^^^^^^^^^^^^^^^^
venv/lib64/python3.12/site-packages/sqlalchemy/engine/base.py:3319: in raw_connection
    return self.pool.connect()
           ^^^^^^^^^^^^^^^^^^^
venv/lib64/python3.12/site-packages/sqlalchemy/pool/base.py:448: in connect
    return _ConnectionFairy._checkout(self)
           ^^^^^^^^^^^^^^^^^^^^^^^^^^^^^^^^
venv/lib64/python3.12/site-packages/sqlalchemy/pool/base.py:1272: in _checkout
    fairy = _ConnectionRecord.checkout(pool)
            ^^^^^^^^^^^^^^^^^^^^^^^^^^^^^^^^
venv/lib64/python3.12/site-packages/sqlalchemy/pool/base.py:712: in checkout
    rec = pool._do_get()
          ^^^^^^^^^^^^^^
venv/lib64/python3.12/site-packages/sqlalchemy/pool/impl.py:178: in _do_get
    with util.safe_reraise():
         ^^^^^^^^^^^^^^^^^^^
venv/lib64/python3.12/site-packages/sqlalchemy/util/langhelpers.py:122: in __exit__
    raise exc_value.with_traceback(exc_tb)
venv/lib64/python3.12/site-packages/sqlalchemy/pool/impl.py:176: in _do_get
    return self._create_connection()
           ^^^^^^^^^^^^^^^^^^^^^^^^^
venv/lib64/python3.12/site-packages/sqlalchemy/pool/base.py:389: in _create_connection
    return _ConnectionRecord(self)
           ^^^^^^^^^^^^^^^^^^^^^^^
venv/lib64/python3.12/site-packages/sqlalchemy/pool/base.py:674: in __init__
    self.__connect()
venv/lib64/python3.12/site-packages/sqlalchemy/pool/base.py:900: in __connect
    with util.safe_reraise():
         ^^^^^^^^^^^^^^^^^^^
venv/lib64/python3.12/site-packages/sqlalchemy/util/langhelpers.py:122: in __exit__
    raise exc_value.with_traceback(exc_tb)
venv/lib64/python3.12/site-packages/sqlalchemy/pool/base.py:896: in __connect
    self.dbapi_connection = connection = pool._invoke_creator(self)
                                         ^^^^^^^^^^^^^^^^^^^^^^^^^^
venv/lib64/python3.12/site-packages/sqlalchemy/engine/create.py:667: in connect
    return dialect.connect(*cargs_tup, **cparams)
           ^^^^^^^^^^^^^^^^^^^^^^^^^^^^^^^^^^^^^^
_ _ _ _ _ _ _ _ _ _ _ _ _ _ _ _ _ _ _ _ _ _ _ _ _ _ _ _ _ _ _ _ _ _ _ _ _ _ _ _ 

self = <sqlalchemy.dialects.sqlite.pysqlite.SQLiteDialect_pysqlite object at 0x7e5846e630>
cargs = ('/root/Development/ExperimentsCloud/database/experiments.db',)
cparams = {'check_same_thread': False}

    def connect(self, *cargs: Any, **cparams: Any) -> DBAPIConnection:
        # inherits the docstring from interfaces.Dialect.connect
>       return self.loaded_dbapi.connect(*cargs, **cparams)  # type: ignore[no-any-return]  # NOQA: E501
               ^^^^^^^^^^^^^^^^^^^^^^^^^^^^^^^^^^^^^^^^^^^^
E       sqlalchemy.exc.OperationalError: (sqlite3.OperationalError) unable to open database file
E       (Background on this error at: https://sqlalche.me/e/20/e3q8)

venv/lib64/python3.12/site-packages/sqlalchemy/engine/default.py:630: OperationalError
---------------------------- Captured stdout setup -----------------------------

Database URI: sqlite:///:memory:
__________________ ERROR at setup of test_login_unknown_email __________________

self = <sqlalchemy.engine.base.Connection object at 0x7e58232000>
engine = Engine(sqlite:////root/Development/ExperimentsCloud/database/experiments.db)
connection = None, _has_events = None, _allow_revalidate = True
_allow_autobegin = True

    def __init__(
        self,
        engine: Engine,
        connection: Optional[PoolProxiedConnection] = None,
        _has_events: Optional[bool] = None,
        _allow_revalidate: bool = True,
        _allow_autobegin: bool = True,
    ):
        """Construct a new Connection."""
        self.engine = engine
        self.dialect = dialect = engine.dialect
    
        if connection is None:
            try:
>               self._dbapi_connection = engine.raw_connection()
                                         ^^^^^^^^^^^^^^^^^^^^^^^

venv/lib64/python3.12/site-packages/sqlalchemy/engine/base.py:144: 
_ _ _ _ _ _ _ _ _ _ _ _ _ _ _ _ _ _ _ _ _ _ _ _ _ _ _ _ _ _ _ _ _ _ _ _ _ _ _ _ 
venv/lib64/python3.12/site-packages/sqlalchemy/engine/base.py:3319: in raw_connection
    return self.pool.connect()
           ^^^^^^^^^^^^^^^^^^^
venv/lib64/python3.12/site-packages/sqlalchemy/pool/base.py:448: in connect
    return _ConnectionFairy._checkout(self)
           ^^^^^^^^^^^^^^^^^^^^^^^^^^^^^^^^
venv/lib64/python3.12/site-packages/sqlalchemy/pool/base.py:1272: in _checkout
    fairy = _ConnectionRecord.checkout(pool)
            ^^^^^^^^^^^^^^^^^^^^^^^^^^^^^^^^
venv/lib64/python3.12/site-packages/sqlalchemy/pool/base.py:712: in checkout
    rec = pool._do_get()
          ^^^^^^^^^^^^^^
venv/lib64/python3.12/site-packages/sqlalchemy/pool/impl.py:178: in _do_get
    with util.safe_reraise():
         ^^^^^^^^^^^^^^^^^^^
venv/lib64/python3.12/site-packages/sqlalchemy/util/langhelpers.py:122: in __exit__
    raise exc_value.with_traceback(exc_tb)
venv/lib64/python3.12/site-packages/sqlalchemy/pool/impl.py:176: in _do_get
    return self._create_connection()
           ^^^^^^^^^^^^^^^^^^^^^^^^^
venv/lib64/python3.12/site-packages/sqlalchemy/pool/base.py:389: in _create_connection
    return _ConnectionRecord(self)
           ^^^^^^^^^^^^^^^^^^^^^^^
venv/lib64/python3.12/site-packages/sqlalchemy/pool/base.py:674: in __init__
    self.__connect()
venv/lib64/python3.12/site-packages/sqlalchemy/pool/base.py:900: in __connect
    with util.safe_reraise():
         ^^^^^^^^^^^^^^^^^^^
venv/lib64/python3.12/site-packages/sqlalchemy/util/langhelpers.py:122: in __exit__
    raise exc_value.with_traceback(exc_tb)
venv/lib64/python3.12/site-packages/sqlalchemy/pool/base.py:896: in __connect
    self.dbapi_connection = connection = pool._invoke_creator(self)
                                         ^^^^^^^^^^^^^^^^^^^^^^^^^^
venv/lib64/python3.12/site-packages/sqlalchemy/engine/create.py:667: in connect
    return dialect.connect(*cargs_tup, **cparams)
           ^^^^^^^^^^^^^^^^^^^^^^^^^^^^^^^^^^^^^^
_ _ _ _ _ _ _ _ _ _ _ _ _ _ _ _ _ _ _ _ _ _ _ _ _ _ _ _ _ _ _ _ _ _ _ _ _ _ _ _ 

self = <sqlalchemy.dialects.sqlite.pysqlite.SQLiteDialect_pysqlite object at 0x7e5846e630>
cargs = ('/root/Development/ExperimentsCloud/database/experiments.db',)
cparams = {'check_same_thread': False}

    def connect(self, *cargs: Any, **cparams: Any) -> DBAPIConnection:
        # inherits the docstring from interfaces.Dialect.connect
>       return self.loaded_dbapi.connect(*cargs, **cparams)  # type: ignore[no-any-return]  # NOQA: E501
               ^^^^^^^^^^^^^^^^^^^^^^^^^^^^^^^^^^^^^^^^^^^^
E       sqlite3.OperationalError: unable to open database file

venv/lib64/python3.12/site-packages/sqlalchemy/engine/default.py:630: OperationalError

The above exception was the direct cause of the following exception:

app = <Flask 'app'>

    @pytest.fixture(autouse=True)
    def database(app):
    
        print("\nDatabase URI:", app.config["SQLALCHEMY_DATABASE_URI"])
    
        with app.app_context():
    
>           db.drop_all()

tests/conftest.py:23: 
_ _ _ _ _ _ _ _ _ _ _ _ _ _ _ _ _ _ _ _ _ _ _ _ _ _ _ _ _ _ _ _ _ _ _ _ _ _ _ _ 
venv/lib64/python3.12/site-packages/flask_sqlalchemy/extension.py:917: in drop_all
    self._call_for_binds(bind_key, "drop_all")
venv/lib64/python3.12/site-packages/flask_sqlalchemy/extension.py:881: in _call_for_binds
    getattr(metadata, op_name)(bind=engine)
venv/lib64/python3.12/site-packages/sqlalchemy/sql/schema.py:5958: in drop_all
    bind._run_ddl_visitor(
venv/lib64/python3.12/site-packages/sqlalchemy/engine/base.py:3269: in _run_ddl_visitor
    with self.begin() as conn:
         ^^^^^^^^^^^^
/usr/lib64/python3.12/contextlib.py:137: in __enter__
    return next(self.gen)
           ^^^^^^^^^^^^^^
venv/lib64/python3.12/site-packages/sqlalchemy/engine/base.py:3259: in begin
    with self.connect() as conn:
         ^^^^^^^^^^^^^^
venv/lib64/python3.12/site-packages/sqlalchemy/engine/base.py:3295: in connect
    return self._connection_cls(self)
           ^^^^^^^^^^^^^^^^^^^^^^^^^^
venv/lib64/python3.12/site-packages/sqlalchemy/engine/base.py:146: in __init__
    Connection._handle_dbapi_exception_noconnection(
venv/lib64/python3.12/site-packages/sqlalchemy/engine/base.py:2450: in _handle_dbapi_exception_noconnection
    raise sqlalchemy_exception.with_traceback(exc_info[2]) from e
venv/lib64/python3.12/site-packages/sqlalchemy/engine/base.py:144: in __init__
    self._dbapi_connection = engine.raw_connection()
                             ^^^^^^^^^^^^^^^^^^^^^^^
venv/lib64/python3.12/site-packages/sqlalchemy/engine/base.py:3319: in raw_connection
    return self.pool.connect()
           ^^^^^^^^^^^^^^^^^^^
venv/lib64/python3.12/site-packages/sqlalchemy/pool/base.py:448: in connect
    return _ConnectionFairy._checkout(self)
           ^^^^^^^^^^^^^^^^^^^^^^^^^^^^^^^^
venv/lib64/python3.12/site-packages/sqlalchemy/pool/base.py:1272: in _checkout
    fairy = _ConnectionRecord.checkout(pool)
            ^^^^^^^^^^^^^^^^^^^^^^^^^^^^^^^^
venv/lib64/python3.12/site-packages/sqlalchemy/pool/base.py:712: in checkout
    rec = pool._do_get()
          ^^^^^^^^^^^^^^
venv/lib64/python3.12/site-packages/sqlalchemy/pool/impl.py:178: in _do_get
    with util.safe_reraise():
         ^^^^^^^^^^^^^^^^^^^
venv/lib64/python3.12/site-packages/sqlalchemy/util/langhelpers.py:122: in __exit__
    raise exc_value.with_traceback(exc_tb)
venv/lib64/python3.12/site-packages/sqlalchemy/pool/impl.py:176: in _do_get
    return self._create_connection()
           ^^^^^^^^^^^^^^^^^^^^^^^^^
venv/lib64/python3.12/site-packages/sqlalchemy/pool/base.py:389: in _create_connection
    return _ConnectionRecord(self)
           ^^^^^^^^^^^^^^^^^^^^^^^
venv/lib64/python3.12/site-packages/sqlalchemy/pool/base.py:674: in __init__
    self.__connect()
venv/lib64/python3.12/site-packages/sqlalchemy/pool/base.py:900: in __connect
    with util.safe_reraise():
         ^^^^^^^^^^^^^^^^^^^
venv/lib64/python3.12/site-packages/sqlalchemy/util/langhelpers.py:122: in __exit__
    raise exc_value.with_traceback(exc_tb)
venv/lib64/python3.12/site-packages/sqlalchemy/pool/base.py:896: in __connect
    self.dbapi_connection = connection = pool._invoke_creator(self)
                                         ^^^^^^^^^^^^^^^^^^^^^^^^^^
venv/lib64/python3.12/site-packages/sqlalchemy/engine/create.py:667: in connect
    return dialect.connect(*cargs_tup, **cparams)
           ^^^^^^^^^^^^^^^^^^^^^^^^^^^^^^^^^^^^^^
_ _ _ _ _ _ _ _ _ _ _ _ _ _ _ _ _ _ _ _ _ _ _ _ _ _ _ _ _ _ _ _ _ _ _ _ _ _ _ _ 

self = <sqlalchemy.dialects.sqlite.pysqlite.SQLiteDialect_pysqlite object at 0x7e5846e630>
cargs = ('/root/Development/ExperimentsCloud/database/experiments.db',)
cparams = {'check_same_thread': False}

    def connect(self, *cargs: Any, **cparams: Any) -> DBAPIConnection:
        # inherits the docstring from interfaces.Dialect.connect
>       return self.loaded_dbapi.connect(*cargs, **cparams)  # type: ignore[no-any-return]  # NOQA: E501
               ^^^^^^^^^^^^^^^^^^^^^^^^^^^^^^^^^^^^^^^^^^^^
E       sqlalchemy.exc.OperationalError: (sqlite3.OperationalError) unable to open database file
E       (Background on this error at: https://sqlalche.me/e/20/e3q8)

venv/lib64/python3.12/site-packages/sqlalchemy/engine/default.py:630: OperationalError
---------------------------- Captured stdout setup -----------------------------

Database URI: sqlite:///:memory:
____________________ ERROR at setup of test_logout_success _____________________

self = <sqlalchemy.engine.base.Connection object at 0x7e5822fe90>
engine = Engine(sqlite:////root/Development/ExperimentsCloud/database/experiments.db)
connection = None, _has_events = None, _allow_revalidate = True
_allow_autobegin = True

    def __init__(
        self,
        engine: Engine,
        connection: Optional[PoolProxiedConnection] = None,
        _has_events: Optional[bool] = None,
        _allow_revalidate: bool = True,
        _allow_autobegin: bool = True,
    ):
        """Construct a new Connection."""
        self.engine = engine
        self.dialect = dialect = engine.dialect
    
        if connection is None:
            try:
>               self._dbapi_connection = engine.raw_connection()
                                         ^^^^^^^^^^^^^^^^^^^^^^^

venv/lib64/python3.12/site-packages/sqlalchemy/engine/base.py:144: 
_ _ _ _ _ _ _ _ _ _ _ _ _ _ _ _ _ _ _ _ _ _ _ _ _ _ _ _ _ _ _ _ _ _ _ _ _ _ _ _ 
venv/lib64/python3.12/site-packages/sqlalchemy/engine/base.py:3319: in raw_connection
    return self.pool.connect()
           ^^^^^^^^^^^^^^^^^^^
venv/lib64/python3.12/site-packages/sqlalchemy/pool/base.py:448: in connect
    return _ConnectionFairy._checkout(self)
           ^^^^^^^^^^^^^^^^^^^^^^^^^^^^^^^^
venv/lib64/python3.12/site-packages/sqlalchemy/pool/base.py:1272: in _checkout
    fairy = _ConnectionRecord.checkout(pool)
            ^^^^^^^^^^^^^^^^^^^^^^^^^^^^^^^^
venv/lib64/python3.12/site-packages/sqlalchemy/pool/base.py:712: in checkout
    rec = pool._do_get()
          ^^^^^^^^^^^^^^
venv/lib64/python3.12/site-packages/sqlalchemy/pool/impl.py:178: in _do_get
    with util.safe_reraise():
         ^^^^^^^^^^^^^^^^^^^
venv/lib64/python3.12/site-packages/sqlalchemy/util/langhelpers.py:122: in __exit__
    raise exc_value.with_traceback(exc_tb)
venv/lib64/python3.12/site-packages/sqlalchemy/pool/impl.py:176: in _do_get
    return self._create_connection()
           ^^^^^^^^^^^^^^^^^^^^^^^^^
venv/lib64/python3.12/site-packages/sqlalchemy/pool/base.py:389: in _create_connection
    return _ConnectionRecord(self)
           ^^^^^^^^^^^^^^^^^^^^^^^
venv/lib64/python3.12/site-packages/sqlalchemy/pool/base.py:674: in __init__
    self.__connect()
venv/lib64/python3.12/site-packages/sqlalchemy/pool/base.py:900: in __connect
    with util.safe_reraise():
         ^^^^^^^^^^^^^^^^^^^
venv/lib64/python3.12/site-packages/sqlalchemy/util/langhelpers.py:122: in __exit__
    raise exc_value.with_traceback(exc_tb)
venv/lib64/python3.12/site-packages/sqlalchemy/pool/base.py:896: in __connect
    self.dbapi_connection = connection = pool._invoke_creator(self)
                                         ^^^^^^^^^^^^^^^^^^^^^^^^^^
venv/lib64/python3.12/site-packages/sqlalchemy/engine/create.py:667: in connect
    return dialect.connect(*cargs_tup, **cparams)
           ^^^^^^^^^^^^^^^^^^^^^^^^^^^^^^^^^^^^^^
_ _ _ _ _ _ _ _ _ _ _ _ _ _ _ _ _ _ _ _ _ _ _ _ _ _ _ _ _ _ _ _ _ _ _ _ _ _ _ _ 

self = <sqlalchemy.dialects.sqlite.pysqlite.SQLiteDialect_pysqlite object at 0x7e5846e630>
cargs = ('/root/Development/ExperimentsCloud/database/experiments.db',)
cparams = {'check_same_thread': False}

    def connect(self, *cargs: Any, **cparams: Any) -> DBAPIConnection:
        # inherits the docstring from interfaces.Dialect.connect
>       return self.loaded_dbapi.connect(*cargs, **cparams)  # type: ignore[no-any-return]  # NOQA: E501
               ^^^^^^^^^^^^^^^^^^^^^^^^^^^^^^^^^^^^^^^^^^^^
E       sqlite3.OperationalError: unable to open database file

venv/lib64/python3.12/site-packages/sqlalchemy/engine/default.py:630: OperationalError

The above exception was the direct cause of the following exception:

app = <Flask 'app'>

    @pytest.fixture(autouse=True)
    def database(app):
    
        print("\nDatabase URI:", app.config["SQLALCHEMY_DATABASE_URI"])
    
        with app.app_context():
    
>           db.drop_all()

tests/conftest.py:23: 
_ _ _ _ _ _ _ _ _ _ _ _ _ _ _ _ _ _ _ _ _ _ _ _ _ _ _ _ _ _ _ _ _ _ _ _ _ _ _ _ 
venv/lib64/python3.12/site-packages/flask_sqlalchemy/extension.py:917: in drop_all
    self._call_for_binds(bind_key, "drop_all")
venv/lib64/python3.12/site-packages/flask_sqlalchemy/extension.py:881: in _call_for_binds
    getattr(metadata, op_name)(bind=engine)
venv/lib64/python3.12/site-packages/sqlalchemy/sql/schema.py:5958: in drop_all
    bind._run_ddl_visitor(
venv/lib64/python3.12/site-packages/sqlalchemy/engine/base.py:3269: in _run_ddl_visitor
    with self.begin() as conn:
         ^^^^^^^^^^^^
/usr/lib64/python3.12/contextlib.py:137: in __enter__
    return next(self.gen)
           ^^^^^^^^^^^^^^
venv/lib64/python3.12/site-packages/sqlalchemy/engine/base.py:3259: in begin
    with self.connect() as conn:
         ^^^^^^^^^^^^^^
venv/lib64/python3.12/site-packages/sqlalchemy/engine/base.py:3295: in connect
    return self._connection_cls(self)
           ^^^^^^^^^^^^^^^^^^^^^^^^^^
venv/lib64/python3.12/site-packages/sqlalchemy/engine/base.py:146: in __init__
    Connection._handle_dbapi_exception_noconnection(
venv/lib64/python3.12/site-packages/sqlalchemy/engine/base.py:2450: in _handle_dbapi_exception_noconnection
    raise sqlalchemy_exception.with_traceback(exc_info[2]) from e
venv/lib64/python3.12/site-packages/sqlalchemy/engine/base.py:144: in __init__
    self._dbapi_connection = engine.raw_connection()
                             ^^^^^^^^^^^^^^^^^^^^^^^
venv/lib64/python3.12/site-packages/sqlalchemy/engine/base.py:3319: in raw_connection
    return self.pool.connect()
           ^^^^^^^^^^^^^^^^^^^
venv/lib64/python3.12/site-packages/sqlalchemy/pool/base.py:448: in connect
    return _ConnectionFairy._checkout(self)
           ^^^^^^^^^^^^^^^^^^^^^^^^^^^^^^^^
venv/lib64/python3.12/site-packages/sqlalchemy/pool/base.py:1272: in _checkout
    fairy = _ConnectionRecord.checkout(pool)
            ^^^^^^^^^^^^^^^^^^^^^^^^^^^^^^^^
venv/lib64/python3.12/site-packages/sqlalchemy/pool/base.py:712: in checkout
    rec = pool._do_get()
          ^^^^^^^^^^^^^^
venv/lib64/python3.12/site-packages/sqlalchemy/pool/impl.py:178: in _do_get
    with util.safe_reraise():
         ^^^^^^^^^^^^^^^^^^^
venv/lib64/python3.12/site-packages/sqlalchemy/util/langhelpers.py:122: in __exit__
    raise exc_value.with_traceback(exc_tb)
venv/lib64/python3.12/site-packages/sqlalchemy/pool/impl.py:176: in _do_get
    return self._create_connection()
           ^^^^^^^^^^^^^^^^^^^^^^^^^
venv/lib64/python3.12/site-packages/sqlalchemy/pool/base.py:389: in _create_connection
    return _ConnectionRecord(self)
           ^^^^^^^^^^^^^^^^^^^^^^^
venv/lib64/python3.12/site-packages/sqlalchemy/pool/base.py:674: in __init__
    self.__connect()
venv/lib64/python3.12/site-packages/sqlalchemy/pool/base.py:900: in __connect
    with util.safe_reraise():
         ^^^^^^^^^^^^^^^^^^^
venv/lib64/python3.12/site-packages/sqlalchemy/util/langhelpers.py:122: in __exit__
    raise exc_value.with_traceback(exc_tb)
venv/lib64/python3.12/site-packages/sqlalchemy/pool/base.py:896: in __connect
    self.dbapi_connection = connection = pool._invoke_creator(self)
                                         ^^^^^^^^^^^^^^^^^^^^^^^^^^
venv/lib64/python3.12/site-packages/sqlalchemy/engine/create.py:667: in connect
    return dialect.connect(*cargs_tup, **cparams)
           ^^^^^^^^^^^^^^^^^^^^^^^^^^^^^^^^^^^^^^
_ _ _ _ _ _ _ _ _ _ _ _ _ _ _ _ _ _ _ _ _ _ _ _ _ _ _ _ _ _ _ _ _ _ _ _ _ _ _ _ 

self = <sqlalchemy.dialects.sqlite.pysqlite.SQLiteDialect_pysqlite object at 0x7e5846e630>
cargs = ('/root/Development/ExperimentsCloud/database/experiments.db',)
cparams = {'check_same_thread': False}

    def connect(self, *cargs: Any, **cparams: Any) -> DBAPIConnection:
        # inherits the docstring from interfaces.Dialect.connect
>       return self.loaded_dbapi.connect(*cargs, **cparams)  # type: ignore[no-any-return]  # NOQA: E501
               ^^^^^^^^^^^^^^^^^^^^^^^^^^^^^^^^^^^^^^^^^^^^
E       sqlalchemy.exc.OperationalError: (sqlite3.OperationalError) unable to open database file
E       (Background on this error at: https://sqlalche.me/e/20/e3q8)

venv/lib64/python3.12/site-packages/sqlalchemy/engine/default.py:630: OperationalError
---------------------------- Captured stdout setup -----------------------------

Database URI: sqlite:///:memory:
_______________ ERROR at setup of test_files_page_requires_login _______________

self = <sqlalchemy.engine.base.Connection object at 0x7e5822e600>
engine = Engine(sqlite:////root/Development/ExperimentsCloud/database/experiments.db)
connection = None, _has_events = None, _allow_revalidate = True
_allow_autobegin = True

    def __init__(
        self,
        engine: Engine,
        connection: Optional[PoolProxiedConnection] = None,
        _has_events: Optional[bool] = None,
        _allow_revalidate: bool = True,
        _allow_autobegin: bool = True,
    ):
        """Construct a new Connection."""
        self.engine = engine
        self.dialect = dialect = engine.dialect
    
        if connection is None:
            try:
>               self._dbapi_connection = engine.raw_connection()
                                         ^^^^^^^^^^^^^^^^^^^^^^^

venv/lib64/python3.12/site-packages/sqlalchemy/engine/base.py:144: 
_ _ _ _ _ _ _ _ _ _ _ _ _ _ _ _ _ _ _ _ _ _ _ _ _ _ _ _ _ _ _ _ _ _ _ _ _ _ _ _ 
venv/lib64/python3.12/site-packages/sqlalchemy/engine/base.py:3319: in raw_connection
    return self.pool.connect()
           ^^^^^^^^^^^^^^^^^^^
venv/lib64/python3.12/site-packages/sqlalchemy/pool/base.py:448: in connect
    return _ConnectionFairy._checkout(self)
           ^^^^^^^^^^^^^^^^^^^^^^^^^^^^^^^^
venv/lib64/python3.12/site-packages/sqlalchemy/pool/base.py:1272: in _checkout
    fairy = _ConnectionRecord.checkout(pool)
            ^^^^^^^^^^^^^^^^^^^^^^^^^^^^^^^^
venv/lib64/python3.12/site-packages/sqlalchemy/pool/base.py:712: in checkout
    rec = pool._do_get()
          ^^^^^^^^^^^^^^
venv/lib64/python3.12/site-packages/sqlalchemy/pool/impl.py:178: in _do_get
    with util.safe_reraise():
         ^^^^^^^^^^^^^^^^^^^
venv/lib64/python3.12/site-packages/sqlalchemy/util/langhelpers.py:122: in __exit__
    raise exc_value.with_traceback(exc_tb)
venv/lib64/python3.12/site-packages/sqlalchemy/pool/impl.py:176: in _do_get
    return self._create_connection()
           ^^^^^^^^^^^^^^^^^^^^^^^^^
venv/lib64/python3.12/site-packages/sqlalchemy/pool/base.py:389: in _create_connection
    return _ConnectionRecord(self)
           ^^^^^^^^^^^^^^^^^^^^^^^
venv/lib64/python3.12/site-packages/sqlalchemy/pool/base.py:674: in __init__
    self.__connect()
venv/lib64/python3.12/site-packages/sqlalchemy/pool/base.py:900: in __connect
    with util.safe_reraise():
         ^^^^^^^^^^^^^^^^^^^
venv/lib64/python3.12/site-packages/sqlalchemy/util/langhelpers.py:122: in __exit__
    raise exc_value.with_traceback(exc_tb)
venv/lib64/python3.12/site-packages/sqlalchemy/pool/base.py:896: in __connect
    self.dbapi_connection = connection = pool._invoke_creator(self)
                                         ^^^^^^^^^^^^^^^^^^^^^^^^^^
venv/lib64/python3.12/site-packages/sqlalchemy/engine/create.py:667: in connect
    return dialect.connect(*cargs_tup, **cparams)
           ^^^^^^^^^^^^^^^^^^^^^^^^^^^^^^^^^^^^^^
_ _ _ _ _ _ _ _ _ _ _ _ _ _ _ _ _ _ _ _ _ _ _ _ _ _ _ _ _ _ _ _ _ _ _ _ _ _ _ _ 

self = <sqlalchemy.dialects.sqlite.pysqlite.SQLiteDialect_pysqlite object at 0x7e5846e630>
cargs = ('/root/Development/ExperimentsCloud/database/experiments.db',)
cparams = {'check_same_thread': False}

    def connect(self, *cargs: Any, **cparams: Any) -> DBAPIConnection:
        # inherits the docstring from interfaces.Dialect.connect
>       return self.loaded_dbapi.connect(*cargs, **cparams)  # type: ignore[no-any-return]  # NOQA: E501
               ^^^^^^^^^^^^^^^^^^^^^^^^^^^^^^^^^^^^^^^^^^^^
E       sqlite3.OperationalError: unable to open database file

venv/lib64/python3.12/site-packages/sqlalchemy/engine/default.py:630: OperationalError

The above exception was the direct cause of the following exception:

app = <Flask 'app'>

    @pytest.fixture(autouse=True)
    def database(app):
    
        print("\nDatabase URI:", app.config["SQLALCHEMY_DATABASE_URI"])
    
        with app.app_context():
    
>           db.drop_all()

tests/conftest.py:23: 
_ _ _ _ _ _ _ _ _ _ _ _ _ _ _ _ _ _ _ _ _ _ _ _ _ _ _ _ _ _ _ _ _ _ _ _ _ _ _ _ 
venv/lib64/python3.12/site-packages/flask_sqlalchemy/extension.py:917: in drop_all
    self._call_for_binds(bind_key, "drop_all")
venv/lib64/python3.12/site-packages/flask_sqlalchemy/extension.py:881: in _call_for_binds
    getattr(metadata, op_name)(bind=engine)
venv/lib64/python3.12/site-packages/sqlalchemy/sql/schema.py:5958: in drop_all
    bind._run_ddl_visitor(
venv/lib64/python3.12/site-packages/sqlalchemy/engine/base.py:3269: in _run_ddl_visitor
    with self.begin() as conn:
         ^^^^^^^^^^^^
/usr/lib64/python3.12/contextlib.py:137: in __enter__
    return next(self.gen)
           ^^^^^^^^^^^^^^
venv/lib64/python3.12/site-packages/sqlalchemy/engine/base.py:3259: in begin
    with self.connect() as conn:
         ^^^^^^^^^^^^^^
venv/lib64/python3.12/site-packages/sqlalchemy/engine/base.py:3295: in connect
    return self._connection_cls(self)
           ^^^^^^^^^^^^^^^^^^^^^^^^^^
venv/lib64/python3.12/site-packages/sqlalchemy/engine/base.py:146: in __init__
    Connection._handle_dbapi_exception_noconnection(
venv/lib64/python3.12/site-packages/sqlalchemy/engine/base.py:2450: in _handle_dbapi_exception_noconnection
    raise sqlalchemy_exception.with_traceback(exc_info[2]) from e
venv/lib64/python3.12/site-packages/sqlalchemy/engine/base.py:144: in __init__
    self._dbapi_connection = engine.raw_connection()
                             ^^^^^^^^^^^^^^^^^^^^^^^
venv/lib64/python3.12/site-packages/sqlalchemy/engine/base.py:3319: in raw_connection
    return self.pool.connect()
           ^^^^^^^^^^^^^^^^^^^
venv/lib64/python3.12/site-packages/sqlalchemy/pool/base.py:448: in connect
    return _ConnectionFairy._checkout(self)
           ^^^^^^^^^^^^^^^^^^^^^^^^^^^^^^^^
venv/lib64/python3.12/site-packages/sqlalchemy/pool/base.py:1272: in _checkout
    fairy = _ConnectionRecord.checkout(pool)
            ^^^^^^^^^^^^^^^^^^^^^^^^^^^^^^^^
venv/lib64/python3.12/site-packages/sqlalchemy/pool/base.py:712: in checkout
    rec = pool._do_get()
          ^^^^^^^^^^^^^^
venv/lib64/python3.12/site-packages/sqlalchemy/pool/impl.py:178: in _do_get
    with util.safe_reraise():
         ^^^^^^^^^^^^^^^^^^^
venv/lib64/python3.12/site-packages/sqlalchemy/util/langhelpers.py:122: in __exit__
    raise exc_value.with_traceback(exc_tb)
venv/lib64/python3.12/site-packages/sqlalchemy/pool/impl.py:176: in _do_get
    return self._create_connection()
           ^^^^^^^^^^^^^^^^^^^^^^^^^
venv/lib64/python3.12/site-packages/sqlalchemy/pool/base.py:389: in _create_connection
    return _ConnectionRecord(self)
           ^^^^^^^^^^^^^^^^^^^^^^^
venv/lib64/python3.12/site-packages/sqlalchemy/pool/base.py:674: in __init__
    self.__connect()
venv/lib64/python3.12/site-packages/sqlalchemy/pool/base.py:900: in __connect
    with util.safe_reraise():
         ^^^^^^^^^^^^^^^^^^^
venv/lib64/python3.12/site-packages/sqlalchemy/util/langhelpers.py:122: in __exit__
    raise exc_value.with_traceback(exc_tb)
venv/lib64/python3.12/site-packages/sqlalchemy/pool/base.py:896: in __connect
    self.dbapi_connection = connection = pool._invoke_creator(self)
                                         ^^^^^^^^^^^^^^^^^^^^^^^^^^
venv/lib64/python3.12/site-packages/sqlalchemy/engine/create.py:667: in connect
    return dialect.connect(*cargs_tup, **cparams)
           ^^^^^^^^^^^^^^^^^^^^^^^^^^^^^^^^^^^^^^
_ _ _ _ _ _ _ _ _ _ _ _ _ _ _ _ _ _ _ _ _ _ _ _ _ _ _ _ _ _ _ _ _ _ _ _ _ _ _ _ 

self = <sqlalchemy.dialects.sqlite.pysqlite.SQLiteDialect_pysqlite object at 0x7e5846e630>
cargs = ('/root/Development/ExperimentsCloud/database/experiments.db',)
cparams = {'check_same_thread': False}

    def connect(self, *cargs: Any, **cparams: Any) -> DBAPIConnection:
        # inherits the docstring from interfaces.Dialect.connect
>       return self.loaded_dbapi.connect(*cargs, **cparams)  # type: ignore[no-any-return]  # NOQA: E501
               ^^^^^^^^^^^^^^^^^^^^^^^^^^^^^^^^^^^^^^^^^^^^
E       sqlalchemy.exc.OperationalError: (sqlite3.OperationalError) unable to open database file
E       (Background on this error at: https://sqlalche.me/e/20/e3q8)

venv/lib64/python3.12/site-packages/sqlalchemy/engine/default.py:630: OperationalError
---------------------------- Captured stdout setup -----------------------------

Database URI: sqlite:///:memory:
______________ ERROR at setup of test_upload_page_requires_login _______________

self = <sqlalchemy.engine.base.Connection object at 0x7e582707a0>
engine = Engine(sqlite:////root/Development/ExperimentsCloud/database/experiments.db)
connection = None, _has_events = None, _allow_revalidate = True
_allow_autobegin = True

    def __init__(
        self,
        engine: Engine,
        connection: Optional[PoolProxiedConnection] = None,
        _has_events: Optional[bool] = None,
        _allow_revalidate: bool = True,
        _allow_autobegin: bool = True,
    ):
        """Construct a new Connection."""
        self.engine = engine
        self.dialect = dialect = engine.dialect
    
        if connection is None:
            try:
>               self._dbapi_connection = engine.raw_connection()
                                         ^^^^^^^^^^^^^^^^^^^^^^^

venv/lib64/python3.12/site-packages/sqlalchemy/engine/base.py:144: 
_ _ _ _ _ _ _ _ _ _ _ _ _ _ _ _ _ _ _ _ _ _ _ _ _ _ _ _ _ _ _ _ _ _ _ _ _ _ _ _ 
venv/lib64/python3.12/site-packages/sqlalchemy/engine/base.py:3319: in raw_connection
    return self.pool.connect()
           ^^^^^^^^^^^^^^^^^^^
venv/lib64/python3.12/site-packages/sqlalchemy/pool/base.py:448: in connect
    return _ConnectionFairy._checkout(self)
           ^^^^^^^^^^^^^^^^^^^^^^^^^^^^^^^^
venv/lib64/python3.12/site-packages/sqlalchemy/pool/base.py:1272: in _checkout
    fairy = _ConnectionRecord.checkout(pool)
            ^^^^^^^^^^^^^^^^^^^^^^^^^^^^^^^^
venv/lib64/python3.12/site-packages/sqlalchemy/pool/base.py:712: in checkout
    rec = pool._do_get()
          ^^^^^^^^^^^^^^
venv/lib64/python3.12/site-packages/sqlalchemy/pool/impl.py:178: in _do_get
    with util.safe_reraise():
         ^^^^^^^^^^^^^^^^^^^
venv/lib64/python3.12/site-packages/sqlalchemy/util/langhelpers.py:122: in __exit__
    raise exc_value.with_traceback(exc_tb)
venv/lib64/python3.12/site-packages/sqlalchemy/pool/impl.py:176: in _do_get
    return self._create_connection()
           ^^^^^^^^^^^^^^^^^^^^^^^^^
venv/lib64/python3.12/site-packages/sqlalchemy/pool/base.py:389: in _create_connection
    return _ConnectionRecord(self)
           ^^^^^^^^^^^^^^^^^^^^^^^
venv/lib64/python3.12/site-packages/sqlalchemy/pool/base.py:674: in __init__
    self.__connect()
venv/lib64/python3.12/site-packages/sqlalchemy/pool/base.py:900: in __connect
    with util.safe_reraise():
         ^^^^^^^^^^^^^^^^^^^
venv/lib64/python3.12/site-packages/sqlalchemy/util/langhelpers.py:122: in __exit__
    raise exc_value.with_traceback(exc_tb)
venv/lib64/python3.12/site-packages/sqlalchemy/pool/base.py:896: in __connect
    self.dbapi_connection = connection = pool._invoke_creator(self)
                                         ^^^^^^^^^^^^^^^^^^^^^^^^^^
venv/lib64/python3.12/site-packages/sqlalchemy/engine/create.py:667: in connect
    return dialect.connect(*cargs_tup, **cparams)
           ^^^^^^^^^^^^^^^^^^^^^^^^^^^^^^^^^^^^^^
_ _ _ _ _ _ _ _ _ _ _ _ _ _ _ _ _ _ _ _ _ _ _ _ _ _ _ _ _ _ _ _ _ _ _ _ _ _ _ _ 

self = <sqlalchemy.dialects.sqlite.pysqlite.SQLiteDialect_pysqlite object at 0x7e5846e630>
cargs = ('/root/Development/ExperimentsCloud/database/experiments.db',)
cparams = {'check_same_thread': False}

    def connect(self, *cargs: Any, **cparams: Any) -> DBAPIConnection:
        # inherits the docstring from interfaces.Dialect.connect
>       return self.loaded_dbapi.connect(*cargs, **cparams)  # type: ignore[no-any-return]  # NOQA: E501
               ^^^^^^^^^^^^^^^^^^^^^^^^^^^^^^^^^^^^^^^^^^^^
E       sqlite3.OperationalError: unable to open database file

venv/lib64/python3.12/site-packages/sqlalchemy/engine/default.py:630: OperationalError

The above exception was the direct cause of the following exception:

app = <Flask 'app'>

    @pytest.fixture(autouse=True)
    def database(app):
    
        print("\nDatabase URI:", app.config["SQLALCHEMY_DATABASE_URI"])
    
        with app.app_context():
    
>           db.drop_all()

tests/conftest.py:23: 
_ _ _ _ _ _ _ _ _ _ _ _ _ _ _ _ _ _ _ _ _ _ _ _ _ _ _ _ _ _ _ _ _ _ _ _ _ _ _ _ 
venv/lib64/python3.12/site-packages/flask_sqlalchemy/extension.py:917: in drop_all
    self._call_for_binds(bind_key, "drop_all")
venv/lib64/python3.12/site-packages/flask_sqlalchemy/extension.py:881: in _call_for_binds
    getattr(metadata, op_name)(bind=engine)
venv/lib64/python3.12/site-packages/sqlalchemy/sql/schema.py:5958: in drop_all
    bind._run_ddl_visitor(
venv/lib64/python3.12/site-packages/sqlalchemy/engine/base.py:3269: in _run_ddl_visitor
    with self.begin() as conn:
         ^^^^^^^^^^^^
/usr/lib64/python3.12/contextlib.py:137: in __enter__
    return next(self.gen)
           ^^^^^^^^^^^^^^
venv/lib64/python3.12/site-packages/sqlalchemy/engine/base.py:3259: in begin
    with self.connect() as conn:
         ^^^^^^^^^^^^^^
venv/lib64/python3.12/site-packages/sqlalchemy/engine/base.py:3295: in connect
    return self._connection_cls(self)
           ^^^^^^^^^^^^^^^^^^^^^^^^^^
venv/lib64/python3.12/site-packages/sqlalchemy/engine/base.py:146: in __init__
    Connection._handle_dbapi_exception_noconnection(
venv/lib64/python3.12/site-packages/sqlalchemy/engine/base.py:2450: in _handle_dbapi_exception_noconnection
    raise sqlalchemy_exception.with_traceback(exc_info[2]) from e
venv/lib64/python3.12/site-packages/sqlalchemy/engine/base.py:144: in __init__
    self._dbapi_connection = engine.raw_connection()
                             ^^^^^^^^^^^^^^^^^^^^^^^
venv/lib64/python3.12/site-packages/sqlalchemy/engine/base.py:3319: in raw_connection
    return self.pool.connect()
           ^^^^^^^^^^^^^^^^^^^
venv/lib64/python3.12/site-packages/sqlalchemy/pool/base.py:448: in connect
    return _ConnectionFairy._checkout(self)
           ^^^^^^^^^^^^^^^^^^^^^^^^^^^^^^^^
venv/lib64/python3.12/site-packages/sqlalchemy/pool/base.py:1272: in _checkout
    fairy = _ConnectionRecord.checkout(pool)
            ^^^^^^^^^^^^^^^^^^^^^^^^^^^^^^^^
venv/lib64/python3.12/site-packages/sqlalchemy/pool/base.py:712: in checkout
    rec = pool._do_get()
          ^^^^^^^^^^^^^^
venv/lib64/python3.12/site-packages/sqlalchemy/pool/impl.py:178: in _do_get
    with util.safe_reraise():
         ^^^^^^^^^^^^^^^^^^^
venv/lib64/python3.12/site-packages/sqlalchemy/util/langhelpers.py:122: in __exit__
    raise exc_value.with_traceback(exc_tb)
venv/lib64/python3.12/site-packages/sqlalchemy/pool/impl.py:176: in _do_get
    return self._create_connection()
           ^^^^^^^^^^^^^^^^^^^^^^^^^
venv/lib64/python3.12/site-packages/sqlalchemy/pool/base.py:389: in _create_connection
    return _ConnectionRecord(self)
           ^^^^^^^^^^^^^^^^^^^^^^^
venv/lib64/python3.12/site-packages/sqlalchemy/pool/base.py:674: in __init__
    self.__connect()
venv/lib64/python3.12/site-packages/sqlalchemy/pool/base.py:900: in __connect
    with util.safe_reraise():
         ^^^^^^^^^^^^^^^^^^^
venv/lib64/python3.12/site-packages/sqlalchemy/util/langhelpers.py:122: in __exit__
    raise exc_value.with_traceback(exc_tb)
venv/lib64/python3.12/site-packages/sqlalchemy/pool/base.py:896: in __connect
    self.dbapi_connection = connection = pool._invoke_creator(self)
                                         ^^^^^^^^^^^^^^^^^^^^^^^^^^
venv/lib64/python3.12/site-packages/sqlalchemy/engine/create.py:667: in connect
    return dialect.connect(*cargs_tup, **cparams)
           ^^^^^^^^^^^^^^^^^^^^^^^^^^^^^^^^^^^^^^
_ _ _ _ _ _ _ _ _ _ _ _ _ _ _ _ _ _ _ _ _ _ _ _ _ _ _ _ _ _ _ _ _ _ _ _ _ _ _ _ 

self = <sqlalchemy.dialects.sqlite.pysqlite.SQLiteDialect_pysqlite object at 0x7e5846e630>
cargs = ('/root/Development/ExperimentsCloud/database/experiments.db',)
cparams = {'check_same_thread': False}

    def connect(self, *cargs: Any, **cparams: Any) -> DBAPIConnection:
        # inherits the docstring from interfaces.Dialect.connect
>       return self.loaded_dbapi.connect(*cargs, **cparams)  # type: ignore[no-any-return]  # NOQA: E501
               ^^^^^^^^^^^^^^^^^^^^^^^^^^^^^^^^^^^^^^^^^^^^
E       sqlalchemy.exc.OperationalError: (sqlite3.OperationalError) unable to open database file
E       (Background on this error at: https://sqlalche.me/e/20/e3q8)

venv/lib64/python3.12/site-packages/sqlalchemy/engine/default.py:630: OperationalError
---------------------------- Captured stdout setup -----------------------------

Database URI: sqlite:///:memory:
____________________ ERROR at setup of test_upload_success _____________________

self = <sqlalchemy.engine.base.Connection object at 0x7e582484a0>
engine = Engine(sqlite:////root/Development/ExperimentsCloud/database/experiments.db)
connection = None, _has_events = None, _allow_revalidate = True
_allow_autobegin = True

    def __init__(
        self,
        engine: Engine,
        connection: Optional[PoolProxiedConnection] = None,
        _has_events: Optional[bool] = None,
        _allow_revalidate: bool = True,
        _allow_autobegin: bool = True,
    ):
        """Construct a new Connection."""
        self.engine = engine
        self.dialect = dialect = engine.dialect
    
        if connection is None:
            try:
>               self._dbapi_connection = engine.raw_connection()
                                         ^^^^^^^^^^^^^^^^^^^^^^^

venv/lib64/python3.12/site-packages/sqlalchemy/engine/base.py:144: 
_ _ _ _ _ _ _ _ _ _ _ _ _ _ _ _ _ _ _ _ _ _ _ _ _ _ _ _ _ _ _ _ _ _ _ _ _ _ _ _ 
venv/lib64/python3.12/site-packages/sqlalchemy/engine/base.py:3319: in raw_connection
    return self.pool.connect()
           ^^^^^^^^^^^^^^^^^^^
venv/lib64/python3.12/site-packages/sqlalchemy/pool/base.py:448: in connect
    return _ConnectionFairy._checkout(self)
           ^^^^^^^^^^^^^^^^^^^^^^^^^^^^^^^^
venv/lib64/python3.12/site-packages/sqlalchemy/pool/base.py:1272: in _checkout
    fairy = _ConnectionRecord.checkout(pool)
            ^^^^^^^^^^^^^^^^^^^^^^^^^^^^^^^^
venv/lib64/python3.12/site-packages/sqlalchemy/pool/base.py:712: in checkout
    rec = pool._do_get()
          ^^^^^^^^^^^^^^
venv/lib64/python3.12/site-packages/sqlalchemy/pool/impl.py:178: in _do_get
    with util.safe_reraise():
         ^^^^^^^^^^^^^^^^^^^
venv/lib64/python3.12/site-packages/sqlalchemy/util/langhelpers.py:122: in __exit__
    raise exc_value.with_traceback(exc_tb)
venv/lib64/python3.12/site-packages/sqlalchemy/pool/impl.py:176: in _do_get
    return self._create_connection()
           ^^^^^^^^^^^^^^^^^^^^^^^^^
venv/lib64/python3.12/site-packages/sqlalchemy/pool/base.py:389: in _create_connection
    return _ConnectionRecord(self)
           ^^^^^^^^^^^^^^^^^^^^^^^
venv/lib64/python3.12/site-packages/sqlalchemy/pool/base.py:674: in __init__
    self.__connect()
venv/lib64/python3.12/site-packages/sqlalchemy/pool/base.py:900: in __connect
    with util.safe_reraise():
         ^^^^^^^^^^^^^^^^^^^
venv/lib64/python3.12/site-packages/sqlalchemy/util/langhelpers.py:122: in __exit__
    raise exc_value.with_traceback(exc_tb)
venv/lib64/python3.12/site-packages/sqlalchemy/pool/base.py:896: in __connect
    self.dbapi_connection = connection = pool._invoke_creator(self)
                                         ^^^^^^^^^^^^^^^^^^^^^^^^^^
venv/lib64/python3.12/site-packages/sqlalchemy/engine/create.py:667: in connect
    return dialect.connect(*cargs_tup, **cparams)
           ^^^^^^^^^^^^^^^^^^^^^^^^^^^^^^^^^^^^^^
_ _ _ _ _ _ _ _ _ _ _ _ _ _ _ _ _ _ _ _ _ _ _ _ _ _ _ _ _ _ _ _ _ _ _ _ _ _ _ _ 

self = <sqlalchemy.dialects.sqlite.pysqlite.SQLiteDialect_pysqlite object at 0x7e5846e630>
cargs = ('/root/Development/ExperimentsCloud/database/experiments.db',)
cparams = {'check_same_thread': False}

    def connect(self, *cargs: Any, **cparams: Any) -> DBAPIConnection:
        # inherits the docstring from interfaces.Dialect.connect
>       return self.loaded_dbapi.connect(*cargs, **cparams)  # type: ignore[no-any-return]  # NOQA: E501
               ^^^^^^^^^^^^^^^^^^^^^^^^^^^^^^^^^^^^^^^^^^^^
E       sqlite3.OperationalError: unable to open database file

venv/lib64/python3.12/site-packages/sqlalchemy/engine/default.py:630: OperationalError

The above exception was the direct cause of the following exception:

app = <Flask 'app'>

    @pytest.fixture(autouse=True)
    def database(app):
    
        print("\nDatabase URI:", app.config["SQLALCHEMY_DATABASE_URI"])
    
        with app.app_context():
    
>           db.drop_all()

tests/conftest.py:23: 
_ _ _ _ _ _ _ _ _ _ _ _ _ _ _ _ _ _ _ _ _ _ _ _ _ _ _ _ _ _ _ _ _ _ _ _ _ _ _ _ 
venv/lib64/python3.12/site-packages/flask_sqlalchemy/extension.py:917: in drop_all
    self._call_for_binds(bind_key, "drop_all")
venv/lib64/python3.12/site-packages/flask_sqlalchemy/extension.py:881: in _call_for_binds
    getattr(metadata, op_name)(bind=engine)
venv/lib64/python3.12/site-packages/sqlalchemy/sql/schema.py:5958: in drop_all
    bind._run_ddl_visitor(
venv/lib64/python3.12/site-packages/sqlalchemy/engine/base.py:3269: in _run_ddl_visitor
    with self.begin() as conn:
         ^^^^^^^^^^^^
/usr/lib64/python3.12/contextlib.py:137: in __enter__
    return next(self.gen)
           ^^^^^^^^^^^^^^
venv/lib64/python3.12/site-packages/sqlalchemy/engine/base.py:3259: in begin
    with self.connect() as conn:
         ^^^^^^^^^^^^^^
venv/lib64/python3.12/site-packages/sqlalchemy/engine/base.py:3295: in connect
    return self._connection_cls(self)
           ^^^^^^^^^^^^^^^^^^^^^^^^^^
venv/lib64/python3.12/site-packages/sqlalchemy/engine/base.py:146: in __init__
    Connection._handle_dbapi_exception_noconnection(
venv/lib64/python3.12/site-packages/sqlalchemy/engine/base.py:2450: in _handle_dbapi_exception_noconnection
    raise sqlalchemy_exception.with_traceback(exc_info[2]) from e
venv/lib64/python3.12/site-packages/sqlalchemy/engine/base.py:144: in __init__
    self._dbapi_connection = engine.raw_connection()
                             ^^^^^^^^^^^^^^^^^^^^^^^
venv/lib64/python3.12/site-packages/sqlalchemy/engine/base.py:3319: in raw_connection
    return self.pool.connect()
           ^^^^^^^^^^^^^^^^^^^
venv/lib64/python3.12/site-packages/sqlalchemy/pool/base.py:448: in connect
    return _ConnectionFairy._checkout(self)
           ^^^^^^^^^^^^^^^^^^^^^^^^^^^^^^^^
venv/lib64/python3.12/site-packages/sqlalchemy/pool/base.py:1272: in _checkout
    fairy = _ConnectionRecord.checkout(pool)
            ^^^^^^^^^^^^^^^^^^^^^^^^^^^^^^^^
venv/lib64/python3.12/site-packages/sqlalchemy/pool/base.py:712: in checkout
    rec = pool._do_get()
          ^^^^^^^^^^^^^^
venv/lib64/python3.12/site-packages/sqlalchemy/pool/impl.py:178: in _do_get
    with util.safe_reraise():
         ^^^^^^^^^^^^^^^^^^^
venv/lib64/python3.12/site-packages/sqlalchemy/util/langhelpers.py:122: in __exit__
    raise exc_value.with_traceback(exc_tb)
venv/lib64/python3.12/site-packages/sqlalchemy/pool/impl.py:176: in _do_get
    return self._create_connection()
           ^^^^^^^^^^^^^^^^^^^^^^^^^
venv/lib64/python3.12/site-packages/sqlalchemy/pool/base.py:389: in _create_connection
    return _ConnectionRecord(self)
           ^^^^^^^^^^^^^^^^^^^^^^^
venv/lib64/python3.12/site-packages/sqlalchemy/pool/base.py:674: in __init__
    self.__connect()
venv/lib64/python3.12/site-packages/sqlalchemy/pool/base.py:900: in __connect
    with util.safe_reraise():
         ^^^^^^^^^^^^^^^^^^^
venv/lib64/python3.12/site-packages/sqlalchemy/util/langhelpers.py:122: in __exit__
    raise exc_value.with_traceback(exc_tb)
venv/lib64/python3.12/site-packages/sqlalchemy/pool/base.py:896: in __connect
    self.dbapi_connection = connection = pool._invoke_creator(self)
                                         ^^^^^^^^^^^^^^^^^^^^^^^^^^
venv/lib64/python3.12/site-packages/sqlalchemy/engine/create.py:667: in connect
    return dialect.connect(*cargs_tup, **cparams)
           ^^^^^^^^^^^^^^^^^^^^^^^^^^^^^^^^^^^^^^
_ _ _ _ _ _ _ _ _ _ _ _ _ _ _ _ _ _ _ _ _ _ _ _ _ _ _ _ _ _ _ _ _ _ _ _ _ _ _ _ 

self = <sqlalchemy.dialects.sqlite.pysqlite.SQLiteDialect_pysqlite object at 0x7e5846e630>
cargs = ('/root/Development/ExperimentsCloud/database/experiments.db',)
cparams = {'check_same_thread': False}

    def connect(self, *cargs: Any, **cparams: Any) -> DBAPIConnection:
        # inherits the docstring from interfaces.Dialect.connect
>       return self.loaded_dbapi.connect(*cargs, **cparams)  # type: ignore[no-any-return]  # NOQA: E501
               ^^^^^^^^^^^^^^^^^^^^^^^^^^^^^^^^^^^^^^^^^^^^
E       sqlalchemy.exc.OperationalError: (sqlite3.OperationalError) unable to open database file
E       (Background on this error at: https://sqlalche.me/e/20/e3q8)

venv/lib64/python3.12/site-packages/sqlalchemy/engine/default.py:630: OperationalError
---------------------------- Captured stdout setup -----------------------------

Database URI: sqlite:///:memory:
_______________ ERROR at setup of test_upload_invalid_extension ________________

self = <sqlalchemy.engine.base.Connection object at 0x7e582498e0>
engine = Engine(sqlite:////root/Development/ExperimentsCloud/database/experiments.db)
connection = None, _has_events = None, _allow_revalidate = True
_allow_autobegin = True

    def __init__(
        self,
        engine: Engine,
        connection: Optional[PoolProxiedConnection] = None,
        _has_events: Optional[bool] = None,
        _allow_revalidate: bool = True,
        _allow_autobegin: bool = True,
    ):
        """Construct a new Connection."""
        self.engine = engine
        self.dialect = dialect = engine.dialect
    
        if connection is None:
            try:
>               self._dbapi_connection = engine.raw_connection()
                                         ^^^^^^^^^^^^^^^^^^^^^^^

venv/lib64/python3.12/site-packages/sqlalchemy/engine/base.py:144: 
_ _ _ _ _ _ _ _ _ _ _ _ _ _ _ _ _ _ _ _ _ _ _ _ _ _ _ _ _ _ _ _ _ _ _ _ _ _ _ _ 
venv/lib64/python3.12/site-packages/sqlalchemy/engine/base.py:3319: in raw_connection
    return self.pool.connect()
           ^^^^^^^^^^^^^^^^^^^
venv/lib64/python3.12/site-packages/sqlalchemy/pool/base.py:448: in connect
    return _ConnectionFairy._checkout(self)
           ^^^^^^^^^^^^^^^^^^^^^^^^^^^^^^^^
venv/lib64/python3.12/site-packages/sqlalchemy/pool/base.py:1272: in _checkout
    fairy = _ConnectionRecord.checkout(pool)
            ^^^^^^^^^^^^^^^^^^^^^^^^^^^^^^^^
venv/lib64/python3.12/site-packages/sqlalchemy/pool/base.py:712: in checkout
    rec = pool._do_get()
          ^^^^^^^^^^^^^^
venv/lib64/python3.12/site-packages/sqlalchemy/pool/impl.py:178: in _do_get
    with util.safe_reraise():
         ^^^^^^^^^^^^^^^^^^^
venv/lib64/python3.12/site-packages/sqlalchemy/util/langhelpers.py:122: in __exit__
    raise exc_value.with_traceback(exc_tb)
venv/lib64/python3.12/site-packages/sqlalchemy/pool/impl.py:176: in _do_get
    return self._create_connection()
           ^^^^^^^^^^^^^^^^^^^^^^^^^
venv/lib64/python3.12/site-packages/sqlalchemy/pool/base.py:389: in _create_connection
    return _ConnectionRecord(self)
           ^^^^^^^^^^^^^^^^^^^^^^^
venv/lib64/python3.12/site-packages/sqlalchemy/pool/base.py:674: in __init__
    self.__connect()
venv/lib64/python3.12/site-packages/sqlalchemy/pool/base.py:900: in __connect
    with util.safe_reraise():
         ^^^^^^^^^^^^^^^^^^^
venv/lib64/python3.12/site-packages/sqlalchemy/util/langhelpers.py:122: in __exit__
    raise exc_value.with_traceback(exc_tb)
venv/lib64/python3.12/site-packages/sqlalchemy/pool/base.py:896: in __connect
    self.dbapi_connection = connection = pool._invoke_creator(self)
                                         ^^^^^^^^^^^^^^^^^^^^^^^^^^
venv/lib64/python3.12/site-packages/sqlalchemy/engine/create.py:667: in connect
    return dialect.connect(*cargs_tup, **cparams)
           ^^^^^^^^^^^^^^^^^^^^^^^^^^^^^^^^^^^^^^
_ _ _ _ _ _ _ _ _ _ _ _ _ _ _ _ _ _ _ _ _ _ _ _ _ _ _ _ _ _ _ _ _ _ _ _ _ _ _ _ 

self = <sqlalchemy.dialects.sqlite.pysqlite.SQLiteDialect_pysqlite object at 0x7e5846e630>
cargs = ('/root/Development/ExperimentsCloud/database/experiments.db',)
cparams = {'check_same_thread': False}

    def connect(self, *cargs: Any, **cparams: Any) -> DBAPIConnection:
        # inherits the docstring from interfaces.Dialect.connect
>       return self.loaded_dbapi.connect(*cargs, **cparams)  # type: ignore[no-any-return]  # NOQA: E501
               ^^^^^^^^^^^^^^^^^^^^^^^^^^^^^^^^^^^^^^^^^^^^
E       sqlite3.OperationalError: unable to open database file

venv/lib64/python3.12/site-packages/sqlalchemy/engine/default.py:630: OperationalError

The above exception was the direct cause of the following exception:

app = <Flask 'app'>

    @pytest.fixture(autouse=True)
    def database(app):
    
        print("\nDatabase URI:", app.config["SQLALCHEMY_DATABASE_URI"])
    
        with app.app_context():
    
>           db.drop_all()

tests/conftest.py:23: 
_ _ _ _ _ _ _ _ _ _ _ _ _ _ _ _ _ _ _ _ _ _ _ _ _ _ _ _ _ _ _ _ _ _ _ _ _ _ _ _ 
venv/lib64/python3.12/site-packages/flask_sqlalchemy/extension.py:917: in drop_all
    self._call_for_binds(bind_key, "drop_all")
venv/lib64/python3.12/site-packages/flask_sqlalchemy/extension.py:881: in _call_for_binds
    getattr(metadata, op_name)(bind=engine)
venv/lib64/python3.12/site-packages/sqlalchemy/sql/schema.py:5958: in drop_all
    bind._run_ddl_visitor(
venv/lib64/python3.12/site-packages/sqlalchemy/engine/base.py:3269: in _run_ddl_visitor
    with self.begin() as conn:
         ^^^^^^^^^^^^
/usr/lib64/python3.12/contextlib.py:137: in __enter__
    return next(self.gen)
           ^^^^^^^^^^^^^^
venv/lib64/python3.12/site-packages/sqlalchemy/engine/base.py:3259: in begin
    with self.connect() as conn:
         ^^^^^^^^^^^^^^
venv/lib64/python3.12/site-packages/sqlalchemy/engine/base.py:3295: in connect
    return self._connection_cls(self)
           ^^^^^^^^^^^^^^^^^^^^^^^^^^
venv/lib64/python3.12/site-packages/sqlalchemy/engine/base.py:146: in __init__
    Connection._handle_dbapi_exception_noconnection(
venv/lib64/python3.12/site-packages/sqlalchemy/engine/base.py:2450: in _handle_dbapi_exception_noconnection
    raise sqlalchemy_exception.with_traceback(exc_info[2]) from e
venv/lib64/python3.12/site-packages/sqlalchemy/engine/base.py:144: in __init__
    self._dbapi_connection = engine.raw_connection()
                             ^^^^^^^^^^^^^^^^^^^^^^^
venv/lib64/python3.12/site-packages/sqlalchemy/engine/base.py:3319: in raw_connection
    return self.pool.connect()
           ^^^^^^^^^^^^^^^^^^^
venv/lib64/python3.12/site-packages/sqlalchemy/pool/base.py:448: in connect
    return _ConnectionFairy._checkout(self)
           ^^^^^^^^^^^^^^^^^^^^^^^^^^^^^^^^
venv/lib64/python3.12/site-packages/sqlalchemy/pool/base.py:1272: in _checkout
    fairy = _ConnectionRecord.checkout(pool)
            ^^^^^^^^^^^^^^^^^^^^^^^^^^^^^^^^
venv/lib64/python3.12/site-packages/sqlalchemy/pool/base.py:712: in checkout
    rec = pool._do_get()
          ^^^^^^^^^^^^^^
venv/lib64/python3.12/site-packages/sqlalchemy/pool/impl.py:178: in _do_get
    with util.safe_reraise():
         ^^^^^^^^^^^^^^^^^^^
venv/lib64/python3.12/site-packages/sqlalchemy/util/langhelpers.py:122: in __exit__
    raise exc_value.with_traceback(exc_tb)
venv/lib64/python3.12/site-packages/sqlalchemy/pool/impl.py:176: in _do_get
    return self._create_connection()
           ^^^^^^^^^^^^^^^^^^^^^^^^^
venv/lib64/python3.12/site-packages/sqlalchemy/pool/base.py:389: in _create_connection
    return _ConnectionRecord(self)
           ^^^^^^^^^^^^^^^^^^^^^^^
venv/lib64/python3.12/site-packages/sqlalchemy/pool/base.py:674: in __init__
    self.__connect()
venv/lib64/python3.12/site-packages/sqlalchemy/pool/base.py:900: in __connect
    with util.safe_reraise():
         ^^^^^^^^^^^^^^^^^^^
venv/lib64/python3.12/site-packages/sqlalchemy/util/langhelpers.py:122: in __exit__
    raise exc_value.with_traceback(exc_tb)
venv/lib64/python3.12/site-packages/sqlalchemy/pool/base.py:896: in __connect
    self.dbapi_connection = connection = pool._invoke_creator(self)
                                         ^^^^^^^^^^^^^^^^^^^^^^^^^^
venv/lib64/python3.12/site-packages/sqlalchemy/engine/create.py:667: in connect
    return dialect.connect(*cargs_tup, **cparams)
           ^^^^^^^^^^^^^^^^^^^^^^^^^^^^^^^^^^^^^^
_ _ _ _ _ _ _ _ _ _ _ _ _ _ _ _ _ _ _ _ _ _ _ _ _ _ _ _ _ _ _ _ _ _ _ _ _ _ _ _ 

self = <sqlalchemy.dialects.sqlite.pysqlite.SQLiteDialect_pysqlite object at 0x7e5846e630>
cargs = ('/root/Development/ExperimentsCloud/database/experiments.db',)
cparams = {'check_same_thread': False}

    def connect(self, *cargs: Any, **cparams: Any) -> DBAPIConnection:
        # inherits the docstring from interfaces.Dialect.connect
>       return self.loaded_dbapi.connect(*cargs, **cparams)  # type: ignore[no-any-return]  # NOQA: E501
               ^^^^^^^^^^^^^^^^^^^^^^^^^^^^^^^^^^^^^^^^^^^^
E       sqlalchemy.exc.OperationalError: (sqlite3.OperationalError) unable to open database file
E       (Background on this error at: https://sqlalche.me/e/20/e3q8)

venv/lib64/python3.12/site-packages/sqlalchemy/engine/default.py:630: OperationalError
---------------------------- Captured stdout setup -----------------------------

Database URI: sqlite:///:memory:
_________________ ERROR at setup of test_upload_file_too_large _________________

self = <sqlalchemy.engine.base.Connection object at 0x7e5827f3b0>
engine = Engine(sqlite:////root/Development/ExperimentsCloud/database/experiments.db)
connection = None, _has_events = None, _allow_revalidate = True
_allow_autobegin = True

    def __init__(
        self,
        engine: Engine,
        connection: Optional[PoolProxiedConnection] = None,
        _has_events: Optional[bool] = None,
        _allow_revalidate: bool = True,
        _allow_autobegin: bool = True,
    ):
        """Construct a new Connection."""
        self.engine = engine
        self.dialect = dialect = engine.dialect
    
        if connection is None:
            try:
>               self._dbapi_connection = engine.raw_connection()
                                         ^^^^^^^^^^^^^^^^^^^^^^^

venv/lib64/python3.12/site-packages/sqlalchemy/engine/base.py:144: 
_ _ _ _ _ _ _ _ _ _ _ _ _ _ _ _ _ _ _ _ _ _ _ _ _ _ _ _ _ _ _ _ _ _ _ _ _ _ _ _ 
venv/lib64/python3.12/site-packages/sqlalchemy/engine/base.py:3319: in raw_connection
    return self.pool.connect()
           ^^^^^^^^^^^^^^^^^^^
venv/lib64/python3.12/site-packages/sqlalchemy/pool/base.py:448: in connect
    return _ConnectionFairy._checkout(self)
           ^^^^^^^^^^^^^^^^^^^^^^^^^^^^^^^^
venv/lib64/python3.12/site-packages/sqlalchemy/pool/base.py:1272: in _checkout
    fairy = _ConnectionRecord.checkout(pool)
            ^^^^^^^^^^^^^^^^^^^^^^^^^^^^^^^^
venv/lib64/python3.12/site-packages/sqlalchemy/pool/base.py:712: in checkout
    rec = pool._do_get()
          ^^^^^^^^^^^^^^
venv/lib64/python3.12/site-packages/sqlalchemy/pool/impl.py:178: in _do_get
    with util.safe_reraise():
         ^^^^^^^^^^^^^^^^^^^
venv/lib64/python3.12/site-packages/sqlalchemy/util/langhelpers.py:122: in __exit__
    raise exc_value.with_traceback(exc_tb)
venv/lib64/python3.12/site-packages/sqlalchemy/pool/impl.py:176: in _do_get
    return self._create_connection()
           ^^^^^^^^^^^^^^^^^^^^^^^^^
venv/lib64/python3.12/site-packages/sqlalchemy/pool/base.py:389: in _create_connection
    return _ConnectionRecord(self)
           ^^^^^^^^^^^^^^^^^^^^^^^
venv/lib64/python3.12/site-packages/sqlalchemy/pool/base.py:674: in __init__
    self.__connect()
venv/lib64/python3.12/site-packages/sqlalchemy/pool/base.py:900: in __connect
    with util.safe_reraise():
         ^^^^^^^^^^^^^^^^^^^
venv/lib64/python3.12/site-packages/sqlalchemy/util/langhelpers.py:122: in __exit__
    raise exc_value.with_traceback(exc_tb)
venv/lib64/python3.12/site-packages/sqlalchemy/pool/base.py:896: in __connect
    self.dbapi_connection = connection = pool._invoke_creator(self)
                                         ^^^^^^^^^^^^^^^^^^^^^^^^^^
venv/lib64/python3.12/site-packages/sqlalchemy/engine/create.py:667: in connect
    return dialect.connect(*cargs_tup, **cparams)
           ^^^^^^^^^^^^^^^^^^^^^^^^^^^^^^^^^^^^^^
_ _ _ _ _ _ _ _ _ _ _ _ _ _ _ _ _ _ _ _ _ _ _ _ _ _ _ _ _ _ _ _ _ _ _ _ _ _ _ _ 

self = <sqlalchemy.dialects.sqlite.pysqlite.SQLiteDialect_pysqlite object at 0x7e5846e630>
cargs = ('/root/Development/ExperimentsCloud/database/experiments.db',)
cparams = {'check_same_thread': False}

    def connect(self, *cargs: Any, **cparams: Any) -> DBAPIConnection:
        # inherits the docstring from interfaces.Dialect.connect
>       return self.loaded_dbapi.connect(*cargs, **cparams)  # type: ignore[no-any-return]  # NOQA: E501
               ^^^^^^^^^^^^^^^^^^^^^^^^^^^^^^^^^^^^^^^^^^^^
E       sqlite3.OperationalError: unable to open database file

venv/lib64/python3.12/site-packages/sqlalchemy/engine/default.py:630: OperationalError

The above exception was the direct cause of the following exception:

app = <Flask 'app'>

    @pytest.fixture(autouse=True)
    def database(app):
    
        print("\nDatabase URI:", app.config["SQLALCHEMY_DATABASE_URI"])
    
        with app.app_context():
    
>           db.drop_all()

tests/conftest.py:23: 
_ _ _ _ _ _ _ _ _ _ _ _ _ _ _ _ _ _ _ _ _ _ _ _ _ _ _ _ _ _ _ _ _ _ _ _ _ _ _ _ 
venv/lib64/python3.12/site-packages/flask_sqlalchemy/extension.py:917: in drop_all
    self._call_for_binds(bind_key, "drop_all")
venv/lib64/python3.12/site-packages/flask_sqlalchemy/extension.py:881: in _call_for_binds
    getattr(metadata, op_name)(bind=engine)
venv/lib64/python3.12/site-packages/sqlalchemy/sql/schema.py:5958: in drop_all
    bind._run_ddl_visitor(
venv/lib64/python3.12/site-packages/sqlalchemy/engine/base.py:3269: in _run_ddl_visitor
    with self.begin() as conn:
         ^^^^^^^^^^^^
/usr/lib64/python3.12/contextlib.py:137: in __enter__
    return next(self.gen)
           ^^^^^^^^^^^^^^
venv/lib64/python3.12/site-packages/sqlalchemy/engine/base.py:3259: in begin
    with self.connect() as conn:
         ^^^^^^^^^^^^^^
venv/lib64/python3.12/site-packages/sqlalchemy/engine/base.py:3295: in connect
    return self._connection_cls(self)
           ^^^^^^^^^^^^^^^^^^^^^^^^^^
venv/lib64/python3.12/site-packages/sqlalchemy/engine/base.py:146: in __init__
    Connection._handle_dbapi_exception_noconnection(
venv/lib64/python3.12/site-packages/sqlalchemy/engine/base.py:2450: in _handle_dbapi_exception_noconnection
    raise sqlalchemy_exception.with_traceback(exc_info[2]) from e
venv/lib64/python3.12/site-packages/sqlalchemy/engine/base.py:144: in __init__
    self._dbapi_connection = engine.raw_connection()
                             ^^^^^^^^^^^^^^^^^^^^^^^
venv/lib64/python3.12/site-packages/sqlalchemy/engine/base.py:3319: in raw_connection
    return self.pool.connect()
           ^^^^^^^^^^^^^^^^^^^
venv/lib64/python3.12/site-packages/sqlalchemy/pool/base.py:448: in connect
    return _ConnectionFairy._checkout(self)
           ^^^^^^^^^^^^^^^^^^^^^^^^^^^^^^^^
venv/lib64/python3.12/site-packages/sqlalchemy/pool/base.py:1272: in _checkout
    fairy = _ConnectionRecord.checkout(pool)
            ^^^^^^^^^^^^^^^^^^^^^^^^^^^^^^^^
venv/lib64/python3.12/site-packages/sqlalchemy/pool/base.py:712: in checkout
    rec = pool._do_get()
          ^^^^^^^^^^^^^^
venv/lib64/python3.12/site-packages/sqlalchemy/pool/impl.py:178: in _do_get
    with util.safe_reraise():
         ^^^^^^^^^^^^^^^^^^^
venv/lib64/python3.12/site-packages/sqlalchemy/util/langhelpers.py:122: in __exit__
    raise exc_value.with_traceback(exc_tb)
venv/lib64/python3.12/site-packages/sqlalchemy/pool/impl.py:176: in _do_get
    return self._create_connection()
           ^^^^^^^^^^^^^^^^^^^^^^^^^
venv/lib64/python3.12/site-packages/sqlalchemy/pool/base.py:389: in _create_connection
    return _ConnectionRecord(self)
           ^^^^^^^^^^^^^^^^^^^^^^^
venv/lib64/python3.12/site-packages/sqlalchemy/pool/base.py:674: in __init__
    self.__connect()
venv/lib64/python3.12/site-packages/sqlalchemy/pool/base.py:900: in __connect
    with util.safe_reraise():
         ^^^^^^^^^^^^^^^^^^^
venv/lib64/python3.12/site-packages/sqlalchemy/util/langhelpers.py:122: in __exit__
    raise exc_value.with_traceback(exc_tb)
venv/lib64/python3.12/site-packages/sqlalchemy/pool/base.py:896: in __connect
    self.dbapi_connection = connection = pool._invoke_creator(self)
                                         ^^^^^^^^^^^^^^^^^^^^^^^^^^
venv/lib64/python3.12/site-packages/sqlalchemy/engine/create.py:667: in connect
    return dialect.connect(*cargs_tup, **cparams)
           ^^^^^^^^^^^^^^^^^^^^^^^^^^^^^^^^^^^^^^
_ _ _ _ _ _ _ _ _ _ _ _ _ _ _ _ _ _ _ _ _ _ _ _ _ _ _ _ _ _ _ _ _ _ _ _ _ _ _ _ 

self = <sqlalchemy.dialects.sqlite.pysqlite.SQLiteDialect_pysqlite object at 0x7e5846e630>
cargs = ('/root/Development/ExperimentsCloud/database/experiments.db',)
cparams = {'check_same_thread': False}

    def connect(self, *cargs: Any, **cparams: Any) -> DBAPIConnection:
        # inherits the docstring from interfaces.Dialect.connect
>       return self.loaded_dbapi.connect(*cargs, **cparams)  # type: ignore[no-any-return]  # NOQA: E501
               ^^^^^^^^^^^^^^^^^^^^^^^^^^^^^^^^^^^^^^^^^^^^
E       sqlalchemy.exc.OperationalError: (sqlite3.OperationalError) unable to open database file
E       (Background on this error at: https://sqlalche.me/e/20/e3q8)

venv/lib64/python3.12/site-packages/sqlalchemy/engine/default.py:630: OperationalError
---------------------------- Captured stdout setup -----------------------------

Database URI: sqlite:///:memory:
___________________ ERROR at setup of test_download_success ____________________

self = <sqlalchemy.engine.base.Connection object at 0x7e5824a810>
engine = Engine(sqlite:////root/Development/ExperimentsCloud/database/experiments.db)
connection = None, _has_events = None, _allow_revalidate = True
_allow_autobegin = True

    def __init__(
        self,
        engine: Engine,
        connection: Optional[PoolProxiedConnection] = None,
        _has_events: Optional[bool] = None,
        _allow_revalidate: bool = True,
        _allow_autobegin: bool = True,
    ):
        """Construct a new Connection."""
        self.engine = engine
        self.dialect = dialect = engine.dialect
    
        if connection is None:
            try:
>               self._dbapi_connection = engine.raw_connection()
                                         ^^^^^^^^^^^^^^^^^^^^^^^

venv/lib64/python3.12/site-packages/sqlalchemy/engine/base.py:144: 
_ _ _ _ _ _ _ _ _ _ _ _ _ _ _ _ _ _ _ _ _ _ _ _ _ _ _ _ _ _ _ _ _ _ _ _ _ _ _ _ 
venv/lib64/python3.12/site-packages/sqlalchemy/engine/base.py:3319: in raw_connection
    return self.pool.connect()
           ^^^^^^^^^^^^^^^^^^^
venv/lib64/python3.12/site-packages/sqlalchemy/pool/base.py:448: in connect
    return _ConnectionFairy._checkout(self)
           ^^^^^^^^^^^^^^^^^^^^^^^^^^^^^^^^
venv/lib64/python3.12/site-packages/sqlalchemy/pool/base.py:1272: in _checkout
    fairy = _ConnectionRecord.checkout(pool)
            ^^^^^^^^^^^^^^^^^^^^^^^^^^^^^^^^
venv/lib64/python3.12/site-packages/sqlalchemy/pool/base.py:712: in checkout
    rec = pool._do_get()
          ^^^^^^^^^^^^^^
venv/lib64/python3.12/site-packages/sqlalchemy/pool/impl.py:178: in _do_get
    with util.safe_reraise():
         ^^^^^^^^^^^^^^^^^^^
venv/lib64/python3.12/site-packages/sqlalchemy/util/langhelpers.py:122: in __exit__
    raise exc_value.with_traceback(exc_tb)
venv/lib64/python3.12/site-packages/sqlalchemy/pool/impl.py:176: in _do_get
    return self._create_connection()
           ^^^^^^^^^^^^^^^^^^^^^^^^^
venv/lib64/python3.12/site-packages/sqlalchemy/pool/base.py:389: in _create_connection
    return _ConnectionRecord(self)
           ^^^^^^^^^^^^^^^^^^^^^^^
venv/lib64/python3.12/site-packages/sqlalchemy/pool/base.py:674: in __init__
    self.__connect()
venv/lib64/python3.12/site-packages/sqlalchemy/pool/base.py:900: in __connect
    with util.safe_reraise():
         ^^^^^^^^^^^^^^^^^^^
venv/lib64/python3.12/site-packages/sqlalchemy/util/langhelpers.py:122: in __exit__
    raise exc_value.with_traceback(exc_tb)
venv/lib64/python3.12/site-packages/sqlalchemy/pool/base.py:896: in __connect
    self.dbapi_connection = connection = pool._invoke_creator(self)
                                         ^^^^^^^^^^^^^^^^^^^^^^^^^^
venv/lib64/python3.12/site-packages/sqlalchemy/engine/create.py:667: in connect
    return dialect.connect(*cargs_tup, **cparams)
           ^^^^^^^^^^^^^^^^^^^^^^^^^^^^^^^^^^^^^^
_ _ _ _ _ _ _ _ _ _ _ _ _ _ _ _ _ _ _ _ _ _ _ _ _ _ _ _ _ _ _ _ _ _ _ _ _ _ _ _ 

self = <sqlalchemy.dialects.sqlite.pysqlite.SQLiteDialect_pysqlite object at 0x7e5846e630>
cargs = ('/root/Development/ExperimentsCloud/database/experiments.db',)
cparams = {'check_same_thread': False}

    def connect(self, *cargs: Any, **cparams: Any) -> DBAPIConnection:
        # inherits the docstring from interfaces.Dialect.connect
>       return self.loaded_dbapi.connect(*cargs, **cparams)  # type: ignore[no-any-return]  # NOQA: E501
               ^^^^^^^^^^^^^^^^^^^^^^^^^^^^^^^^^^^^^^^^^^^^
E       sqlite3.OperationalError: unable to open database file

venv/lib64/python3.12/site-packages/sqlalchemy/engine/default.py:630: OperationalError

The above exception was the direct cause of the following exception:

app = <Flask 'app'>

    @pytest.fixture(autouse=True)
    def database(app):
    
        print("\nDatabase URI:", app.config["SQLALCHEMY_DATABASE_URI"])
    
        with app.app_context():
    
>           db.drop_all()

tests/conftest.py:23: 
_ _ _ _ _ _ _ _ _ _ _ _ _ _ _ _ _ _ _ _ _ _ _ _ _ _ _ _ _ _ _ _ _ _ _ _ _ _ _ _ 
venv/lib64/python3.12/site-packages/flask_sqlalchemy/extension.py:917: in drop_all
    self._call_for_binds(bind_key, "drop_all")
venv/lib64/python3.12/site-packages/flask_sqlalchemy/extension.py:881: in _call_for_binds
    getattr(metadata, op_name)(bind=engine)
venv/lib64/python3.12/site-packages/sqlalchemy/sql/schema.py:5958: in drop_all
    bind._run_ddl_visitor(
venv/lib64/python3.12/site-packages/sqlalchemy/engine/base.py:3269: in _run_ddl_visitor
    with self.begin() as conn:
         ^^^^^^^^^^^^
/usr/lib64/python3.12/contextlib.py:137: in __enter__
    return next(self.gen)
           ^^^^^^^^^^^^^^
venv/lib64/python3.12/site-packages/sqlalchemy/engine/base.py:3259: in begin
    with self.connect() as conn:
         ^^^^^^^^^^^^^^
venv/lib64/python3.12/site-packages/sqlalchemy/engine/base.py:3295: in connect
    return self._connection_cls(self)
           ^^^^^^^^^^^^^^^^^^^^^^^^^^
venv/lib64/python3.12/site-packages/sqlalchemy/engine/base.py:146: in __init__
    Connection._handle_dbapi_exception_noconnection(
venv/lib64/python3.12/site-packages/sqlalchemy/engine/base.py:2450: in _handle_dbapi_exception_noconnection
    raise sqlalchemy_exception.with_traceback(exc_info[2]) from e
venv/lib64/python3.12/site-packages/sqlalchemy/engine/base.py:144: in __init__
    self._dbapi_connection = engine.raw_connection()
                             ^^^^^^^^^^^^^^^^^^^^^^^
venv/lib64/python3.12/site-packages/sqlalchemy/engine/base.py:3319: in raw_connection
    return self.pool.connect()
           ^^^^^^^^^^^^^^^^^^^
venv/lib64/python3.12/site-packages/sqlalchemy/pool/base.py:448: in connect
    return _ConnectionFairy._checkout(self)
           ^^^^^^^^^^^^^^^^^^^^^^^^^^^^^^^^
venv/lib64/python3.12/site-packages/sqlalchemy/pool/base.py:1272: in _checkout
    fairy = _ConnectionRecord.checkout(pool)
            ^^^^^^^^^^^^^^^^^^^^^^^^^^^^^^^^
venv/lib64/python3.12/site-packages/sqlalchemy/pool/base.py:712: in checkout
    rec = pool._do_get()
          ^^^^^^^^^^^^^^
venv/lib64/python3.12/site-packages/sqlalchemy/pool/impl.py:178: in _do_get
    with util.safe_reraise():
         ^^^^^^^^^^^^^^^^^^^
venv/lib64/python3.12/site-packages/sqlalchemy/util/langhelpers.py:122: in __exit__
    raise exc_value.with_traceback(exc_tb)
venv/lib64/python3.12/site-packages/sqlalchemy/pool/impl.py:176: in _do_get
    return self._create_connection()
           ^^^^^^^^^^^^^^^^^^^^^^^^^
venv/lib64/python3.12/site-packages/sqlalchemy/pool/base.py:389: in _create_connection
    return _ConnectionRecord(self)
           ^^^^^^^^^^^^^^^^^^^^^^^
venv/lib64/python3.12/site-packages/sqlalchemy/pool/base.py:674: in __init__
    self.__connect()
venv/lib64/python3.12/site-packages/sqlalchemy/pool/base.py:900: in __connect
    with util.safe_reraise():
         ^^^^^^^^^^^^^^^^^^^
venv/lib64/python3.12/site-packages/sqlalchemy/util/langhelpers.py:122: in __exit__
    raise exc_value.with_traceback(exc_tb)
venv/lib64/python3.12/site-packages/sqlalchemy/pool/base.py:896: in __connect
    self.dbapi_connection = connection = pool._invoke_creator(self)
                                         ^^^^^^^^^^^^^^^^^^^^^^^^^^
venv/lib64/python3.12/site-packages/sqlalchemy/engine/create.py:667: in connect
    return dialect.connect(*cargs_tup, **cparams)
           ^^^^^^^^^^^^^^^^^^^^^^^^^^^^^^^^^^^^^^
_ _ _ _ _ _ _ _ _ _ _ _ _ _ _ _ _ _ _ _ _ _ _ _ _ _ _ _ _ _ _ _ _ _ _ _ _ _ _ _ 

self = <sqlalchemy.dialects.sqlite.pysqlite.SQLiteDialect_pysqlite object at 0x7e5846e630>
cargs = ('/root/Development/ExperimentsCloud/database/experiments.db',)
cparams = {'check_same_thread': False}

    def connect(self, *cargs: Any, **cparams: Any) -> DBAPIConnection:
        # inherits the docstring from interfaces.Dialect.connect
>       return self.loaded_dbapi.connect(*cargs, **cparams)  # type: ignore[no-any-return]  # NOQA: E501
               ^^^^^^^^^^^^^^^^^^^^^^^^^^^^^^^^^^^^^^^^^^^^
E       sqlalchemy.exc.OperationalError: (sqlite3.OperationalError) unable to open database file
E       (Background on this error at: https://sqlalche.me/e/20/e3q8)

venv/lib64/python3.12/site-packages/sqlalchemy/engine/default.py:630: OperationalError
---------------------------- Captured stdout setup -----------------------------

Database URI: sqlite:///:memory:
____________________ ERROR at setup of test_delete_success _____________________

self = <sqlalchemy.engine.base.Connection object at 0x7e5822e3c0>
engine = Engine(sqlite:////root/Development/ExperimentsCloud/database/experiments.db)
connection = None, _has_events = None, _allow_revalidate = True
_allow_autobegin = True

    def __init__(
        self,
        engine: Engine,
        connection: Optional[PoolProxiedConnection] = None,
        _has_events: Optional[bool] = None,
        _allow_revalidate: bool = True,
        _allow_autobegin: bool = True,
    ):
        """Construct a new Connection."""
        self.engine = engine
        self.dialect = dialect = engine.dialect
    
        if connection is None:
            try:
>               self._dbapi_connection = engine.raw_connection()
                                         ^^^^^^^^^^^^^^^^^^^^^^^

venv/lib64/python3.12/site-packages/sqlalchemy/engine/base.py:144: 
_ _ _ _ _ _ _ _ _ _ _ _ _ _ _ _ _ _ _ _ _ _ _ _ _ _ _ _ _ _ _ _ _ _ _ _ _ _ _ _ 
venv/lib64/python3.12/site-packages/sqlalchemy/engine/base.py:3319: in raw_connection
    return self.pool.connect()
           ^^^^^^^^^^^^^^^^^^^
venv/lib64/python3.12/site-packages/sqlalchemy/pool/base.py:448: in connect
    return _ConnectionFairy._checkout(self)
           ^^^^^^^^^^^^^^^^^^^^^^^^^^^^^^^^
venv/lib64/python3.12/site-packages/sqlalchemy/pool/base.py:1272: in _checkout
    fairy = _ConnectionRecord.checkout(pool)
            ^^^^^^^^^^^^^^^^^^^^^^^^^^^^^^^^
venv/lib64/python3.12/site-packages/sqlalchemy/pool/base.py:712: in checkout
    rec = pool._do_get()
          ^^^^^^^^^^^^^^
venv/lib64/python3.12/site-packages/sqlalchemy/pool/impl.py:178: in _do_get
    with util.safe_reraise():
         ^^^^^^^^^^^^^^^^^^^
venv/lib64/python3.12/site-packages/sqlalchemy/util/langhelpers.py:122: in __exit__
    raise exc_value.with_traceback(exc_tb)
venv/lib64/python3.12/site-packages/sqlalchemy/pool/impl.py:176: in _do_get
    return self._create_connection()
           ^^^^^^^^^^^^^^^^^^^^^^^^^
venv/lib64/python3.12/site-packages/sqlalchemy/pool/base.py:389: in _create_connection
    return _ConnectionRecord(self)
           ^^^^^^^^^^^^^^^^^^^^^^^
venv/lib64/python3.12/site-packages/sqlalchemy/pool/base.py:674: in __init__
    self.__connect()
venv/lib64/python3.12/site-packages/sqlalchemy/pool/base.py:900: in __connect
    with util.safe_reraise():
         ^^^^^^^^^^^^^^^^^^^
venv/lib64/python3.12/site-packages/sqlalchemy/util/langhelpers.py:122: in __exit__
    raise exc_value.with_traceback(exc_tb)
venv/lib64/python3.12/site-packages/sqlalchemy/pool/base.py:896: in __connect
    self.dbapi_connection = connection = pool._invoke_creator(self)
                                         ^^^^^^^^^^^^^^^^^^^^^^^^^^
venv/lib64/python3.12/site-packages/sqlalchemy/engine/create.py:667: in connect
    return dialect.connect(*cargs_tup, **cparams)
           ^^^^^^^^^^^^^^^^^^^^^^^^^^^^^^^^^^^^^^
_ _ _ _ _ _ _ _ _ _ _ _ _ _ _ _ _ _ _ _ _ _ _ _ _ _ _ _ _ _ _ _ _ _ _ _ _ _ _ _ 

self = <sqlalchemy.dialects.sqlite.pysqlite.SQLiteDialect_pysqlite object at 0x7e5846e630>
cargs = ('/root/Development/ExperimentsCloud/database/experiments.db',)
cparams = {'check_same_thread': False}

    def connect(self, *cargs: Any, **cparams: Any) -> DBAPIConnection:
        # inherits the docstring from interfaces.Dialect.connect
>       return self.loaded_dbapi.connect(*cargs, **cparams)  # type: ignore[no-any-return]  # NOQA: E501
               ^^^^^^^^^^^^^^^^^^^^^^^^^^^^^^^^^^^^^^^^^^^^
E       sqlite3.OperationalError: unable to open database file

venv/lib64/python3.12/site-packages/sqlalchemy/engine/default.py:630: OperationalError

The above exception was the direct cause of the following exception:

app = <Flask 'app'>

    @pytest.fixture(autouse=True)
    def database(app):
    
        print("\nDatabase URI:", app.config["SQLALCHEMY_DATABASE_URI"])
    
        with app.app_context():
    
>           db.drop_all()

tests/conftest.py:23: 
_ _ _ _ _ _ _ _ _ _ _ _ _ _ _ _ _ _ _ _ _ _ _ _ _ _ _ _ _ _ _ _ _ _ _ _ _ _ _ _ 
venv/lib64/python3.12/site-packages/flask_sqlalchemy/extension.py:917: in drop_all
    self._call_for_binds(bind_key, "drop_all")
venv/lib64/python3.12/site-packages/flask_sqlalchemy/extension.py:881: in _call_for_binds
    getattr(metadata, op_name)(bind=engine)
venv/lib64/python3.12/site-packages/sqlalchemy/sql/schema.py:5958: in drop_all
    bind._run_ddl_visitor(
venv/lib64/python3.12/site-packages/sqlalchemy/engine/base.py:3269: in _run_ddl_visitor
    with self.begin() as conn:
         ^^^^^^^^^^^^
/usr/lib64/python3.12/contextlib.py:137: in __enter__
    return next(self.gen)
           ^^^^^^^^^^^^^^
venv/lib64/python3.12/site-packages/sqlalchemy/engine/base.py:3259: in begin
    with self.connect() as conn:
         ^^^^^^^^^^^^^^
venv/lib64/python3.12/site-packages/sqlalchemy/engine/base.py:3295: in connect
    return self._connection_cls(self)
           ^^^^^^^^^^^^^^^^^^^^^^^^^^
venv/lib64/python3.12/site-packages/sqlalchemy/engine/base.py:146: in __init__
    Connection._handle_dbapi_exception_noconnection(
venv/lib64/python3.12/site-packages/sqlalchemy/engine/base.py:2450: in _handle_dbapi_exception_noconnection
    raise sqlalchemy_exception.with_traceback(exc_info[2]) from e
venv/lib64/python3.12/site-packages/sqlalchemy/engine/base.py:144: in __init__
    self._dbapi_connection = engine.raw_connection()
                             ^^^^^^^^^^^^^^^^^^^^^^^
venv/lib64/python3.12/site-packages/sqlalchemy/engine/base.py:3319: in raw_connection
    return self.pool.connect()
           ^^^^^^^^^^^^^^^^^^^
venv/lib64/python3.12/site-packages/sqlalchemy/pool/base.py:448: in connect
    return _ConnectionFairy._checkout(self)
           ^^^^^^^^^^^^^^^^^^^^^^^^^^^^^^^^
venv/lib64/python3.12/site-packages/sqlalchemy/pool/base.py:1272: in _checkout
    fairy = _ConnectionRecord.checkout(pool)
            ^^^^^^^^^^^^^^^^^^^^^^^^^^^^^^^^
venv/lib64/python3.12/site-packages/sqlalchemy/pool/base.py:712: in checkout
    rec = pool._do_get()
          ^^^^^^^^^^^^^^
venv/lib64/python3.12/site-packages/sqlalchemy/pool/impl.py:178: in _do_get
    with util.safe_reraise():
         ^^^^^^^^^^^^^^^^^^^
venv/lib64/python3.12/site-packages/sqlalchemy/util/langhelpers.py:122: in __exit__
    raise exc_value.with_traceback(exc_tb)
venv/lib64/python3.12/site-packages/sqlalchemy/pool/impl.py:176: in _do_get
    return self._create_connection()
           ^^^^^^^^^^^^^^^^^^^^^^^^^
venv/lib64/python3.12/site-packages/sqlalchemy/pool/base.py:389: in _create_connection
    return _ConnectionRecord(self)
           ^^^^^^^^^^^^^^^^^^^^^^^
venv/lib64/python3.12/site-packages/sqlalchemy/pool/base.py:674: in __init__
    self.__connect()
venv/lib64/python3.12/site-packages/sqlalchemy/pool/base.py:900: in __connect
    with util.safe_reraise():
         ^^^^^^^^^^^^^^^^^^^
venv/lib64/python3.12/site-packages/sqlalchemy/util/langhelpers.py:122: in __exit__
    raise exc_value.with_traceback(exc_tb)
venv/lib64/python3.12/site-packages/sqlalchemy/pool/base.py:896: in __connect
    self.dbapi_connection = connection = pool._invoke_creator(self)
                                         ^^^^^^^^^^^^^^^^^^^^^^^^^^
venv/lib64/python3.12/site-packages/sqlalchemy/engine/create.py:667: in connect
    return dialect.connect(*cargs_tup, **cparams)
           ^^^^^^^^^^^^^^^^^^^^^^^^^^^^^^^^^^^^^^
_ _ _ _ _ _ _ _ _ _ _ _ _ _ _ _ _ _ _ _ _ _ _ _ _ _ _ _ _ _ _ _ _ _ _ _ _ _ _ _ 

self = <sqlalchemy.dialects.sqlite.pysqlite.SQLiteDialect_pysqlite object at 0x7e5846e630>
cargs = ('/root/Development/ExperimentsCloud/database/experiments.db',)
cparams = {'check_same_thread': False}

    def connect(self, *cargs: Any, **cparams: Any) -> DBAPIConnection:
        # inherits the docstring from interfaces.Dialect.connect
>       return self.loaded_dbapi.connect(*cargs, **cparams)  # type: ignore[no-any-return]  # NOQA: E501
               ^^^^^^^^^^^^^^^^^^^^^^^^^^^^^^^^^^^^^^^^^^^^
E       sqlalchemy.exc.OperationalError: (sqlite3.OperationalError) unable to open database file
E       (Background on this error at: https://sqlalche.me/e/20/e3q8)

venv/lib64/python3.12/site-packages/sqlalchemy/engine/default.py:630: OperationalError
---------------------------- Captured stdout setup -----------------------------

Database URI: sqlite:///:memory:
_________________ ERROR at setup of test_rename_requires_login _________________

self = <sqlalchemy.engine.base.Connection object at 0x7e5820b4a0>
engine = Engine(sqlite:////root/Development/ExperimentsCloud/database/experiments.db)
connection = None, _has_events = None, _allow_revalidate = True
_allow_autobegin = True

    def __init__(
        self,
        engine: Engine,
        connection: Optional[PoolProxiedConnection] = None,
        _has_events: Optional[bool] = None,
        _allow_revalidate: bool = True,
        _allow_autobegin: bool = True,
    ):
        """Construct a new Connection."""
        self.engine = engine
        self.dialect = dialect = engine.dialect
    
        if connection is None:
            try:
>               self._dbapi_connection = engine.raw_connection()
                                         ^^^^^^^^^^^^^^^^^^^^^^^

venv/lib64/python3.12/site-packages/sqlalchemy/engine/base.py:144: 
_ _ _ _ _ _ _ _ _ _ _ _ _ _ _ _ _ _ _ _ _ _ _ _ _ _ _ _ _ _ _ _ _ _ _ _ _ _ _ _ 
venv/lib64/python3.12/site-packages/sqlalchemy/engine/base.py:3319: in raw_connection
    return self.pool.connect()
           ^^^^^^^^^^^^^^^^^^^
venv/lib64/python3.12/site-packages/sqlalchemy/pool/base.py:448: in connect
    return _ConnectionFairy._checkout(self)
           ^^^^^^^^^^^^^^^^^^^^^^^^^^^^^^^^
venv/lib64/python3.12/site-packages/sqlalchemy/pool/base.py:1272: in _checkout
    fairy = _ConnectionRecord.checkout(pool)
            ^^^^^^^^^^^^^^^^^^^^^^^^^^^^^^^^
venv/lib64/python3.12/site-packages/sqlalchemy/pool/base.py:712: in checkout
    rec = pool._do_get()
          ^^^^^^^^^^^^^^
venv/lib64/python3.12/site-packages/sqlalchemy/pool/impl.py:178: in _do_get
    with util.safe_reraise():
         ^^^^^^^^^^^^^^^^^^^
venv/lib64/python3.12/site-packages/sqlalchemy/util/langhelpers.py:122: in __exit__
    raise exc_value.with_traceback(exc_tb)
venv/lib64/python3.12/site-packages/sqlalchemy/pool/impl.py:176: in _do_get
    return self._create_connection()
           ^^^^^^^^^^^^^^^^^^^^^^^^^
venv/lib64/python3.12/site-packages/sqlalchemy/pool/base.py:389: in _create_connection
    return _ConnectionRecord(self)
           ^^^^^^^^^^^^^^^^^^^^^^^
venv/lib64/python3.12/site-packages/sqlalchemy/pool/base.py:674: in __init__
    self.__connect()
venv/lib64/python3.12/site-packages/sqlalchemy/pool/base.py:900: in __connect
    with util.safe_reraise():
         ^^^^^^^^^^^^^^^^^^^
venv/lib64/python3.12/site-packages/sqlalchemy/util/langhelpers.py:122: in __exit__
    raise exc_value.with_traceback(exc_tb)
venv/lib64/python3.12/site-packages/sqlalchemy/pool/base.py:896: in __connect
    self.dbapi_connection = connection = pool._invoke_creator(self)
                                         ^^^^^^^^^^^^^^^^^^^^^^^^^^
venv/lib64/python3.12/site-packages/sqlalchemy/engine/create.py:667: in connect
    return dialect.connect(*cargs_tup, **cparams)
           ^^^^^^^^^^^^^^^^^^^^^^^^^^^^^^^^^^^^^^
_ _ _ _ _ _ _ _ _ _ _ _ _ _ _ _ _ _ _ _ _ _ _ _ _ _ _ _ _ _ _ _ _ _ _ _ _ _ _ _ 

self = <sqlalchemy.dialects.sqlite.pysqlite.SQLiteDialect_pysqlite object at 0x7e5846e630>
cargs = ('/root/Development/ExperimentsCloud/database/experiments.db',)
cparams = {'check_same_thread': False}

    def connect(self, *cargs: Any, **cparams: Any) -> DBAPIConnection:
        # inherits the docstring from interfaces.Dialect.connect
>       return self.loaded_dbapi.connect(*cargs, **cparams)  # type: ignore[no-any-return]  # NOQA: E501
               ^^^^^^^^^^^^^^^^^^^^^^^^^^^^^^^^^^^^^^^^^^^^
E       sqlite3.OperationalError: unable to open database file

venv/lib64/python3.12/site-packages/sqlalchemy/engine/default.py:630: OperationalError

The above exception was the direct cause of the following exception:

app = <Flask 'app'>

    @pytest.fixture(autouse=True)
    def database(app):
    
        print("\nDatabase URI:", app.config["SQLALCHEMY_DATABASE_URI"])
    
        with app.app_context():
    
>           db.drop_all()

tests/conftest.py:23: 
_ _ _ _ _ _ _ _ _ _ _ _ _ _ _ _ _ _ _ _ _ _ _ _ _ _ _ _ _ _ _ _ _ _ _ _ _ _ _ _ 
venv/lib64/python3.12/site-packages/flask_sqlalchemy/extension.py:917: in drop_all
    self._call_for_binds(bind_key, "drop_all")
venv/lib64/python3.12/site-packages/flask_sqlalchemy/extension.py:881: in _call_for_binds
    getattr(metadata, op_name)(bind=engine)
venv/lib64/python3.12/site-packages/sqlalchemy/sql/schema.py:5958: in drop_all
    bind._run_ddl_visitor(
venv/lib64/python3.12/site-packages/sqlalchemy/engine/base.py:3269: in _run_ddl_visitor
    with self.begin() as conn:
         ^^^^^^^^^^^^
/usr/lib64/python3.12/contextlib.py:137: in __enter__
    return next(self.gen)
           ^^^^^^^^^^^^^^
venv/lib64/python3.12/site-packages/sqlalchemy/engine/base.py:3259: in begin
    with self.connect() as conn:
         ^^^^^^^^^^^^^^
venv/lib64/python3.12/site-packages/sqlalchemy/engine/base.py:3295: in connect
    return self._connection_cls(self)
           ^^^^^^^^^^^^^^^^^^^^^^^^^^
venv/lib64/python3.12/site-packages/sqlalchemy/engine/base.py:146: in __init__
    Connection._handle_dbapi_exception_noconnection(
venv/lib64/python3.12/site-packages/sqlalchemy/engine/base.py:2450: in _handle_dbapi_exception_noconnection
    raise sqlalchemy_exception.with_traceback(exc_info[2]) from e
venv/lib64/python3.12/site-packages/sqlalchemy/engine/base.py:144: in __init__
    self._dbapi_connection = engine.raw_connection()
                             ^^^^^^^^^^^^^^^^^^^^^^^
venv/lib64/python3.12/site-packages/sqlalchemy/engine/base.py:3319: in raw_connection
    return self.pool.connect()
           ^^^^^^^^^^^^^^^^^^^
venv/lib64/python3.12/site-packages/sqlalchemy/pool/base.py:448: in connect
    return _ConnectionFairy._checkout(self)
           ^^^^^^^^^^^^^^^^^^^^^^^^^^^^^^^^
venv/lib64/python3.12/site-packages/sqlalchemy/pool/base.py:1272: in _checkout
    fairy = _ConnectionRecord.checkout(pool)
            ^^^^^^^^^^^^^^^^^^^^^^^^^^^^^^^^
venv/lib64/python3.12/site-packages/sqlalchemy/pool/base.py:712: in checkout
    rec = pool._do_get()
          ^^^^^^^^^^^^^^
venv/lib64/python3.12/site-packages/sqlalchemy/pool/impl.py:178: in _do_get
    with util.safe_reraise():
         ^^^^^^^^^^^^^^^^^^^
venv/lib64/python3.12/site-packages/sqlalchemy/util/langhelpers.py:122: in __exit__
    raise exc_value.with_traceback(exc_tb)
venv/lib64/python3.12/site-packages/sqlalchemy/pool/impl.py:176: in _do_get
    return self._create_connection()
           ^^^^^^^^^^^^^^^^^^^^^^^^^
venv/lib64/python3.12/site-packages/sqlalchemy/pool/base.py:389: in _create_connection
    return _ConnectionRecord(self)
           ^^^^^^^^^^^^^^^^^^^^^^^
venv/lib64/python3.12/site-packages/sqlalchemy/pool/base.py:674: in __init__
    self.__connect()
venv/lib64/python3.12/site-packages/sqlalchemy/pool/base.py:900: in __connect
    with util.safe_reraise():
         ^^^^^^^^^^^^^^^^^^^
venv/lib64/python3.12/site-packages/sqlalchemy/util/langhelpers.py:122: in __exit__
    raise exc_value.with_traceback(exc_tb)
venv/lib64/python3.12/site-packages/sqlalchemy/pool/base.py:896: in __connect
    self.dbapi_connection = connection = pool._invoke_creator(self)
                                         ^^^^^^^^^^^^^^^^^^^^^^^^^^
venv/lib64/python3.12/site-packages/sqlalchemy/engine/create.py:667: in connect
    return dialect.connect(*cargs_tup, **cparams)
           ^^^^^^^^^^^^^^^^^^^^^^^^^^^^^^^^^^^^^^
_ _ _ _ _ _ _ _ _ _ _ _ _ _ _ _ _ _ _ _ _ _ _ _ _ _ _ _ _ _ _ _ _ _ _ _ _ _ _ _ 

self = <sqlalchemy.dialects.sqlite.pysqlite.SQLiteDialect_pysqlite object at 0x7e5846e630>
cargs = ('/root/Development/ExperimentsCloud/database/experiments.db',)
cparams = {'check_same_thread': False}

    def connect(self, *cargs: Any, **cparams: Any) -> DBAPIConnection:
        # inherits the docstring from interfaces.Dialect.connect
>       return self.loaded_dbapi.connect(*cargs, **cparams)  # type: ignore[no-any-return]  # NOQA: E501
               ^^^^^^^^^^^^^^^^^^^^^^^^^^^^^^^^^^^^^^^^^^^^
E       sqlalchemy.exc.OperationalError: (sqlite3.OperationalError) unable to open database file
E       (Background on this error at: https://sqlalche.me/e/20/e3q8)

venv/lib64/python3.12/site-packages/sqlalchemy/engine/default.py:630: OperationalError
---------------------------- Captured stdout setup -----------------------------

Database URI: sqlite:///:memory:
______________________ ERROR at setup of test_rename_page ______________________

self = <sqlalchemy.engine.base.Connection object at 0x7e581c4cb0>
engine = Engine(sqlite:////root/Development/ExperimentsCloud/database/experiments.db)
connection = None, _has_events = None, _allow_revalidate = True
_allow_autobegin = True

    def __init__(
        self,
        engine: Engine,
        connection: Optional[PoolProxiedConnection] = None,
        _has_events: Optional[bool] = None,
        _allow_revalidate: bool = True,
        _allow_autobegin: bool = True,
    ):
        """Construct a new Connection."""
        self.engine = engine
        self.dialect = dialect = engine.dialect
    
        if connection is None:
            try:
>               self._dbapi_connection = engine.raw_connection()
                                         ^^^^^^^^^^^^^^^^^^^^^^^

venv/lib64/python3.12/site-packages/sqlalchemy/engine/base.py:144: 
_ _ _ _ _ _ _ _ _ _ _ _ _ _ _ _ _ _ _ _ _ _ _ _ _ _ _ _ _ _ _ _ _ _ _ _ _ _ _ _ 
venv/lib64/python3.12/site-packages/sqlalchemy/engine/base.py:3319: in raw_connection
    return self.pool.connect()
           ^^^^^^^^^^^^^^^^^^^
venv/lib64/python3.12/site-packages/sqlalchemy/pool/base.py:448: in connect
    return _ConnectionFairy._checkout(self)
           ^^^^^^^^^^^^^^^^^^^^^^^^^^^^^^^^
venv/lib64/python3.12/site-packages/sqlalchemy/pool/base.py:1272: in _checkout
    fairy = _ConnectionRecord.checkout(pool)
            ^^^^^^^^^^^^^^^^^^^^^^^^^^^^^^^^
venv/lib64/python3.12/site-packages/sqlalchemy/pool/base.py:712: in checkout
    rec = pool._do_get()
          ^^^^^^^^^^^^^^
venv/lib64/python3.12/site-packages/sqlalchemy/pool/impl.py:178: in _do_get
    with util.safe_reraise():
         ^^^^^^^^^^^^^^^^^^^
venv/lib64/python3.12/site-packages/sqlalchemy/util/langhelpers.py:122: in __exit__
    raise exc_value.with_traceback(exc_tb)
venv/lib64/python3.12/site-packages/sqlalchemy/pool/impl.py:176: in _do_get
    return self._create_connection()
           ^^^^^^^^^^^^^^^^^^^^^^^^^
venv/lib64/python3.12/site-packages/sqlalchemy/pool/base.py:389: in _create_connection
    return _ConnectionRecord(self)
           ^^^^^^^^^^^^^^^^^^^^^^^
venv/lib64/python3.12/site-packages/sqlalchemy/pool/base.py:674: in __init__
    self.__connect()
venv/lib64/python3.12/site-packages/sqlalchemy/pool/base.py:900: in __connect
    with util.safe_reraise():
         ^^^^^^^^^^^^^^^^^^^
venv/lib64/python3.12/site-packages/sqlalchemy/util/langhelpers.py:122: in __exit__
    raise exc_value.with_traceback(exc_tb)
venv/lib64/python3.12/site-packages/sqlalchemy/pool/base.py:896: in __connect
    self.dbapi_connection = connection = pool._invoke_creator(self)
                                         ^^^^^^^^^^^^^^^^^^^^^^^^^^
venv/lib64/python3.12/site-packages/sqlalchemy/engine/create.py:667: in connect
    return dialect.connect(*cargs_tup, **cparams)
           ^^^^^^^^^^^^^^^^^^^^^^^^^^^^^^^^^^^^^^
_ _ _ _ _ _ _ _ _ _ _ _ _ _ _ _ _ _ _ _ _ _ _ _ _ _ _ _ _ _ _ _ _ _ _ _ _ _ _ _ 

self = <sqlalchemy.dialects.sqlite.pysqlite.SQLiteDialect_pysqlite object at 0x7e5846e630>
cargs = ('/root/Development/ExperimentsCloud/database/experiments.db',)
cparams = {'check_same_thread': False}

    def connect(self, *cargs: Any, **cparams: Any) -> DBAPIConnection:
        # inherits the docstring from interfaces.Dialect.connect
>       return self.loaded_dbapi.connect(*cargs, **cparams)  # type: ignore[no-any-return]  # NOQA: E501
               ^^^^^^^^^^^^^^^^^^^^^^^^^^^^^^^^^^^^^^^^^^^^
E       sqlite3.OperationalError: unable to open database file

venv/lib64/python3.12/site-packages/sqlalchemy/engine/default.py:630: OperationalError

The above exception was the direct cause of the following exception:

app = <Flask 'app'>

    @pytest.fixture(autouse=True)
    def database(app):
    
        print("\nDatabase URI:", app.config["SQLALCHEMY_DATABASE_URI"])
    
        with app.app_context():
    
>           db.drop_all()

tests/conftest.py:23: 
_ _ _ _ _ _ _ _ _ _ _ _ _ _ _ _ _ _ _ _ _ _ _ _ _ _ _ _ _ _ _ _ _ _ _ _ _ _ _ _ 
venv/lib64/python3.12/site-packages/flask_sqlalchemy/extension.py:917: in drop_all
    self._call_for_binds(bind_key, "drop_all")
venv/lib64/python3.12/site-packages/flask_sqlalchemy/extension.py:881: in _call_for_binds
    getattr(metadata, op_name)(bind=engine)
venv/lib64/python3.12/site-packages/sqlalchemy/sql/schema.py:5958: in drop_all
    bind._run_ddl_visitor(
venv/lib64/python3.12/site-packages/sqlalchemy/engine/base.py:3269: in _run_ddl_visitor
    with self.begin() as conn:
         ^^^^^^^^^^^^
/usr/lib64/python3.12/contextlib.py:137: in __enter__
    return next(self.gen)
           ^^^^^^^^^^^^^^
venv/lib64/python3.12/site-packages/sqlalchemy/engine/base.py:3259: in begin
    with self.connect() as conn:
         ^^^^^^^^^^^^^^
venv/lib64/python3.12/site-packages/sqlalchemy/engine/base.py:3295: in connect
    return self._connection_cls(self)
           ^^^^^^^^^^^^^^^^^^^^^^^^^^
venv/lib64/python3.12/site-packages/sqlalchemy/engine/base.py:146: in __init__
    Connection._handle_dbapi_exception_noconnection(
venv/lib64/python3.12/site-packages/sqlalchemy/engine/base.py:2450: in _handle_dbapi_exception_noconnection
    raise sqlalchemy_exception.with_traceback(exc_info[2]) from e
venv/lib64/python3.12/site-packages/sqlalchemy/engine/base.py:144: in __init__
    self._dbapi_connection = engine.raw_connection()
                             ^^^^^^^^^^^^^^^^^^^^^^^
venv/lib64/python3.12/site-packages/sqlalchemy/engine/base.py:3319: in raw_connection
    return self.pool.connect()
           ^^^^^^^^^^^^^^^^^^^
venv/lib64/python3.12/site-packages/sqlalchemy/pool/base.py:448: in connect
    return _ConnectionFairy._checkout(self)
           ^^^^^^^^^^^^^^^^^^^^^^^^^^^^^^^^
venv/lib64/python3.12/site-packages/sqlalchemy/pool/base.py:1272: in _checkout
    fairy = _ConnectionRecord.checkout(pool)
            ^^^^^^^^^^^^^^^^^^^^^^^^^^^^^^^^
venv/lib64/python3.12/site-packages/sqlalchemy/pool/base.py:712: in checkout
    rec = pool._do_get()
          ^^^^^^^^^^^^^^
venv/lib64/python3.12/site-packages/sqlalchemy/pool/impl.py:178: in _do_get
    with util.safe_reraise():
         ^^^^^^^^^^^^^^^^^^^
venv/lib64/python3.12/site-packages/sqlalchemy/util/langhelpers.py:122: in __exit__
    raise exc_value.with_traceback(exc_tb)
venv/lib64/python3.12/site-packages/sqlalchemy/pool/impl.py:176: in _do_get
    return self._create_connection()
           ^^^^^^^^^^^^^^^^^^^^^^^^^
venv/lib64/python3.12/site-packages/sqlalchemy/pool/base.py:389: in _create_connection
    return _ConnectionRecord(self)
           ^^^^^^^^^^^^^^^^^^^^^^^
venv/lib64/python3.12/site-packages/sqlalchemy/pool/base.py:674: in __init__
    self.__connect()
venv/lib64/python3.12/site-packages/sqlalchemy/pool/base.py:900: in __connect
    with util.safe_reraise():
         ^^^^^^^^^^^^^^^^^^^
venv/lib64/python3.12/site-packages/sqlalchemy/util/langhelpers.py:122: in __exit__
    raise exc_value.with_traceback(exc_tb)
venv/lib64/python3.12/site-packages/sqlalchemy/pool/base.py:896: in __connect
    self.dbapi_connection = connection = pool._invoke_creator(self)
                                         ^^^^^^^^^^^^^^^^^^^^^^^^^^
venv/lib64/python3.12/site-packages/sqlalchemy/engine/create.py:667: in connect
    return dialect.connect(*cargs_tup, **cparams)
           ^^^^^^^^^^^^^^^^^^^^^^^^^^^^^^^^^^^^^^
_ _ _ _ _ _ _ _ _ _ _ _ _ _ _ _ _ _ _ _ _ _ _ _ _ _ _ _ _ _ _ _ _ _ _ _ _ _ _ _ 

self = <sqlalchemy.dialects.sqlite.pysqlite.SQLiteDialect_pysqlite object at 0x7e5846e630>
cargs = ('/root/Development/ExperimentsCloud/database/experiments.db',)
cparams = {'check_same_thread': False}

    def connect(self, *cargs: Any, **cparams: Any) -> DBAPIConnection:
        # inherits the docstring from interfaces.Dialect.connect
>       return self.loaded_dbapi.connect(*cargs, **cparams)  # type: ignore[no-any-return]  # NOQA: E501
               ^^^^^^^^^^^^^^^^^^^^^^^^^^^^^^^^^^^^^^^^^^^^
E       sqlalchemy.exc.OperationalError: (sqlite3.OperationalError) unable to open database file
E       (Background on this error at: https://sqlalche.me/e/20/e3q8)

venv/lib64/python3.12/site-packages/sqlalchemy/engine/default.py:630: OperationalError
---------------------------- Captured stdout setup -----------------------------

Database URI: sqlite:///:memory:
____________________ ERROR at setup of test_rename_success _____________________

self = <sqlalchemy.engine.base.Connection object at 0x7e581936b0>
engine = Engine(sqlite:////root/Development/ExperimentsCloud/database/experiments.db)
connection = None, _has_events = None, _allow_revalidate = True
_allow_autobegin = True

    def __init__(
        self,
        engine: Engine,
        connection: Optional[PoolProxiedConnection] = None,
        _has_events: Optional[bool] = None,
        _allow_revalidate: bool = True,
        _allow_autobegin: bool = True,
    ):
        """Construct a new Connection."""
        self.engine = engine
        self.dialect = dialect = engine.dialect
    
        if connection is None:
            try:
>               self._dbapi_connection = engine.raw_connection()
                                         ^^^^^^^^^^^^^^^^^^^^^^^

venv/lib64/python3.12/site-packages/sqlalchemy/engine/base.py:144: 
_ _ _ _ _ _ _ _ _ _ _ _ _ _ _ _ _ _ _ _ _ _ _ _ _ _ _ _ _ _ _ _ _ _ _ _ _ _ _ _ 
venv/lib64/python3.12/site-packages/sqlalchemy/engine/base.py:3319: in raw_connection
    return self.pool.connect()
           ^^^^^^^^^^^^^^^^^^^
venv/lib64/python3.12/site-packages/sqlalchemy/pool/base.py:448: in connect
    return _ConnectionFairy._checkout(self)
           ^^^^^^^^^^^^^^^^^^^^^^^^^^^^^^^^
venv/lib64/python3.12/site-packages/sqlalchemy/pool/base.py:1272: in _checkout
    fairy = _ConnectionRecord.checkout(pool)
            ^^^^^^^^^^^^^^^^^^^^^^^^^^^^^^^^
venv/lib64/python3.12/site-packages/sqlalchemy/pool/base.py:712: in checkout
    rec = pool._do_get()
          ^^^^^^^^^^^^^^
venv/lib64/python3.12/site-packages/sqlalchemy/pool/impl.py:178: in _do_get
    with util.safe_reraise():
         ^^^^^^^^^^^^^^^^^^^
venv/lib64/python3.12/site-packages/sqlalchemy/util/langhelpers.py:122: in __exit__
    raise exc_value.with_traceback(exc_tb)
venv/lib64/python3.12/site-packages/sqlalchemy/pool/impl.py:176: in _do_get
    return self._create_connection()
           ^^^^^^^^^^^^^^^^^^^^^^^^^
venv/lib64/python3.12/site-packages/sqlalchemy/pool/base.py:389: in _create_connection
    return _ConnectionRecord(self)
           ^^^^^^^^^^^^^^^^^^^^^^^
venv/lib64/python3.12/site-packages/sqlalchemy/pool/base.py:674: in __init__
    self.__connect()
venv/lib64/python3.12/site-packages/sqlalchemy/pool/base.py:900: in __connect
    with util.safe_reraise():
         ^^^^^^^^^^^^^^^^^^^
venv/lib64/python3.12/site-packages/sqlalchemy/util/langhelpers.py:122: in __exit__
    raise exc_value.with_traceback(exc_tb)
venv/lib64/python3.12/site-packages/sqlalchemy/pool/base.py:896: in __connect
    self.dbapi_connection = connection = pool._invoke_creator(self)
                                         ^^^^^^^^^^^^^^^^^^^^^^^^^^
venv/lib64/python3.12/site-packages/sqlalchemy/engine/create.py:667: in connect
    return dialect.connect(*cargs_tup, **cparams)
           ^^^^^^^^^^^^^^^^^^^^^^^^^^^^^^^^^^^^^^
_ _ _ _ _ _ _ _ _ _ _ _ _ _ _ _ _ _ _ _ _ _ _ _ _ _ _ _ _ _ _ _ _ _ _ _ _ _ _ _ 

self = <sqlalchemy.dialects.sqlite.pysqlite.SQLiteDialect_pysqlite object at 0x7e5846e630>
cargs = ('/root/Development/ExperimentsCloud/database/experiments.db',)
cparams = {'check_same_thread': False}

    def connect(self, *cargs: Any, **cparams: Any) -> DBAPIConnection:
        # inherits the docstring from interfaces.Dialect.connect
>       return self.loaded_dbapi.connect(*cargs, **cparams)  # type: ignore[no-any-return]  # NOQA: E501
               ^^^^^^^^^^^^^^^^^^^^^^^^^^^^^^^^^^^^^^^^^^^^
E       sqlite3.OperationalError: unable to open database file

venv/lib64/python3.12/site-packages/sqlalchemy/engine/default.py:630: OperationalError

The above exception was the direct cause of the following exception:

app = <Flask 'app'>

    @pytest.fixture(autouse=True)
    def database(app):
    
        print("\nDatabase URI:", app.config["SQLALCHEMY_DATABASE_URI"])
    
        with app.app_context():
    
>           db.drop_all()

tests/conftest.py:23: 
_ _ _ _ _ _ _ _ _ _ _ _ _ _ _ _ _ _ _ _ _ _ _ _ _ _ _ _ _ _ _ _ _ _ _ _ _ _ _ _ 
venv/lib64/python3.12/site-packages/flask_sqlalchemy/extension.py:917: in drop_all
    self._call_for_binds(bind_key, "drop_all")
venv/lib64/python3.12/site-packages/flask_sqlalchemy/extension.py:881: in _call_for_binds
    getattr(metadata, op_name)(bind=engine)
venv/lib64/python3.12/site-packages/sqlalchemy/sql/schema.py:5958: in drop_all
    bind._run_ddl_visitor(
venv/lib64/python3.12/site-packages/sqlalchemy/engine/base.py:3269: in _run_ddl_visitor
    with self.begin() as conn:
         ^^^^^^^^^^^^
/usr/lib64/python3.12/contextlib.py:137: in __enter__
    return next(self.gen)
           ^^^^^^^^^^^^^^
venv/lib64/python3.12/site-packages/sqlalchemy/engine/base.py:3259: in begin
    with self.connect() as conn:
         ^^^^^^^^^^^^^^
venv/lib64/python3.12/site-packages/sqlalchemy/engine/base.py:3295: in connect
    return self._connection_cls(self)
           ^^^^^^^^^^^^^^^^^^^^^^^^^^
venv/lib64/python3.12/site-packages/sqlalchemy/engine/base.py:146: in __init__
    Connection._handle_dbapi_exception_noconnection(
venv/lib64/python3.12/site-packages/sqlalchemy/engine/base.py:2450: in _handle_dbapi_exception_noconnection
    raise sqlalchemy_exception.with_traceback(exc_info[2]) from e
venv/lib64/python3.12/site-packages/sqlalchemy/engine/base.py:144: in __init__
    self._dbapi_connection = engine.raw_connection()
                             ^^^^^^^^^^^^^^^^^^^^^^^
venv/lib64/python3.12/site-packages/sqlalchemy/engine/base.py:3319: in raw_connection
    return self.pool.connect()
           ^^^^^^^^^^^^^^^^^^^
venv/lib64/python3.12/site-packages/sqlalchemy/pool/base.py:448: in connect
    return _ConnectionFairy._checkout(self)
           ^^^^^^^^^^^^^^^^^^^^^^^^^^^^^^^^
venv/lib64/python3.12/site-packages/sqlalchemy/pool/base.py:1272: in _checkout
    fairy = _ConnectionRecord.checkout(pool)
            ^^^^^^^^^^^^^^^^^^^^^^^^^^^^^^^^
venv/lib64/python3.12/site-packages/sqlalchemy/pool/base.py:712: in checkout
    rec = pool._do_get()
          ^^^^^^^^^^^^^^
venv/lib64/python3.12/site-packages/sqlalchemy/pool/impl.py:178: in _do_get
    with util.safe_reraise():
         ^^^^^^^^^^^^^^^^^^^
venv/lib64/python3.12/site-packages/sqlalchemy/util/langhelpers.py:122: in __exit__
    raise exc_value.with_traceback(exc_tb)
venv/lib64/python3.12/site-packages/sqlalchemy/pool/impl.py:176: in _do_get
    return self._create_connection()
           ^^^^^^^^^^^^^^^^^^^^^^^^^
venv/lib64/python3.12/site-packages/sqlalchemy/pool/base.py:389: in _create_connection
    return _ConnectionRecord(self)
           ^^^^^^^^^^^^^^^^^^^^^^^
venv/lib64/python3.12/site-packages/sqlalchemy/pool/base.py:674: in __init__
    self.__connect()
venv/lib64/python3.12/site-packages/sqlalchemy/pool/base.py:900: in __connect
    with util.safe_reraise():
         ^^^^^^^^^^^^^^^^^^^
venv/lib64/python3.12/site-packages/sqlalchemy/util/langhelpers.py:122: in __exit__
    raise exc_value.with_traceback(exc_tb)
venv/lib64/python3.12/site-packages/sqlalchemy/pool/base.py:896: in __connect
    self.dbapi_connection = connection = pool._invoke_creator(self)
                                         ^^^^^^^^^^^^^^^^^^^^^^^^^^
venv/lib64/python3.12/site-packages/sqlalchemy/engine/create.py:667: in connect
    return dialect.connect(*cargs_tup, **cparams)
           ^^^^^^^^^^^^^^^^^^^^^^^^^^^^^^^^^^^^^^
_ _ _ _ _ _ _ _ _ _ _ _ _ _ _ _ _ _ _ _ _ _ _ _ _ _ _ _ _ _ _ _ _ _ _ _ _ _ _ _ 

self = <sqlalchemy.dialects.sqlite.pysqlite.SQLiteDialect_pysqlite object at 0x7e5846e630>
cargs = ('/root/Development/ExperimentsCloud/database/experiments.db',)
cparams = {'check_same_thread': False}

    def connect(self, *cargs: Any, **cparams: Any) -> DBAPIConnection:
        # inherits the docstring from interfaces.Dialect.connect
>       return self.loaded_dbapi.connect(*cargs, **cparams)  # type: ignore[no-any-return]  # NOQA: E501
               ^^^^^^^^^^^^^^^^^^^^^^^^^^^^^^^^^^^^^^^^^^^^
E       sqlalchemy.exc.OperationalError: (sqlite3.OperationalError) unable to open database file
E       (Background on this error at: https://sqlalche.me/e/20/e3q8)

venv/lib64/python3.12/site-packages/sqlalchemy/engine/default.py:630: OperationalError
---------------------------- Captured stdout setup -----------------------------

Database URI: sqlite:///:memory:
________________ ERROR at setup of test_rename_other_user_file _________________

self = <sqlalchemy.engine.base.Connection object at 0x7e5817e810>
engine = Engine(sqlite:////root/Development/ExperimentsCloud/database/experiments.db)
connection = None, _has_events = None, _allow_revalidate = True
_allow_autobegin = True

    def __init__(
        self,
        engine: Engine,
        connection: Optional[PoolProxiedConnection] = None,
        _has_events: Optional[bool] = None,
        _allow_revalidate: bool = True,
        _allow_autobegin: bool = True,
    ):
        """Construct a new Connection."""
        self.engine = engine
        self.dialect = dialect = engine.dialect
    
        if connection is None:
            try:
>               self._dbapi_connection = engine.raw_connection()
                                         ^^^^^^^^^^^^^^^^^^^^^^^

venv/lib64/python3.12/site-packages/sqlalchemy/engine/base.py:144: 
_ _ _ _ _ _ _ _ _ _ _ _ _ _ _ _ _ _ _ _ _ _ _ _ _ _ _ _ _ _ _ _ _ _ _ _ _ _ _ _ 
venv/lib64/python3.12/site-packages/sqlalchemy/engine/base.py:3319: in raw_connection
    return self.pool.connect()
           ^^^^^^^^^^^^^^^^^^^
venv/lib64/python3.12/site-packages/sqlalchemy/pool/base.py:448: in connect
    return _ConnectionFairy._checkout(self)
           ^^^^^^^^^^^^^^^^^^^^^^^^^^^^^^^^
venv/lib64/python3.12/site-packages/sqlalchemy/pool/base.py:1272: in _checkout
    fairy = _ConnectionRecord.checkout(pool)
            ^^^^^^^^^^^^^^^^^^^^^^^^^^^^^^^^
venv/lib64/python3.12/site-packages/sqlalchemy/pool/base.py:712: in checkout
    rec = pool._do_get()
          ^^^^^^^^^^^^^^
venv/lib64/python3.12/site-packages/sqlalchemy/pool/impl.py:178: in _do_get
    with util.safe_reraise():
         ^^^^^^^^^^^^^^^^^^^
venv/lib64/python3.12/site-packages/sqlalchemy/util/langhelpers.py:122: in __exit__
    raise exc_value.with_traceback(exc_tb)
venv/lib64/python3.12/site-packages/sqlalchemy/pool/impl.py:176: in _do_get
    return self._create_connection()
           ^^^^^^^^^^^^^^^^^^^^^^^^^
venv/lib64/python3.12/site-packages/sqlalchemy/pool/base.py:389: in _create_connection
    return _ConnectionRecord(self)
           ^^^^^^^^^^^^^^^^^^^^^^^
venv/lib64/python3.12/site-packages/sqlalchemy/pool/base.py:674: in __init__
    self.__connect()
venv/lib64/python3.12/site-packages/sqlalchemy/pool/base.py:900: in __connect
    with util.safe_reraise():
         ^^^^^^^^^^^^^^^^^^^
venv/lib64/python3.12/site-packages/sqlalchemy/util/langhelpers.py:122: in __exit__
    raise exc_value.with_traceback(exc_tb)
venv/lib64/python3.12/site-packages/sqlalchemy/pool/base.py:896: in __connect
    self.dbapi_connection = connection = pool._invoke_creator(self)
                                         ^^^^^^^^^^^^^^^^^^^^^^^^^^
venv/lib64/python3.12/site-packages/sqlalchemy/engine/create.py:667: in connect
    return dialect.connect(*cargs_tup, **cparams)
           ^^^^^^^^^^^^^^^^^^^^^^^^^^^^^^^^^^^^^^
_ _ _ _ _ _ _ _ _ _ _ _ _ _ _ _ _ _ _ _ _ _ _ _ _ _ _ _ _ _ _ _ _ _ _ _ _ _ _ _ 

self = <sqlalchemy.dialects.sqlite.pysqlite.SQLiteDialect_pysqlite object at 0x7e5846e630>
cargs = ('/root/Development/ExperimentsCloud/database/experiments.db',)
cparams = {'check_same_thread': False}

    def connect(self, *cargs: Any, **cparams: Any) -> DBAPIConnection:
        # inherits the docstring from interfaces.Dialect.connect
>       return self.loaded_dbapi.connect(*cargs, **cparams)  # type: ignore[no-any-return]  # NOQA: E501
               ^^^^^^^^^^^^^^^^^^^^^^^^^^^^^^^^^^^^^^^^^^^^
E       sqlite3.OperationalError: unable to open database file

venv/lib64/python3.12/site-packages/sqlalchemy/engine/default.py:630: OperationalError

The above exception was the direct cause of the following exception:

app = <Flask 'app'>

    @pytest.fixture(autouse=True)
    def database(app):
    
        print("\nDatabase URI:", app.config["SQLALCHEMY_DATABASE_URI"])
    
        with app.app_context():
    
>           db.drop_all()

tests/conftest.py:23: 
_ _ _ _ _ _ _ _ _ _ _ _ _ _ _ _ _ _ _ _ _ _ _ _ _ _ _ _ _ _ _ _ _ _ _ _ _ _ _ _ 
venv/lib64/python3.12/site-packages/flask_sqlalchemy/extension.py:917: in drop_all
    self._call_for_binds(bind_key, "drop_all")
venv/lib64/python3.12/site-packages/flask_sqlalchemy/extension.py:881: in _call_for_binds
    getattr(metadata, op_name)(bind=engine)
venv/lib64/python3.12/site-packages/sqlalchemy/sql/schema.py:5958: in drop_all
    bind._run_ddl_visitor(
venv/lib64/python3.12/site-packages/sqlalchemy/engine/base.py:3269: in _run_ddl_visitor
    with self.begin() as conn:
         ^^^^^^^^^^^^
/usr/lib64/python3.12/contextlib.py:137: in __enter__
    return next(self.gen)
           ^^^^^^^^^^^^^^
venv/lib64/python3.12/site-packages/sqlalchemy/engine/base.py:3259: in begin
    with self.connect() as conn:
         ^^^^^^^^^^^^^^
venv/lib64/python3.12/site-packages/sqlalchemy/engine/base.py:3295: in connect
    return self._connection_cls(self)
           ^^^^^^^^^^^^^^^^^^^^^^^^^^
venv/lib64/python3.12/site-packages/sqlalchemy/engine/base.py:146: in __init__
    Connection._handle_dbapi_exception_noconnection(
venv/lib64/python3.12/site-packages/sqlalchemy/engine/base.py:2450: in _handle_dbapi_exception_noconnection
    raise sqlalchemy_exception.with_traceback(exc_info[2]) from e
venv/lib64/python3.12/site-packages/sqlalchemy/engine/base.py:144: in __init__
    self._dbapi_connection = engine.raw_connection()
                             ^^^^^^^^^^^^^^^^^^^^^^^
venv/lib64/python3.12/site-packages/sqlalchemy/engine/base.py:3319: in raw_connection
    return self.pool.connect()
           ^^^^^^^^^^^^^^^^^^^
venv/lib64/python3.12/site-packages/sqlalchemy/pool/base.py:448: in connect
    return _ConnectionFairy._checkout(self)
           ^^^^^^^^^^^^^^^^^^^^^^^^^^^^^^^^
venv/lib64/python3.12/site-packages/sqlalchemy/pool/base.py:1272: in _checkout
    fairy = _ConnectionRecord.checkout(pool)
            ^^^^^^^^^^^^^^^^^^^^^^^^^^^^^^^^
venv/lib64/python3.12/site-packages/sqlalchemy/pool/base.py:712: in checkout
    rec = pool._do_get()
          ^^^^^^^^^^^^^^
venv/lib64/python3.12/site-packages/sqlalchemy/pool/impl.py:178: in _do_get
    with util.safe_reraise():
         ^^^^^^^^^^^^^^^^^^^
venv/lib64/python3.12/site-packages/sqlalchemy/util/langhelpers.py:122: in __exit__
    raise exc_value.with_traceback(exc_tb)
venv/lib64/python3.12/site-packages/sqlalchemy/pool/impl.py:176: in _do_get
    return self._create_connection()
           ^^^^^^^^^^^^^^^^^^^^^^^^^
venv/lib64/python3.12/site-packages/sqlalchemy/pool/base.py:389: in _create_connection
    return _ConnectionRecord(self)
           ^^^^^^^^^^^^^^^^^^^^^^^
venv/lib64/python3.12/site-packages/sqlalchemy/pool/base.py:674: in __init__
    self.__connect()
venv/lib64/python3.12/site-packages/sqlalchemy/pool/base.py:900: in __connect
    with util.safe_reraise():
         ^^^^^^^^^^^^^^^^^^^
venv/lib64/python3.12/site-packages/sqlalchemy/util/langhelpers.py:122: in __exit__
    raise exc_value.with_traceback(exc_tb)
venv/lib64/python3.12/site-packages/sqlalchemy/pool/base.py:896: in __connect
    self.dbapi_connection = connection = pool._invoke_creator(self)
                                         ^^^^^^^^^^^^^^^^^^^^^^^^^^
venv/lib64/python3.12/site-packages/sqlalchemy/engine/create.py:667: in connect
    return dialect.connect(*cargs_tup, **cparams)
           ^^^^^^^^^^^^^^^^^^^^^^^^^^^^^^^^^^^^^^
_ _ _ _ _ _ _ _ _ _ _ _ _ _ _ _ _ _ _ _ _ _ _ _ _ _ _ _ _ _ _ _ _ _ _ _ _ _ _ _ 

self = <sqlalchemy.dialects.sqlite.pysqlite.SQLiteDialect_pysqlite object at 0x7e5846e630>
cargs = ('/root/Development/ExperimentsCloud/database/experiments.db',)
cparams = {'check_same_thread': False}

    def connect(self, *cargs: Any, **cparams: Any) -> DBAPIConnection:
        # inherits the docstring from interfaces.Dialect.connect
>       return self.loaded_dbapi.connect(*cargs, **cparams)  # type: ignore[no-any-return]  # NOQA: E501
               ^^^^^^^^^^^^^^^^^^^^^^^^^^^^^^^^^^^^^^^^^^^^
E       sqlalchemy.exc.OperationalError: (sqlite3.OperationalError) unable to open database file
E       (Background on this error at: https://sqlalche.me/e/20/e3q8)

venv/lib64/python3.12/site-packages/sqlalchemy/engine/default.py:630: OperationalError
---------------------------- Captured stdout setup -----------------------------

Database URI: sqlite:///:memory:
______________ ERROR at setup of test_folders_page_requires_login ______________

self = <sqlalchemy.engine.base.Connection object at 0x7e5817f0b0>
engine = Engine(sqlite:////root/Development/ExperimentsCloud/database/experiments.db)
connection = None, _has_events = None, _allow_revalidate = True
_allow_autobegin = True

    def __init__(
        self,
        engine: Engine,
        connection: Optional[PoolProxiedConnection] = None,
        _has_events: Optional[bool] = None,
        _allow_revalidate: bool = True,
        _allow_autobegin: bool = True,
    ):
        """Construct a new Connection."""
        self.engine = engine
        self.dialect = dialect = engine.dialect
    
        if connection is None:
            try:
>               self._dbapi_connection = engine.raw_connection()
                                         ^^^^^^^^^^^^^^^^^^^^^^^

venv/lib64/python3.12/site-packages/sqlalchemy/engine/base.py:144: 
_ _ _ _ _ _ _ _ _ _ _ _ _ _ _ _ _ _ _ _ _ _ _ _ _ _ _ _ _ _ _ _ _ _ _ _ _ _ _ _ 
venv/lib64/python3.12/site-packages/sqlalchemy/engine/base.py:3319: in raw_connection
    return self.pool.connect()
           ^^^^^^^^^^^^^^^^^^^
venv/lib64/python3.12/site-packages/sqlalchemy/pool/base.py:448: in connect
    return _ConnectionFairy._checkout(self)
           ^^^^^^^^^^^^^^^^^^^^^^^^^^^^^^^^
venv/lib64/python3.12/site-packages/sqlalchemy/pool/base.py:1272: in _checkout
    fairy = _ConnectionRecord.checkout(pool)
            ^^^^^^^^^^^^^^^^^^^^^^^^^^^^^^^^
venv/lib64/python3.12/site-packages/sqlalchemy/pool/base.py:712: in checkout
    rec = pool._do_get()
          ^^^^^^^^^^^^^^
venv/lib64/python3.12/site-packages/sqlalchemy/pool/impl.py:178: in _do_get
    with util.safe_reraise():
         ^^^^^^^^^^^^^^^^^^^
venv/lib64/python3.12/site-packages/sqlalchemy/util/langhelpers.py:122: in __exit__
    raise exc_value.with_traceback(exc_tb)
venv/lib64/python3.12/site-packages/sqlalchemy/pool/impl.py:176: in _do_get
    return self._create_connection()
           ^^^^^^^^^^^^^^^^^^^^^^^^^
venv/lib64/python3.12/site-packages/sqlalchemy/pool/base.py:389: in _create_connection
    return _ConnectionRecord(self)
           ^^^^^^^^^^^^^^^^^^^^^^^
venv/lib64/python3.12/site-packages/sqlalchemy/pool/base.py:674: in __init__
    self.__connect()
venv/lib64/python3.12/site-packages/sqlalchemy/pool/base.py:900: in __connect
    with util.safe_reraise():
         ^^^^^^^^^^^^^^^^^^^
venv/lib64/python3.12/site-packages/sqlalchemy/util/langhelpers.py:122: in __exit__
    raise exc_value.with_traceback(exc_tb)
venv/lib64/python3.12/site-packages/sqlalchemy/pool/base.py:896: in __connect
    self.dbapi_connection = connection = pool._invoke_creator(self)
                                         ^^^^^^^^^^^^^^^^^^^^^^^^^^
venv/lib64/python3.12/site-packages/sqlalchemy/engine/create.py:667: in connect
    return dialect.connect(*cargs_tup, **cparams)
           ^^^^^^^^^^^^^^^^^^^^^^^^^^^^^^^^^^^^^^
_ _ _ _ _ _ _ _ _ _ _ _ _ _ _ _ _ _ _ _ _ _ _ _ _ _ _ _ _ _ _ _ _ _ _ _ _ _ _ _ 

self = <sqlalchemy.dialects.sqlite.pysqlite.SQLiteDialect_pysqlite object at 0x7e5846e630>
cargs = ('/root/Development/ExperimentsCloud/database/experiments.db',)
cparams = {'check_same_thread': False}

    def connect(self, *cargs: Any, **cparams: Any) -> DBAPIConnection:
        # inherits the docstring from interfaces.Dialect.connect
>       return self.loaded_dbapi.connect(*cargs, **cparams)  # type: ignore[no-any-return]  # NOQA: E501
               ^^^^^^^^^^^^^^^^^^^^^^^^^^^^^^^^^^^^^^^^^^^^
E       sqlite3.OperationalError: unable to open database file

venv/lib64/python3.12/site-packages/sqlalchemy/engine/default.py:630: OperationalError

The above exception was the direct cause of the following exception:

app = <Flask 'app'>

    @pytest.fixture(autouse=True)
    def database(app):
    
        print("\nDatabase URI:", app.config["SQLALCHEMY_DATABASE_URI"])
    
        with app.app_context():
    
>           db.drop_all()

tests/conftest.py:23: 
_ _ _ _ _ _ _ _ _ _ _ _ _ _ _ _ _ _ _ _ _ _ _ _ _ _ _ _ _ _ _ _ _ _ _ _ _ _ _ _ 
venv/lib64/python3.12/site-packages/flask_sqlalchemy/extension.py:917: in drop_all
    self._call_for_binds(bind_key, "drop_all")
venv/lib64/python3.12/site-packages/flask_sqlalchemy/extension.py:881: in _call_for_binds
    getattr(metadata, op_name)(bind=engine)
venv/lib64/python3.12/site-packages/sqlalchemy/sql/schema.py:5958: in drop_all
    bind._run_ddl_visitor(
venv/lib64/python3.12/site-packages/sqlalchemy/engine/base.py:3269: in _run_ddl_visitor
    with self.begin() as conn:
         ^^^^^^^^^^^^
/usr/lib64/python3.12/contextlib.py:137: in __enter__
    return next(self.gen)
           ^^^^^^^^^^^^^^
venv/lib64/python3.12/site-packages/sqlalchemy/engine/base.py:3259: in begin
    with self.connect() as conn:
         ^^^^^^^^^^^^^^
venv/lib64/python3.12/site-packages/sqlalchemy/engine/base.py:3295: in connect
    return self._connection_cls(self)
           ^^^^^^^^^^^^^^^^^^^^^^^^^^
venv/lib64/python3.12/site-packages/sqlalchemy/engine/base.py:146: in __init__
    Connection._handle_dbapi_exception_noconnection(
venv/lib64/python3.12/site-packages/sqlalchemy/engine/base.py:2450: in _handle_dbapi_exception_noconnection
    raise sqlalchemy_exception.with_traceback(exc_info[2]) from e
venv/lib64/python3.12/site-packages/sqlalchemy/engine/base.py:144: in __init__
    self._dbapi_connection = engine.raw_connection()
                             ^^^^^^^^^^^^^^^^^^^^^^^
venv/lib64/python3.12/site-packages/sqlalchemy/engine/base.py:3319: in raw_connection
    return self.pool.connect()
           ^^^^^^^^^^^^^^^^^^^
venv/lib64/python3.12/site-packages/sqlalchemy/pool/base.py:448: in connect
    return _ConnectionFairy._checkout(self)
           ^^^^^^^^^^^^^^^^^^^^^^^^^^^^^^^^
venv/lib64/python3.12/site-packages/sqlalchemy/pool/base.py:1272: in _checkout
    fairy = _ConnectionRecord.checkout(pool)
            ^^^^^^^^^^^^^^^^^^^^^^^^^^^^^^^^
venv/lib64/python3.12/site-packages/sqlalchemy/pool/base.py:712: in checkout
    rec = pool._do_get()
          ^^^^^^^^^^^^^^
venv/lib64/python3.12/site-packages/sqlalchemy/pool/impl.py:178: in _do_get
    with util.safe_reraise():
         ^^^^^^^^^^^^^^^^^^^
venv/lib64/python3.12/site-packages/sqlalchemy/util/langhelpers.py:122: in __exit__
    raise exc_value.with_traceback(exc_tb)
venv/lib64/python3.12/site-packages/sqlalchemy/pool/impl.py:176: in _do_get
    return self._create_connection()
           ^^^^^^^^^^^^^^^^^^^^^^^^^
venv/lib64/python3.12/site-packages/sqlalchemy/pool/base.py:389: in _create_connection
    return _ConnectionRecord(self)
           ^^^^^^^^^^^^^^^^^^^^^^^
venv/lib64/python3.12/site-packages/sqlalchemy/pool/base.py:674: in __init__
    self.__connect()
venv/lib64/python3.12/site-packages/sqlalchemy/pool/base.py:900: in __connect
    with util.safe_reraise():
         ^^^^^^^^^^^^^^^^^^^
venv/lib64/python3.12/site-packages/sqlalchemy/util/langhelpers.py:122: in __exit__
    raise exc_value.with_traceback(exc_tb)
venv/lib64/python3.12/site-packages/sqlalchemy/pool/base.py:896: in __connect
    self.dbapi_connection = connection = pool._invoke_creator(self)
                                         ^^^^^^^^^^^^^^^^^^^^^^^^^^
venv/lib64/python3.12/site-packages/sqlalchemy/engine/create.py:667: in connect
    return dialect.connect(*cargs_tup, **cparams)
           ^^^^^^^^^^^^^^^^^^^^^^^^^^^^^^^^^^^^^^
_ _ _ _ _ _ _ _ _ _ _ _ _ _ _ _ _ _ _ _ _ _ _ _ _ _ _ _ _ _ _ _ _ _ _ _ _ _ _ _ 

self = <sqlalchemy.dialects.sqlite.pysqlite.SQLiteDialect_pysqlite object at 0x7e5846e630>
cargs = ('/root/Development/ExperimentsCloud/database/experiments.db',)
cparams = {'check_same_thread': False}

    def connect(self, *cargs: Any, **cparams: Any) -> DBAPIConnection:
        # inherits the docstring from interfaces.Dialect.connect
>       return self.loaded_dbapi.connect(*cargs, **cparams)  # type: ignore[no-any-return]  # NOQA: E501
               ^^^^^^^^^^^^^^^^^^^^^^^^^^^^^^^^^^^^^^^^^^^^
E       sqlalchemy.exc.OperationalError: (sqlite3.OperationalError) unable to open database file
E       (Background on this error at: https://sqlalche.me/e/20/e3q8)

venv/lib64/python3.12/site-packages/sqlalchemy/engine/default.py:630: OperationalError
---------------------------- Captured stdout setup -----------------------------

Database URI: sqlite:///:memory:
_____________ ERROR at setup of test_folder_create_requires_login ______________

self = <sqlalchemy.engine.base.Connection object at 0x7e58144680>
engine = Engine(sqlite:////root/Development/ExperimentsCloud/database/experiments.db)
connection = None, _has_events = None, _allow_revalidate = True
_allow_autobegin = True

    def __init__(
        self,
        engine: Engine,
        connection: Optional[PoolProxiedConnection] = None,
        _has_events: Optional[bool] = None,
        _allow_revalidate: bool = True,
        _allow_autobegin: bool = True,
    ):
        """Construct a new Connection."""
        self.engine = engine
        self.dialect = dialect = engine.dialect
    
        if connection is None:
            try:
>               self._dbapi_connection = engine.raw_connection()
                                         ^^^^^^^^^^^^^^^^^^^^^^^

venv/lib64/python3.12/site-packages/sqlalchemy/engine/base.py:144: 
_ _ _ _ _ _ _ _ _ _ _ _ _ _ _ _ _ _ _ _ _ _ _ _ _ _ _ _ _ _ _ _ _ _ _ _ _ _ _ _ 
venv/lib64/python3.12/site-packages/sqlalchemy/engine/base.py:3319: in raw_connection
    return self.pool.connect()
           ^^^^^^^^^^^^^^^^^^^
venv/lib64/python3.12/site-packages/sqlalchemy/pool/base.py:448: in connect
    return _ConnectionFairy._checkout(self)
           ^^^^^^^^^^^^^^^^^^^^^^^^^^^^^^^^
venv/lib64/python3.12/site-packages/sqlalchemy/pool/base.py:1272: in _checkout
    fairy = _ConnectionRecord.checkout(pool)
            ^^^^^^^^^^^^^^^^^^^^^^^^^^^^^^^^
venv/lib64/python3.12/site-packages/sqlalchemy/pool/base.py:712: in checkout
    rec = pool._do_get()
          ^^^^^^^^^^^^^^
venv/lib64/python3.12/site-packages/sqlalchemy/pool/impl.py:178: in _do_get
    with util.safe_reraise():
         ^^^^^^^^^^^^^^^^^^^
venv/lib64/python3.12/site-packages/sqlalchemy/util/langhelpers.py:122: in __exit__
    raise exc_value.with_traceback(exc_tb)
venv/lib64/python3.12/site-packages/sqlalchemy/pool/impl.py:176: in _do_get
    return self._create_connection()
           ^^^^^^^^^^^^^^^^^^^^^^^^^
venv/lib64/python3.12/site-packages/sqlalchemy/pool/base.py:389: in _create_connection
    return _ConnectionRecord(self)
           ^^^^^^^^^^^^^^^^^^^^^^^
venv/lib64/python3.12/site-packages/sqlalchemy/pool/base.py:674: in __init__
    self.__connect()
venv/lib64/python3.12/site-packages/sqlalchemy/pool/base.py:900: in __connect
    with util.safe_reraise():
         ^^^^^^^^^^^^^^^^^^^
venv/lib64/python3.12/site-packages/sqlalchemy/util/langhelpers.py:122: in __exit__
    raise exc_value.with_traceback(exc_tb)
venv/lib64/python3.12/site-packages/sqlalchemy/pool/base.py:896: in __connect
    self.dbapi_connection = connection = pool._invoke_creator(self)
                                         ^^^^^^^^^^^^^^^^^^^^^^^^^^
venv/lib64/python3.12/site-packages/sqlalchemy/engine/create.py:667: in connect
    return dialect.connect(*cargs_tup, **cparams)
           ^^^^^^^^^^^^^^^^^^^^^^^^^^^^^^^^^^^^^^
_ _ _ _ _ _ _ _ _ _ _ _ _ _ _ _ _ _ _ _ _ _ _ _ _ _ _ _ _ _ _ _ _ _ _ _ _ _ _ _ 

self = <sqlalchemy.dialects.sqlite.pysqlite.SQLiteDialect_pysqlite object at 0x7e5846e630>
cargs = ('/root/Development/ExperimentsCloud/database/experiments.db',)
cparams = {'check_same_thread': False}

    def connect(self, *cargs: Any, **cparams: Any) -> DBAPIConnection:
        # inherits the docstring from interfaces.Dialect.connect
>       return self.loaded_dbapi.connect(*cargs, **cparams)  # type: ignore[no-any-return]  # NOQA: E501
               ^^^^^^^^^^^^^^^^^^^^^^^^^^^^^^^^^^^^^^^^^^^^
E       sqlite3.OperationalError: unable to open database file

venv/lib64/python3.12/site-packages/sqlalchemy/engine/default.py:630: OperationalError

The above exception was the direct cause of the following exception:

app = <Flask 'app'>

    @pytest.fixture(autouse=True)
    def database(app):
    
        print("\nDatabase URI:", app.config["SQLALCHEMY_DATABASE_URI"])
    
        with app.app_context():
    
>           db.drop_all()

tests/conftest.py:23: 
_ _ _ _ _ _ _ _ _ _ _ _ _ _ _ _ _ _ _ _ _ _ _ _ _ _ _ _ _ _ _ _ _ _ _ _ _ _ _ _ 
venv/lib64/python3.12/site-packages/flask_sqlalchemy/extension.py:917: in drop_all
    self._call_for_binds(bind_key, "drop_all")
venv/lib64/python3.12/site-packages/flask_sqlalchemy/extension.py:881: in _call_for_binds
    getattr(metadata, op_name)(bind=engine)
venv/lib64/python3.12/site-packages/sqlalchemy/sql/schema.py:5958: in drop_all
    bind._run_ddl_visitor(
venv/lib64/python3.12/site-packages/sqlalchemy/engine/base.py:3269: in _run_ddl_visitor
    with self.begin() as conn:
         ^^^^^^^^^^^^
/usr/lib64/python3.12/contextlib.py:137: in __enter__
    return next(self.gen)
           ^^^^^^^^^^^^^^
venv/lib64/python3.12/site-packages/sqlalchemy/engine/base.py:3259: in begin
    with self.connect() as conn:
         ^^^^^^^^^^^^^^
venv/lib64/python3.12/site-packages/sqlalchemy/engine/base.py:3295: in connect
    return self._connection_cls(self)
           ^^^^^^^^^^^^^^^^^^^^^^^^^^
venv/lib64/python3.12/site-packages/sqlalchemy/engine/base.py:146: in __init__
    Connection._handle_dbapi_exception_noconnection(
venv/lib64/python3.12/site-packages/sqlalchemy/engine/base.py:2450: in _handle_dbapi_exception_noconnection
    raise sqlalchemy_exception.with_traceback(exc_info[2]) from e
venv/lib64/python3.12/site-packages/sqlalchemy/engine/base.py:144: in __init__
    self._dbapi_connection = engine.raw_connection()
                             ^^^^^^^^^^^^^^^^^^^^^^^
venv/lib64/python3.12/site-packages/sqlalchemy/engine/base.py:3319: in raw_connection
    return self.pool.connect()
           ^^^^^^^^^^^^^^^^^^^
venv/lib64/python3.12/site-packages/sqlalchemy/pool/base.py:448: in connect
    return _ConnectionFairy._checkout(self)
           ^^^^^^^^^^^^^^^^^^^^^^^^^^^^^^^^
venv/lib64/python3.12/site-packages/sqlalchemy/pool/base.py:1272: in _checkout
    fairy = _ConnectionRecord.checkout(pool)
            ^^^^^^^^^^^^^^^^^^^^^^^^^^^^^^^^
venv/lib64/python3.12/site-packages/sqlalchemy/pool/base.py:712: in checkout
    rec = pool._do_get()
          ^^^^^^^^^^^^^^
venv/lib64/python3.12/site-packages/sqlalchemy/pool/impl.py:178: in _do_get
    with util.safe_reraise():
         ^^^^^^^^^^^^^^^^^^^
venv/lib64/python3.12/site-packages/sqlalchemy/util/langhelpers.py:122: in __exit__
    raise exc_value.with_traceback(exc_tb)
venv/lib64/python3.12/site-packages/sqlalchemy/pool/impl.py:176: in _do_get
    return self._create_connection()
           ^^^^^^^^^^^^^^^^^^^^^^^^^
venv/lib64/python3.12/site-packages/sqlalchemy/pool/base.py:389: in _create_connection
    return _ConnectionRecord(self)
           ^^^^^^^^^^^^^^^^^^^^^^^
venv/lib64/python3.12/site-packages/sqlalchemy/pool/base.py:674: in __init__
    self.__connect()
venv/lib64/python3.12/site-packages/sqlalchemy/pool/base.py:900: in __connect
    with util.safe_reraise():
         ^^^^^^^^^^^^^^^^^^^
venv/lib64/python3.12/site-packages/sqlalchemy/util/langhelpers.py:122: in __exit__
    raise exc_value.with_traceback(exc_tb)
venv/lib64/python3.12/site-packages/sqlalchemy/pool/base.py:896: in __connect
    self.dbapi_connection = connection = pool._invoke_creator(self)
                                         ^^^^^^^^^^^^^^^^^^^^^^^^^^
venv/lib64/python3.12/site-packages/sqlalchemy/engine/create.py:667: in connect
    return dialect.connect(*cargs_tup, **cparams)
           ^^^^^^^^^^^^^^^^^^^^^^^^^^^^^^^^^^^^^^
_ _ _ _ _ _ _ _ _ _ _ _ _ _ _ _ _ _ _ _ _ _ _ _ _ _ _ _ _ _ _ _ _ _ _ _ _ _ _ _ 

self = <sqlalchemy.dialects.sqlite.pysqlite.SQLiteDialect_pysqlite object at 0x7e5846e630>
cargs = ('/root/Development/ExperimentsCloud/database/experiments.db',)
cparams = {'check_same_thread': False}

    def connect(self, *cargs: Any, **cparams: Any) -> DBAPIConnection:
        # inherits the docstring from interfaces.Dialect.connect
>       return self.loaded_dbapi.connect(*cargs, **cparams)  # type: ignore[no-any-return]  # NOQA: E501
               ^^^^^^^^^^^^^^^^^^^^^^^^^^^^^^^^^^^^^^^^^^^^
E       sqlalchemy.exc.OperationalError: (sqlite3.OperationalError) unable to open database file
E       (Background on this error at: https://sqlalche.me/e/20/e3q8)

venv/lib64/python3.12/site-packages/sqlalchemy/engine/default.py:630: OperationalError
---------------------------- Captured stdout setup -----------------------------

Database URI: sqlite:///:memory:
______________________ ERROR at setup of test_create_page ______________________

self = <sqlalchemy.engine.base.Connection object at 0x7e581475c0>
engine = Engine(sqlite:////root/Development/ExperimentsCloud/database/experiments.db)
connection = None, _has_events = None, _allow_revalidate = True
_allow_autobegin = True

    def __init__(
        self,
        engine: Engine,
        connection: Optional[PoolProxiedConnection] = None,
        _has_events: Optional[bool] = None,
        _allow_revalidate: bool = True,
        _allow_autobegin: bool = True,
    ):
        """Construct a new Connection."""
        self.engine = engine
        self.dialect = dialect = engine.dialect
    
        if connection is None:
            try:
>               self._dbapi_connection = engine.raw_connection()
                                         ^^^^^^^^^^^^^^^^^^^^^^^

venv/lib64/python3.12/site-packages/sqlalchemy/engine/base.py:144: 
_ _ _ _ _ _ _ _ _ _ _ _ _ _ _ _ _ _ _ _ _ _ _ _ _ _ _ _ _ _ _ _ _ _ _ _ _ _ _ _ 
venv/lib64/python3.12/site-packages/sqlalchemy/engine/base.py:3319: in raw_connection
    return self.pool.connect()
           ^^^^^^^^^^^^^^^^^^^
venv/lib64/python3.12/site-packages/sqlalchemy/pool/base.py:448: in connect
    return _ConnectionFairy._checkout(self)
           ^^^^^^^^^^^^^^^^^^^^^^^^^^^^^^^^
venv/lib64/python3.12/site-packages/sqlalchemy/pool/base.py:1272: in _checkout
    fairy = _ConnectionRecord.checkout(pool)
            ^^^^^^^^^^^^^^^^^^^^^^^^^^^^^^^^
venv/lib64/python3.12/site-packages/sqlalchemy/pool/base.py:712: in checkout
    rec = pool._do_get()
          ^^^^^^^^^^^^^^
venv/lib64/python3.12/site-packages/sqlalchemy/pool/impl.py:178: in _do_get
    with util.safe_reraise():
         ^^^^^^^^^^^^^^^^^^^
venv/lib64/python3.12/site-packages/sqlalchemy/util/langhelpers.py:122: in __exit__
    raise exc_value.with_traceback(exc_tb)
venv/lib64/python3.12/site-packages/sqlalchemy/pool/impl.py:176: in _do_get
    return self._create_connection()
           ^^^^^^^^^^^^^^^^^^^^^^^^^
venv/lib64/python3.12/site-packages/sqlalchemy/pool/base.py:389: in _create_connection
    return _ConnectionRecord(self)
           ^^^^^^^^^^^^^^^^^^^^^^^
venv/lib64/python3.12/site-packages/sqlalchemy/pool/base.py:674: in __init__
    self.__connect()
venv/lib64/python3.12/site-packages/sqlalchemy/pool/base.py:900: in __connect
    with util.safe_reraise():
         ^^^^^^^^^^^^^^^^^^^
venv/lib64/python3.12/site-packages/sqlalchemy/util/langhelpers.py:122: in __exit__
    raise exc_value.with_traceback(exc_tb)
venv/lib64/python3.12/site-packages/sqlalchemy/pool/base.py:896: in __connect
    self.dbapi_connection = connection = pool._invoke_creator(self)
                                         ^^^^^^^^^^^^^^^^^^^^^^^^^^
venv/lib64/python3.12/site-packages/sqlalchemy/engine/create.py:667: in connect
    return dialect.connect(*cargs_tup, **cparams)
           ^^^^^^^^^^^^^^^^^^^^^^^^^^^^^^^^^^^^^^
_ _ _ _ _ _ _ _ _ _ _ _ _ _ _ _ _ _ _ _ _ _ _ _ _ _ _ _ _ _ _ _ _ _ _ _ _ _ _ _ 

self = <sqlalchemy.dialects.sqlite.pysqlite.SQLiteDialect_pysqlite object at 0x7e5846e630>
cargs = ('/root/Development/ExperimentsCloud/database/experiments.db',)
cparams = {'check_same_thread': False}

    def connect(self, *cargs: Any, **cparams: Any) -> DBAPIConnection:
        # inherits the docstring from interfaces.Dialect.connect
>       return self.loaded_dbapi.connect(*cargs, **cparams)  # type: ignore[no-any-return]  # NOQA: E501
               ^^^^^^^^^^^^^^^^^^^^^^^^^^^^^^^^^^^^^^^^^^^^
E       sqlite3.OperationalError: unable to open database file

venv/lib64/python3.12/site-packages/sqlalchemy/engine/default.py:630: OperationalError

The above exception was the direct cause of the following exception:

app = <Flask 'app'>

    @pytest.fixture(autouse=True)
    def database(app):
    
        print("\nDatabase URI:", app.config["SQLALCHEMY_DATABASE_URI"])
    
        with app.app_context():
    
>           db.drop_all()

tests/conftest.py:23: 
_ _ _ _ _ _ _ _ _ _ _ _ _ _ _ _ _ _ _ _ _ _ _ _ _ _ _ _ _ _ _ _ _ _ _ _ _ _ _ _ 
venv/lib64/python3.12/site-packages/flask_sqlalchemy/extension.py:917: in drop_all
    self._call_for_binds(bind_key, "drop_all")
venv/lib64/python3.12/site-packages/flask_sqlalchemy/extension.py:881: in _call_for_binds
    getattr(metadata, op_name)(bind=engine)
venv/lib64/python3.12/site-packages/sqlalchemy/sql/schema.py:5958: in drop_all
    bind._run_ddl_visitor(
venv/lib64/python3.12/site-packages/sqlalchemy/engine/base.py:3269: in _run_ddl_visitor
    with self.begin() as conn:
         ^^^^^^^^^^^^
/usr/lib64/python3.12/contextlib.py:137: in __enter__
    return next(self.gen)
           ^^^^^^^^^^^^^^
venv/lib64/python3.12/site-packages/sqlalchemy/engine/base.py:3259: in begin
    with self.connect() as conn:
         ^^^^^^^^^^^^^^
venv/lib64/python3.12/site-packages/sqlalchemy/engine/base.py:3295: in connect
    return self._connection_cls(self)
           ^^^^^^^^^^^^^^^^^^^^^^^^^^
venv/lib64/python3.12/site-packages/sqlalchemy/engine/base.py:146: in __init__
    Connection._handle_dbapi_exception_noconnection(
venv/lib64/python3.12/site-packages/sqlalchemy/engine/base.py:2450: in _handle_dbapi_exception_noconnection
    raise sqlalchemy_exception.with_traceback(exc_info[2]) from e
venv/lib64/python3.12/site-packages/sqlalchemy/engine/base.py:144: in __init__
    self._dbapi_connection = engine.raw_connection()
                             ^^^^^^^^^^^^^^^^^^^^^^^
venv/lib64/python3.12/site-packages/sqlalchemy/engine/base.py:3319: in raw_connection
    return self.pool.connect()
           ^^^^^^^^^^^^^^^^^^^
venv/lib64/python3.12/site-packages/sqlalchemy/pool/base.py:448: in connect
    return _ConnectionFairy._checkout(self)
           ^^^^^^^^^^^^^^^^^^^^^^^^^^^^^^^^
venv/lib64/python3.12/site-packages/sqlalchemy/pool/base.py:1272: in _checkout
    fairy = _ConnectionRecord.checkout(pool)
            ^^^^^^^^^^^^^^^^^^^^^^^^^^^^^^^^
venv/lib64/python3.12/site-packages/sqlalchemy/pool/base.py:712: in checkout
    rec = pool._do_get()
          ^^^^^^^^^^^^^^
venv/lib64/python3.12/site-packages/sqlalchemy/pool/impl.py:178: in _do_get
    with util.safe_reraise():
         ^^^^^^^^^^^^^^^^^^^
venv/lib64/python3.12/site-packages/sqlalchemy/util/langhelpers.py:122: in __exit__
    raise exc_value.with_traceback(exc_tb)
venv/lib64/python3.12/site-packages/sqlalchemy/pool/impl.py:176: in _do_get
    return self._create_connection()
           ^^^^^^^^^^^^^^^^^^^^^^^^^
venv/lib64/python3.12/site-packages/sqlalchemy/pool/base.py:389: in _create_connection
    return _ConnectionRecord(self)
           ^^^^^^^^^^^^^^^^^^^^^^^
venv/lib64/python3.12/site-packages/sqlalchemy/pool/base.py:674: in __init__
    self.__connect()
venv/lib64/python3.12/site-packages/sqlalchemy/pool/base.py:900: in __connect
    with util.safe_reraise():
         ^^^^^^^^^^^^^^^^^^^
venv/lib64/python3.12/site-packages/sqlalchemy/util/langhelpers.py:122: in __exit__
    raise exc_value.with_traceback(exc_tb)
venv/lib64/python3.12/site-packages/sqlalchemy/pool/base.py:896: in __connect
    self.dbapi_connection = connection = pool._invoke_creator(self)
                                         ^^^^^^^^^^^^^^^^^^^^^^^^^^
venv/lib64/python3.12/site-packages/sqlalchemy/engine/create.py:667: in connect
    return dialect.connect(*cargs_tup, **cparams)
           ^^^^^^^^^^^^^^^^^^^^^^^^^^^^^^^^^^^^^^
_ _ _ _ _ _ _ _ _ _ _ _ _ _ _ _ _ _ _ _ _ _ _ _ _ _ _ _ _ _ _ _ _ _ _ _ _ _ _ _ 

self = <sqlalchemy.dialects.sqlite.pysqlite.SQLiteDialect_pysqlite object at 0x7e5846e630>
cargs = ('/root/Development/ExperimentsCloud/database/experiments.db',)
cparams = {'check_same_thread': False}

    def connect(self, *cargs: Any, **cparams: Any) -> DBAPIConnection:
        # inherits the docstring from interfaces.Dialect.connect
>       return self.loaded_dbapi.connect(*cargs, **cparams)  # type: ignore[no-any-return]  # NOQA: E501
               ^^^^^^^^^^^^^^^^^^^^^^^^^^^^^^^^^^^^^^^^^^^^
E       sqlalchemy.exc.OperationalError: (sqlite3.OperationalError) unable to open database file
E       (Background on this error at: https://sqlalche.me/e/20/e3q8)

venv/lib64/python3.12/site-packages/sqlalchemy/engine/default.py:630: OperationalError
---------------------------- Captured stdout setup -----------------------------

Database URI: sqlite:///:memory:
_________________ ERROR at setup of test_create_folder_success _________________

self = <sqlalchemy.engine.base.Connection object at 0x7e580a9490>
engine = Engine(sqlite:////root/Development/ExperimentsCloud/database/experiments.db)
connection = None, _has_events = None, _allow_revalidate = True
_allow_autobegin = True

    def __init__(
        self,
        engine: Engine,
        connection: Optional[PoolProxiedConnection] = None,
        _has_events: Optional[bool] = None,
        _allow_revalidate: bool = True,
        _allow_autobegin: bool = True,
    ):
        """Construct a new Connection."""
        self.engine = engine
        self.dialect = dialect = engine.dialect
    
        if connection is None:
            try:
>               self._dbapi_connection = engine.raw_connection()
                                         ^^^^^^^^^^^^^^^^^^^^^^^

venv/lib64/python3.12/site-packages/sqlalchemy/engine/base.py:144: 
_ _ _ _ _ _ _ _ _ _ _ _ _ _ _ _ _ _ _ _ _ _ _ _ _ _ _ _ _ _ _ _ _ _ _ _ _ _ _ _ 
venv/lib64/python3.12/site-packages/sqlalchemy/engine/base.py:3319: in raw_connection
    return self.pool.connect()
           ^^^^^^^^^^^^^^^^^^^
venv/lib64/python3.12/site-packages/sqlalchemy/pool/base.py:448: in connect
    return _ConnectionFairy._checkout(self)
           ^^^^^^^^^^^^^^^^^^^^^^^^^^^^^^^^
venv/lib64/python3.12/site-packages/sqlalchemy/pool/base.py:1272: in _checkout
    fairy = _ConnectionRecord.checkout(pool)
            ^^^^^^^^^^^^^^^^^^^^^^^^^^^^^^^^
venv/lib64/python3.12/site-packages/sqlalchemy/pool/base.py:712: in checkout
    rec = pool._do_get()
          ^^^^^^^^^^^^^^
venv/lib64/python3.12/site-packages/sqlalchemy/pool/impl.py:178: in _do_get
    with util.safe_reraise():
         ^^^^^^^^^^^^^^^^^^^
venv/lib64/python3.12/site-packages/sqlalchemy/util/langhelpers.py:122: in __exit__
    raise exc_value.with_traceback(exc_tb)
venv/lib64/python3.12/site-packages/sqlalchemy/pool/impl.py:176: in _do_get
    return self._create_connection()
           ^^^^^^^^^^^^^^^^^^^^^^^^^
venv/lib64/python3.12/site-packages/sqlalchemy/pool/base.py:389: in _create_connection
    return _ConnectionRecord(self)
           ^^^^^^^^^^^^^^^^^^^^^^^
venv/lib64/python3.12/site-packages/sqlalchemy/pool/base.py:674: in __init__
    self.__connect()
venv/lib64/python3.12/site-packages/sqlalchemy/pool/base.py:900: in __connect
    with util.safe_reraise():
         ^^^^^^^^^^^^^^^^^^^
venv/lib64/python3.12/site-packages/sqlalchemy/util/langhelpers.py:122: in __exit__
    raise exc_value.with_traceback(exc_tb)
venv/lib64/python3.12/site-packages/sqlalchemy/pool/base.py:896: in __connect
    self.dbapi_connection = connection = pool._invoke_creator(self)
                                         ^^^^^^^^^^^^^^^^^^^^^^^^^^
venv/lib64/python3.12/site-packages/sqlalchemy/engine/create.py:667: in connect
    return dialect.connect(*cargs_tup, **cparams)
           ^^^^^^^^^^^^^^^^^^^^^^^^^^^^^^^^^^^^^^
_ _ _ _ _ _ _ _ _ _ _ _ _ _ _ _ _ _ _ _ _ _ _ _ _ _ _ _ _ _ _ _ _ _ _ _ _ _ _ _ 

self = <sqlalchemy.dialects.sqlite.pysqlite.SQLiteDialect_pysqlite object at 0x7e5846e630>
cargs = ('/root/Development/ExperimentsCloud/database/experiments.db',)
cparams = {'check_same_thread': False}

    def connect(self, *cargs: Any, **cparams: Any) -> DBAPIConnection:
        # inherits the docstring from interfaces.Dialect.connect
>       return self.loaded_dbapi.connect(*cargs, **cparams)  # type: ignore[no-any-return]  # NOQA: E501
               ^^^^^^^^^^^^^^^^^^^^^^^^^^^^^^^^^^^^^^^^^^^^
E       sqlite3.OperationalError: unable to open database file

venv/lib64/python3.12/site-packages/sqlalchemy/engine/default.py:630: OperationalError

The above exception was the direct cause of the following exception:

app = <Flask 'app'>

    @pytest.fixture(autouse=True)
    def database(app):
    
        print("\nDatabase URI:", app.config["SQLALCHEMY_DATABASE_URI"])
    
        with app.app_context():
    
>           db.drop_all()

tests/conftest.py:23: 
_ _ _ _ _ _ _ _ _ _ _ _ _ _ _ _ _ _ _ _ _ _ _ _ _ _ _ _ _ _ _ _ _ _ _ _ _ _ _ _ 
venv/lib64/python3.12/site-packages/flask_sqlalchemy/extension.py:917: in drop_all
    self._call_for_binds(bind_key, "drop_all")
venv/lib64/python3.12/site-packages/flask_sqlalchemy/extension.py:881: in _call_for_binds
    getattr(metadata, op_name)(bind=engine)
venv/lib64/python3.12/site-packages/sqlalchemy/sql/schema.py:5958: in drop_all
    bind._run_ddl_visitor(
venv/lib64/python3.12/site-packages/sqlalchemy/engine/base.py:3269: in _run_ddl_visitor
    with self.begin() as conn:
         ^^^^^^^^^^^^
/usr/lib64/python3.12/contextlib.py:137: in __enter__
    return next(self.gen)
           ^^^^^^^^^^^^^^
venv/lib64/python3.12/site-packages/sqlalchemy/engine/base.py:3259: in begin
    with self.connect() as conn:
         ^^^^^^^^^^^^^^
venv/lib64/python3.12/site-packages/sqlalchemy/engine/base.py:3295: in connect
    return self._connection_cls(self)
           ^^^^^^^^^^^^^^^^^^^^^^^^^^
venv/lib64/python3.12/site-packages/sqlalchemy/engine/base.py:146: in __init__
    Connection._handle_dbapi_exception_noconnection(
venv/lib64/python3.12/site-packages/sqlalchemy/engine/base.py:2450: in _handle_dbapi_exception_noconnection
    raise sqlalchemy_exception.with_traceback(exc_info[2]) from e
venv/lib64/python3.12/site-packages/sqlalchemy/engine/base.py:144: in __init__
    self._dbapi_connection = engine.raw_connection()
                             ^^^^^^^^^^^^^^^^^^^^^^^
venv/lib64/python3.12/site-packages/sqlalchemy/engine/base.py:3319: in raw_connection
    return self.pool.connect()
           ^^^^^^^^^^^^^^^^^^^
venv/lib64/python3.12/site-packages/sqlalchemy/pool/base.py:448: in connect
    return _ConnectionFairy._checkout(self)
           ^^^^^^^^^^^^^^^^^^^^^^^^^^^^^^^^
venv/lib64/python3.12/site-packages/sqlalchemy/pool/base.py:1272: in _checkout
    fairy = _ConnectionRecord.checkout(pool)
            ^^^^^^^^^^^^^^^^^^^^^^^^^^^^^^^^
venv/lib64/python3.12/site-packages/sqlalchemy/pool/base.py:712: in checkout
    rec = pool._do_get()
          ^^^^^^^^^^^^^^
venv/lib64/python3.12/site-packages/sqlalchemy/pool/impl.py:178: in _do_get
    with util.safe_reraise():
         ^^^^^^^^^^^^^^^^^^^
venv/lib64/python3.12/site-packages/sqlalchemy/util/langhelpers.py:122: in __exit__
    raise exc_value.with_traceback(exc_tb)
venv/lib64/python3.12/site-packages/sqlalchemy/pool/impl.py:176: in _do_get
    return self._create_connection()
           ^^^^^^^^^^^^^^^^^^^^^^^^^
venv/lib64/python3.12/site-packages/sqlalchemy/pool/base.py:389: in _create_connection
    return _ConnectionRecord(self)
           ^^^^^^^^^^^^^^^^^^^^^^^
venv/lib64/python3.12/site-packages/sqlalchemy/pool/base.py:674: in __init__
    self.__connect()
venv/lib64/python3.12/site-packages/sqlalchemy/pool/base.py:900: in __connect
    with util.safe_reraise():
         ^^^^^^^^^^^^^^^^^^^
venv/lib64/python3.12/site-packages/sqlalchemy/util/langhelpers.py:122: in __exit__
    raise exc_value.with_traceback(exc_tb)
venv/lib64/python3.12/site-packages/sqlalchemy/pool/base.py:896: in __connect
    self.dbapi_connection = connection = pool._invoke_creator(self)
                                         ^^^^^^^^^^^^^^^^^^^^^^^^^^
venv/lib64/python3.12/site-packages/sqlalchemy/engine/create.py:667: in connect
    return dialect.connect(*cargs_tup, **cparams)
           ^^^^^^^^^^^^^^^^^^^^^^^^^^^^^^^^^^^^^^
_ _ _ _ _ _ _ _ _ _ _ _ _ _ _ _ _ _ _ _ _ _ _ _ _ _ _ _ _ _ _ _ _ _ _ _ _ _ _ _ 

self = <sqlalchemy.dialects.sqlite.pysqlite.SQLiteDialect_pysqlite object at 0x7e5846e630>
cargs = ('/root/Development/ExperimentsCloud/database/experiments.db',)
cparams = {'check_same_thread': False}

    def connect(self, *cargs: Any, **cparams: Any) -> DBAPIConnection:
        # inherits the docstring from interfaces.Dialect.connect
>       return self.loaded_dbapi.connect(*cargs, **cparams)  # type: ignore[no-any-return]  # NOQA: E501
               ^^^^^^^^^^^^^^^^^^^^^^^^^^^^^^^^^^^^^^^^^^^^
E       sqlalchemy.exc.OperationalError: (sqlite3.OperationalError) unable to open database file
E       (Background on this error at: https://sqlalche.me/e/20/e3q8)

venv/lib64/python3.12/site-packages/sqlalchemy/engine/default.py:630: OperationalError
---------------------------- Captured stdout setup -----------------------------

Database URI: sqlite:///:memory:
______________________ ERROR at setup of test_rename_page ______________________

self = <sqlalchemy.engine.base.Connection object at 0x7e58090620>
engine = Engine(sqlite:////root/Development/ExperimentsCloud/database/experiments.db)
connection = None, _has_events = None, _allow_revalidate = True
_allow_autobegin = True

    def __init__(
        self,
        engine: Engine,
        connection: Optional[PoolProxiedConnection] = None,
        _has_events: Optional[bool] = None,
        _allow_revalidate: bool = True,
        _allow_autobegin: bool = True,
    ):
        """Construct a new Connection."""
        self.engine = engine
        self.dialect = dialect = engine.dialect
    
        if connection is None:
            try:
>               self._dbapi_connection = engine.raw_connection()
                                         ^^^^^^^^^^^^^^^^^^^^^^^

venv/lib64/python3.12/site-packages/sqlalchemy/engine/base.py:144: 
_ _ _ _ _ _ _ _ _ _ _ _ _ _ _ _ _ _ _ _ _ _ _ _ _ _ _ _ _ _ _ _ _ _ _ _ _ _ _ _ 
venv/lib64/python3.12/site-packages/sqlalchemy/engine/base.py:3319: in raw_connection
    return self.pool.connect()
           ^^^^^^^^^^^^^^^^^^^
venv/lib64/python3.12/site-packages/sqlalchemy/pool/base.py:448: in connect
    return _ConnectionFairy._checkout(self)
           ^^^^^^^^^^^^^^^^^^^^^^^^^^^^^^^^
venv/lib64/python3.12/site-packages/sqlalchemy/pool/base.py:1272: in _checkout
    fairy = _ConnectionRecord.checkout(pool)
            ^^^^^^^^^^^^^^^^^^^^^^^^^^^^^^^^
venv/lib64/python3.12/site-packages/sqlalchemy/pool/base.py:712: in checkout
    rec = pool._do_get()
          ^^^^^^^^^^^^^^
venv/lib64/python3.12/site-packages/sqlalchemy/pool/impl.py:178: in _do_get
    with util.safe_reraise():
         ^^^^^^^^^^^^^^^^^^^
venv/lib64/python3.12/site-packages/sqlalchemy/util/langhelpers.py:122: in __exit__
    raise exc_value.with_traceback(exc_tb)
venv/lib64/python3.12/site-packages/sqlalchemy/pool/impl.py:176: in _do_get
    return self._create_connection()
           ^^^^^^^^^^^^^^^^^^^^^^^^^
venv/lib64/python3.12/site-packages/sqlalchemy/pool/base.py:389: in _create_connection
    return _ConnectionRecord(self)
           ^^^^^^^^^^^^^^^^^^^^^^^
venv/lib64/python3.12/site-packages/sqlalchemy/pool/base.py:674: in __init__
    self.__connect()
venv/lib64/python3.12/site-packages/sqlalchemy/pool/base.py:900: in __connect
    with util.safe_reraise():
         ^^^^^^^^^^^^^^^^^^^
venv/lib64/python3.12/site-packages/sqlalchemy/util/langhelpers.py:122: in __exit__
    raise exc_value.with_traceback(exc_tb)
venv/lib64/python3.12/site-packages/sqlalchemy/pool/base.py:896: in __connect
    self.dbapi_connection = connection = pool._invoke_creator(self)
                                         ^^^^^^^^^^^^^^^^^^^^^^^^^^
venv/lib64/python3.12/site-packages/sqlalchemy/engine/create.py:667: in connect
    return dialect.connect(*cargs_tup, **cparams)
           ^^^^^^^^^^^^^^^^^^^^^^^^^^^^^^^^^^^^^^
_ _ _ _ _ _ _ _ _ _ _ _ _ _ _ _ _ _ _ _ _ _ _ _ _ _ _ _ _ _ _ _ _ _ _ _ _ _ _ _ 

self = <sqlalchemy.dialects.sqlite.pysqlite.SQLiteDialect_pysqlite object at 0x7e5846e630>
cargs = ('/root/Development/ExperimentsCloud/database/experiments.db',)
cparams = {'check_same_thread': False}

    def connect(self, *cargs: Any, **cparams: Any) -> DBAPIConnection:
        # inherits the docstring from interfaces.Dialect.connect
>       return self.loaded_dbapi.connect(*cargs, **cparams)  # type: ignore[no-any-return]  # NOQA: E501
               ^^^^^^^^^^^^^^^^^^^^^^^^^^^^^^^^^^^^^^^^^^^^
E       sqlite3.OperationalError: unable to open database file

venv/lib64/python3.12/site-packages/sqlalchemy/engine/default.py:630: OperationalError

The above exception was the direct cause of the following exception:

app = <Flask 'app'>

    @pytest.fixture(autouse=True)
    def database(app):
    
        print("\nDatabase URI:", app.config["SQLALCHEMY_DATABASE_URI"])
    
        with app.app_context():
    
>           db.drop_all()

tests/conftest.py:23: 
_ _ _ _ _ _ _ _ _ _ _ _ _ _ _ _ _ _ _ _ _ _ _ _ _ _ _ _ _ _ _ _ _ _ _ _ _ _ _ _ 
venv/lib64/python3.12/site-packages/flask_sqlalchemy/extension.py:917: in drop_all
    self._call_for_binds(bind_key, "drop_all")
venv/lib64/python3.12/site-packages/flask_sqlalchemy/extension.py:881: in _call_for_binds
    getattr(metadata, op_name)(bind=engine)
venv/lib64/python3.12/site-packages/sqlalchemy/sql/schema.py:5958: in drop_all
    bind._run_ddl_visitor(
venv/lib64/python3.12/site-packages/sqlalchemy/engine/base.py:3269: in _run_ddl_visitor
    with self.begin() as conn:
         ^^^^^^^^^^^^
/usr/lib64/python3.12/contextlib.py:137: in __enter__
    return next(self.gen)
           ^^^^^^^^^^^^^^
venv/lib64/python3.12/site-packages/sqlalchemy/engine/base.py:3259: in begin
    with self.connect() as conn:
         ^^^^^^^^^^^^^^
venv/lib64/python3.12/site-packages/sqlalchemy/engine/base.py:3295: in connect
    return self._connection_cls(self)
           ^^^^^^^^^^^^^^^^^^^^^^^^^^
venv/lib64/python3.12/site-packages/sqlalchemy/engine/base.py:146: in __init__
    Connection._handle_dbapi_exception_noconnection(
venv/lib64/python3.12/site-packages/sqlalchemy/engine/base.py:2450: in _handle_dbapi_exception_noconnection
    raise sqlalchemy_exception.with_traceback(exc_info[2]) from e
venv/lib64/python3.12/site-packages/sqlalchemy/engine/base.py:144: in __init__
    self._dbapi_connection = engine.raw_connection()
                             ^^^^^^^^^^^^^^^^^^^^^^^
venv/lib64/python3.12/site-packages/sqlalchemy/engine/base.py:3319: in raw_connection
    return self.pool.connect()
           ^^^^^^^^^^^^^^^^^^^
venv/lib64/python3.12/site-packages/sqlalchemy/pool/base.py:448: in connect
    return _ConnectionFairy._checkout(self)
           ^^^^^^^^^^^^^^^^^^^^^^^^^^^^^^^^
venv/lib64/python3.12/site-packages/sqlalchemy/pool/base.py:1272: in _checkout
    fairy = _ConnectionRecord.checkout(pool)
            ^^^^^^^^^^^^^^^^^^^^^^^^^^^^^^^^
venv/lib64/python3.12/site-packages/sqlalchemy/pool/base.py:712: in checkout
    rec = pool._do_get()
          ^^^^^^^^^^^^^^
venv/lib64/python3.12/site-packages/sqlalchemy/pool/impl.py:178: in _do_get
    with util.safe_reraise():
         ^^^^^^^^^^^^^^^^^^^
venv/lib64/python3.12/site-packages/sqlalchemy/util/langhelpers.py:122: in __exit__
    raise exc_value.with_traceback(exc_tb)
venv/lib64/python3.12/site-packages/sqlalchemy/pool/impl.py:176: in _do_get
    return self._create_connection()
           ^^^^^^^^^^^^^^^^^^^^^^^^^
venv/lib64/python3.12/site-packages/sqlalchemy/pool/base.py:389: in _create_connection
    return _ConnectionRecord(self)
           ^^^^^^^^^^^^^^^^^^^^^^^
venv/lib64/python3.12/site-packages/sqlalchemy/pool/base.py:674: in __init__
    self.__connect()
venv/lib64/python3.12/site-packages/sqlalchemy/pool/base.py:900: in __connect
    with util.safe_reraise():
         ^^^^^^^^^^^^^^^^^^^
venv/lib64/python3.12/site-packages/sqlalchemy/util/langhelpers.py:122: in __exit__
    raise exc_value.with_traceback(exc_tb)
venv/lib64/python3.12/site-packages/sqlalchemy/pool/base.py:896: in __connect
    self.dbapi_connection = connection = pool._invoke_creator(self)
                                         ^^^^^^^^^^^^^^^^^^^^^^^^^^
venv/lib64/python3.12/site-packages/sqlalchemy/engine/create.py:667: in connect
    return dialect.connect(*cargs_tup, **cparams)
           ^^^^^^^^^^^^^^^^^^^^^^^^^^^^^^^^^^^^^^
_ _ _ _ _ _ _ _ _ _ _ _ _ _ _ _ _ _ _ _ _ _ _ _ _ _ _ _ _ _ _ _ _ _ _ _ _ _ _ _ 

self = <sqlalchemy.dialects.sqlite.pysqlite.SQLiteDialect_pysqlite object at 0x7e5846e630>
cargs = ('/root/Development/ExperimentsCloud/database/experiments.db',)
cparams = {'check_same_thread': False}

    def connect(self, *cargs: Any, **cparams: Any) -> DBAPIConnection:
        # inherits the docstring from interfaces.Dialect.connect
>       return self.loaded_dbapi.connect(*cargs, **cparams)  # type: ignore[no-any-return]  # NOQA: E501
               ^^^^^^^^^^^^^^^^^^^^^^^^^^^^^^^^^^^^^^^^^^^^
E       sqlalchemy.exc.OperationalError: (sqlite3.OperationalError) unable to open database file
E       (Background on this error at: https://sqlalche.me/e/20/e3q8)

venv/lib64/python3.12/site-packages/sqlalchemy/engine/default.py:630: OperationalError
---------------------------- Captured stdout setup -----------------------------

Database URI: sqlite:///:memory:
____________________ ERROR at setup of test_rename_success _____________________

self = <sqlalchemy.engine.base.Connection object at 0x7e580919a0>
engine = Engine(sqlite:////root/Development/ExperimentsCloud/database/experiments.db)
connection = None, _has_events = None, _allow_revalidate = True
_allow_autobegin = True

    def __init__(
        self,
        engine: Engine,
        connection: Optional[PoolProxiedConnection] = None,
        _has_events: Optional[bool] = None,
        _allow_revalidate: bool = True,
        _allow_autobegin: bool = True,
    ):
        """Construct a new Connection."""
        self.engine = engine
        self.dialect = dialect = engine.dialect
    
        if connection is None:
            try:
>               self._dbapi_connection = engine.raw_connection()
                                         ^^^^^^^^^^^^^^^^^^^^^^^

venv/lib64/python3.12/site-packages/sqlalchemy/engine/base.py:144: 
_ _ _ _ _ _ _ _ _ _ _ _ _ _ _ _ _ _ _ _ _ _ _ _ _ _ _ _ _ _ _ _ _ _ _ _ _ _ _ _ 
venv/lib64/python3.12/site-packages/sqlalchemy/engine/base.py:3319: in raw_connection
    return self.pool.connect()
           ^^^^^^^^^^^^^^^^^^^
venv/lib64/python3.12/site-packages/sqlalchemy/pool/base.py:448: in connect
    return _ConnectionFairy._checkout(self)
           ^^^^^^^^^^^^^^^^^^^^^^^^^^^^^^^^
venv/lib64/python3.12/site-packages/sqlalchemy/pool/base.py:1272: in _checkout
    fairy = _ConnectionRecord.checkout(pool)
            ^^^^^^^^^^^^^^^^^^^^^^^^^^^^^^^^
venv/lib64/python3.12/site-packages/sqlalchemy/pool/base.py:712: in checkout
    rec = pool._do_get()
          ^^^^^^^^^^^^^^
venv/lib64/python3.12/site-packages/sqlalchemy/pool/impl.py:178: in _do_get
    with util.safe_reraise():
         ^^^^^^^^^^^^^^^^^^^
venv/lib64/python3.12/site-packages/sqlalchemy/util/langhelpers.py:122: in __exit__
    raise exc_value.with_traceback(exc_tb)
venv/lib64/python3.12/site-packages/sqlalchemy/pool/impl.py:176: in _do_get
    return self._create_connection()
           ^^^^^^^^^^^^^^^^^^^^^^^^^
venv/lib64/python3.12/site-packages/sqlalchemy/pool/base.py:389: in _create_connection
    return _ConnectionRecord(self)
           ^^^^^^^^^^^^^^^^^^^^^^^
venv/lib64/python3.12/site-packages/sqlalchemy/pool/base.py:674: in __init__
    self.__connect()
venv/lib64/python3.12/site-packages/sqlalchemy/pool/base.py:900: in __connect
    with util.safe_reraise():
         ^^^^^^^^^^^^^^^^^^^
venv/lib64/python3.12/site-packages/sqlalchemy/util/langhelpers.py:122: in __exit__
    raise exc_value.with_traceback(exc_tb)
venv/lib64/python3.12/site-packages/sqlalchemy/pool/base.py:896: in __connect
    self.dbapi_connection = connection = pool._invoke_creator(self)
                                         ^^^^^^^^^^^^^^^^^^^^^^^^^^
venv/lib64/python3.12/site-packages/sqlalchemy/engine/create.py:667: in connect
    return dialect.connect(*cargs_tup, **cparams)
           ^^^^^^^^^^^^^^^^^^^^^^^^^^^^^^^^^^^^^^
_ _ _ _ _ _ _ _ _ _ _ _ _ _ _ _ _ _ _ _ _ _ _ _ _ _ _ _ _ _ _ _ _ _ _ _ _ _ _ _ 

self = <sqlalchemy.dialects.sqlite.pysqlite.SQLiteDialect_pysqlite object at 0x7e5846e630>
cargs = ('/root/Development/ExperimentsCloud/database/experiments.db',)
cparams = {'check_same_thread': False}

    def connect(self, *cargs: Any, **cparams: Any) -> DBAPIConnection:
        # inherits the docstring from interfaces.Dialect.connect
>       return self.loaded_dbapi.connect(*cargs, **cparams)  # type: ignore[no-any-return]  # NOQA: E501
               ^^^^^^^^^^^^^^^^^^^^^^^^^^^^^^^^^^^^^^^^^^^^
E       sqlite3.OperationalError: unable to open database file

venv/lib64/python3.12/site-packages/sqlalchemy/engine/default.py:630: OperationalError

The above exception was the direct cause of the following exception:

app = <Flask 'app'>

    @pytest.fixture(autouse=True)
    def database(app):
    
        print("\nDatabase URI:", app.config["SQLALCHEMY_DATABASE_URI"])
    
        with app.app_context():
    
>           db.drop_all()

tests/conftest.py:23: 
_ _ _ _ _ _ _ _ _ _ _ _ _ _ _ _ _ _ _ _ _ _ _ _ _ _ _ _ _ _ _ _ _ _ _ _ _ _ _ _ 
venv/lib64/python3.12/site-packages/flask_sqlalchemy/extension.py:917: in drop_all
    self._call_for_binds(bind_key, "drop_all")
venv/lib64/python3.12/site-packages/flask_sqlalchemy/extension.py:881: in _call_for_binds
    getattr(metadata, op_name)(bind=engine)
venv/lib64/python3.12/site-packages/sqlalchemy/sql/schema.py:5958: in drop_all
    bind._run_ddl_visitor(
venv/lib64/python3.12/site-packages/sqlalchemy/engine/base.py:3269: in _run_ddl_visitor
    with self.begin() as conn:
         ^^^^^^^^^^^^
/usr/lib64/python3.12/contextlib.py:137: in __enter__
    return next(self.gen)
           ^^^^^^^^^^^^^^
venv/lib64/python3.12/site-packages/sqlalchemy/engine/base.py:3259: in begin
    with self.connect() as conn:
         ^^^^^^^^^^^^^^
venv/lib64/python3.12/site-packages/sqlalchemy/engine/base.py:3295: in connect
    return self._connection_cls(self)
           ^^^^^^^^^^^^^^^^^^^^^^^^^^
venv/lib64/python3.12/site-packages/sqlalchemy/engine/base.py:146: in __init__
    Connection._handle_dbapi_exception_noconnection(
venv/lib64/python3.12/site-packages/sqlalchemy/engine/base.py:2450: in _handle_dbapi_exception_noconnection
    raise sqlalchemy_exception.with_traceback(exc_info[2]) from e
venv/lib64/python3.12/site-packages/sqlalchemy/engine/base.py:144: in __init__
    self._dbapi_connection = engine.raw_connection()
                             ^^^^^^^^^^^^^^^^^^^^^^^
venv/lib64/python3.12/site-packages/sqlalchemy/engine/base.py:3319: in raw_connection
    return self.pool.connect()
           ^^^^^^^^^^^^^^^^^^^
venv/lib64/python3.12/site-packages/sqlalchemy/pool/base.py:448: in connect
    return _ConnectionFairy._checkout(self)
           ^^^^^^^^^^^^^^^^^^^^^^^^^^^^^^^^
venv/lib64/python3.12/site-packages/sqlalchemy/pool/base.py:1272: in _checkout
    fairy = _ConnectionRecord.checkout(pool)
            ^^^^^^^^^^^^^^^^^^^^^^^^^^^^^^^^
venv/lib64/python3.12/site-packages/sqlalchemy/pool/base.py:712: in checkout
    rec = pool._do_get()
          ^^^^^^^^^^^^^^
venv/lib64/python3.12/site-packages/sqlalchemy/pool/impl.py:178: in _do_get
    with util.safe_reraise():
         ^^^^^^^^^^^^^^^^^^^
venv/lib64/python3.12/site-packages/sqlalchemy/util/langhelpers.py:122: in __exit__
    raise exc_value.with_traceback(exc_tb)
venv/lib64/python3.12/site-packages/sqlalchemy/pool/impl.py:176: in _do_get
    return self._create_connection()
           ^^^^^^^^^^^^^^^^^^^^^^^^^
venv/lib64/python3.12/site-packages/sqlalchemy/pool/base.py:389: in _create_connection
    return _ConnectionRecord(self)
           ^^^^^^^^^^^^^^^^^^^^^^^
venv/lib64/python3.12/site-packages/sqlalchemy/pool/base.py:674: in __init__
    self.__connect()
venv/lib64/python3.12/site-packages/sqlalchemy/pool/base.py:900: in __connect
    with util.safe_reraise():
         ^^^^^^^^^^^^^^^^^^^
venv/lib64/python3.12/site-packages/sqlalchemy/util/langhelpers.py:122: in __exit__
    raise exc_value.with_traceback(exc_tb)
venv/lib64/python3.12/site-packages/sqlalchemy/pool/base.py:896: in __connect
    self.dbapi_connection = connection = pool._invoke_creator(self)
                                         ^^^^^^^^^^^^^^^^^^^^^^^^^^
venv/lib64/python3.12/site-packages/sqlalchemy/engine/create.py:667: in connect
    return dialect.connect(*cargs_tup, **cparams)
           ^^^^^^^^^^^^^^^^^^^^^^^^^^^^^^^^^^^^^^
_ _ _ _ _ _ _ _ _ _ _ _ _ _ _ _ _ _ _ _ _ _ _ _ _ _ _ _ _ _ _ _ _ _ _ _ _ _ _ _ 

self = <sqlalchemy.dialects.sqlite.pysqlite.SQLiteDialect_pysqlite object at 0x7e5846e630>
cargs = ('/root/Development/ExperimentsCloud/database/experiments.db',)
cparams = {'check_same_thread': False}

    def connect(self, *cargs: Any, **cparams: Any) -> DBAPIConnection:
        # inherits the docstring from interfaces.Dialect.connect
>       return self.loaded_dbapi.connect(*cargs, **cparams)  # type: ignore[no-any-return]  # NOQA: E501
               ^^^^^^^^^^^^^^^^^^^^^^^^^^^^^^^^^^^^^^^^^^^^
E       sqlalchemy.exc.OperationalError: (sqlite3.OperationalError) unable to open database file
E       (Background on this error at: https://sqlalche.me/e/20/e3q8)

venv/lib64/python3.12/site-packages/sqlalchemy/engine/default.py:630: OperationalError
---------------------------- Captured stdout setup -----------------------------

Database URI: sqlite:///:memory:
_______________ ERROR at setup of test_rename_other_user_folder ________________

self = <sqlalchemy.engine.base.Connection object at 0x7e580880e0>
engine = Engine(sqlite:////root/Development/ExperimentsCloud/database/experiments.db)
connection = None, _has_events = None, _allow_revalidate = True
_allow_autobegin = True

    def __init__(
        self,
        engine: Engine,
        connection: Optional[PoolProxiedConnection] = None,
        _has_events: Optional[bool] = None,
        _allow_revalidate: bool = True,
        _allow_autobegin: bool = True,
    ):
        """Construct a new Connection."""
        self.engine = engine
        self.dialect = dialect = engine.dialect
    
        if connection is None:
            try:
>               self._dbapi_connection = engine.raw_connection()
                                         ^^^^^^^^^^^^^^^^^^^^^^^

venv/lib64/python3.12/site-packages/sqlalchemy/engine/base.py:144: 
_ _ _ _ _ _ _ _ _ _ _ _ _ _ _ _ _ _ _ _ _ _ _ _ _ _ _ _ _ _ _ _ _ _ _ _ _ _ _ _ 
venv/lib64/python3.12/site-packages/sqlalchemy/engine/base.py:3319: in raw_connection
    return self.pool.connect()
           ^^^^^^^^^^^^^^^^^^^
venv/lib64/python3.12/site-packages/sqlalchemy/pool/base.py:448: in connect
    return _ConnectionFairy._checkout(self)
           ^^^^^^^^^^^^^^^^^^^^^^^^^^^^^^^^
venv/lib64/python3.12/site-packages/sqlalchemy/pool/base.py:1272: in _checkout
    fairy = _ConnectionRecord.checkout(pool)
            ^^^^^^^^^^^^^^^^^^^^^^^^^^^^^^^^
venv/lib64/python3.12/site-packages/sqlalchemy/pool/base.py:712: in checkout
    rec = pool._do_get()
          ^^^^^^^^^^^^^^
venv/lib64/python3.12/site-packages/sqlalchemy/pool/impl.py:178: in _do_get
    with util.safe_reraise():
         ^^^^^^^^^^^^^^^^^^^
venv/lib64/python3.12/site-packages/sqlalchemy/util/langhelpers.py:122: in __exit__
    raise exc_value.with_traceback(exc_tb)
venv/lib64/python3.12/site-packages/sqlalchemy/pool/impl.py:176: in _do_get
    return self._create_connection()
           ^^^^^^^^^^^^^^^^^^^^^^^^^
venv/lib64/python3.12/site-packages/sqlalchemy/pool/base.py:389: in _create_connection
    return _ConnectionRecord(self)
           ^^^^^^^^^^^^^^^^^^^^^^^
venv/lib64/python3.12/site-packages/sqlalchemy/pool/base.py:674: in __init__
    self.__connect()
venv/lib64/python3.12/site-packages/sqlalchemy/pool/base.py:900: in __connect
    with util.safe_reraise():
         ^^^^^^^^^^^^^^^^^^^
venv/lib64/python3.12/site-packages/sqlalchemy/util/langhelpers.py:122: in __exit__
    raise exc_value.with_traceback(exc_tb)
venv/lib64/python3.12/site-packages/sqlalchemy/pool/base.py:896: in __connect
    self.dbapi_connection = connection = pool._invoke_creator(self)
                                         ^^^^^^^^^^^^^^^^^^^^^^^^^^
venv/lib64/python3.12/site-packages/sqlalchemy/engine/create.py:667: in connect
    return dialect.connect(*cargs_tup, **cparams)
           ^^^^^^^^^^^^^^^^^^^^^^^^^^^^^^^^^^^^^^
_ _ _ _ _ _ _ _ _ _ _ _ _ _ _ _ _ _ _ _ _ _ _ _ _ _ _ _ _ _ _ _ _ _ _ _ _ _ _ _ 

self = <sqlalchemy.dialects.sqlite.pysqlite.SQLiteDialect_pysqlite object at 0x7e5846e630>
cargs = ('/root/Development/ExperimentsCloud/database/experiments.db',)
cparams = {'check_same_thread': False}

    def connect(self, *cargs: Any, **cparams: Any) -> DBAPIConnection:
        # inherits the docstring from interfaces.Dialect.connect
>       return self.loaded_dbapi.connect(*cargs, **cparams)  # type: ignore[no-any-return]  # NOQA: E501
               ^^^^^^^^^^^^^^^^^^^^^^^^^^^^^^^^^^^^^^^^^^^^
E       sqlite3.OperationalError: unable to open database file

venv/lib64/python3.12/site-packages/sqlalchemy/engine/default.py:630: OperationalError

The above exception was the direct cause of the following exception:

app = <Flask 'app'>

    @pytest.fixture(autouse=True)
    def database(app):
    
        print("\nDatabase URI:", app.config["SQLALCHEMY_DATABASE_URI"])
    
        with app.app_context():
    
>           db.drop_all()

tests/conftest.py:23: 
_ _ _ _ _ _ _ _ _ _ _ _ _ _ _ _ _ _ _ _ _ _ _ _ _ _ _ _ _ _ _ _ _ _ _ _ _ _ _ _ 
venv/lib64/python3.12/site-packages/flask_sqlalchemy/extension.py:917: in drop_all
    self._call_for_binds(bind_key, "drop_all")
venv/lib64/python3.12/site-packages/flask_sqlalchemy/extension.py:881: in _call_for_binds
    getattr(metadata, op_name)(bind=engine)
venv/lib64/python3.12/site-packages/sqlalchemy/sql/schema.py:5958: in drop_all
    bind._run_ddl_visitor(
venv/lib64/python3.12/site-packages/sqlalchemy/engine/base.py:3269: in _run_ddl_visitor
    with self.begin() as conn:
         ^^^^^^^^^^^^
/usr/lib64/python3.12/contextlib.py:137: in __enter__
    return next(self.gen)
           ^^^^^^^^^^^^^^
venv/lib64/python3.12/site-packages/sqlalchemy/engine/base.py:3259: in begin
    with self.connect() as conn:
         ^^^^^^^^^^^^^^
venv/lib64/python3.12/site-packages/sqlalchemy/engine/base.py:3295: in connect
    return self._connection_cls(self)
           ^^^^^^^^^^^^^^^^^^^^^^^^^^
venv/lib64/python3.12/site-packages/sqlalchemy/engine/base.py:146: in __init__
    Connection._handle_dbapi_exception_noconnection(
venv/lib64/python3.12/site-packages/sqlalchemy/engine/base.py:2450: in _handle_dbapi_exception_noconnection
    raise sqlalchemy_exception.with_traceback(exc_info[2]) from e
venv/lib64/python3.12/site-packages/sqlalchemy/engine/base.py:144: in __init__
    self._dbapi_connection = engine.raw_connection()
                             ^^^^^^^^^^^^^^^^^^^^^^^
venv/lib64/python3.12/site-packages/sqlalchemy/engine/base.py:3319: in raw_connection
    return self.pool.connect()
           ^^^^^^^^^^^^^^^^^^^
venv/lib64/python3.12/site-packages/sqlalchemy/pool/base.py:448: in connect
    return _ConnectionFairy._checkout(self)
           ^^^^^^^^^^^^^^^^^^^^^^^^^^^^^^^^
venv/lib64/python3.12/site-packages/sqlalchemy/pool/base.py:1272: in _checkout
    fairy = _ConnectionRecord.checkout(pool)
            ^^^^^^^^^^^^^^^^^^^^^^^^^^^^^^^^
venv/lib64/python3.12/site-packages/sqlalchemy/pool/base.py:712: in checkout
    rec = pool._do_get()
          ^^^^^^^^^^^^^^
venv/lib64/python3.12/site-packages/sqlalchemy/pool/impl.py:178: in _do_get
    with util.safe_reraise():
         ^^^^^^^^^^^^^^^^^^^
venv/lib64/python3.12/site-packages/sqlalchemy/util/langhelpers.py:122: in __exit__
    raise exc_value.with_traceback(exc_tb)
venv/lib64/python3.12/site-packages/sqlalchemy/pool/impl.py:176: in _do_get
    return self._create_connection()
           ^^^^^^^^^^^^^^^^^^^^^^^^^
venv/lib64/python3.12/site-packages/sqlalchemy/pool/base.py:389: in _create_connection
    return _ConnectionRecord(self)
           ^^^^^^^^^^^^^^^^^^^^^^^
venv/lib64/python3.12/site-packages/sqlalchemy/pool/base.py:674: in __init__
    self.__connect()
venv/lib64/python3.12/site-packages/sqlalchemy/pool/base.py:900: in __connect
    with util.safe_reraise():
         ^^^^^^^^^^^^^^^^^^^
venv/lib64/python3.12/site-packages/sqlalchemy/util/langhelpers.py:122: in __exit__
    raise exc_value.with_traceback(exc_tb)
venv/lib64/python3.12/site-packages/sqlalchemy/pool/base.py:896: in __connect
    self.dbapi_connection = connection = pool._invoke_creator(self)
                                         ^^^^^^^^^^^^^^^^^^^^^^^^^^
venv/lib64/python3.12/site-packages/sqlalchemy/engine/create.py:667: in connect
    return dialect.connect(*cargs_tup, **cparams)
           ^^^^^^^^^^^^^^^^^^^^^^^^^^^^^^^^^^^^^^
_ _ _ _ _ _ _ _ _ _ _ _ _ _ _ _ _ _ _ _ _ _ _ _ _ _ _ _ _ _ _ _ _ _ _ _ _ _ _ _ 

self = <sqlalchemy.dialects.sqlite.pysqlite.SQLiteDialect_pysqlite object at 0x7e5846e630>
cargs = ('/root/Development/ExperimentsCloud/database/experiments.db',)
cparams = {'check_same_thread': False}

    def connect(self, *cargs: Any, **cparams: Any) -> DBAPIConnection:
        # inherits the docstring from interfaces.Dialect.connect
>       return self.loaded_dbapi.connect(*cargs, **cparams)  # type: ignore[no-any-return]  # NOQA: E501
               ^^^^^^^^^^^^^^^^^^^^^^^^^^^^^^^^^^^^^^^^^^^^
E       sqlalchemy.exc.OperationalError: (sqlite3.OperationalError) unable to open database file
E       (Background on this error at: https://sqlalche.me/e/20/e3q8)

venv/lib64/python3.12/site-packages/sqlalchemy/engine/default.py:630: OperationalError
---------------------------- Captured stdout setup -----------------------------

Database URI: sqlite:///:memory:
_________________ ERROR at setup of test_delete_folder_success _________________

self = <sqlalchemy.engine.base.Connection object at 0x7e58089eb0>
engine = Engine(sqlite:////root/Development/ExperimentsCloud/database/experiments.db)
connection = None, _has_events = None, _allow_revalidate = True
_allow_autobegin = True

    def __init__(
        self,
        engine: Engine,
        connection: Optional[PoolProxiedConnection] = None,
        _has_events: Optional[bool] = None,
        _allow_revalidate: bool = True,
        _allow_autobegin: bool = True,
    ):
        """Construct a new Connection."""
        self.engine = engine
        self.dialect = dialect = engine.dialect
    
        if connection is None:
            try:
>               self._dbapi_connection = engine.raw_connection()
                                         ^^^^^^^^^^^^^^^^^^^^^^^

venv/lib64/python3.12/site-packages/sqlalchemy/engine/base.py:144: 
_ _ _ _ _ _ _ _ _ _ _ _ _ _ _ _ _ _ _ _ _ _ _ _ _ _ _ _ _ _ _ _ _ _ _ _ _ _ _ _ 
venv/lib64/python3.12/site-packages/sqlalchemy/engine/base.py:3319: in raw_connection
    return self.pool.connect()
           ^^^^^^^^^^^^^^^^^^^
venv/lib64/python3.12/site-packages/sqlalchemy/pool/base.py:448: in connect
    return _ConnectionFairy._checkout(self)
           ^^^^^^^^^^^^^^^^^^^^^^^^^^^^^^^^
venv/lib64/python3.12/site-packages/sqlalchemy/pool/base.py:1272: in _checkout
    fairy = _ConnectionRecord.checkout(pool)
            ^^^^^^^^^^^^^^^^^^^^^^^^^^^^^^^^
venv/lib64/python3.12/site-packages/sqlalchemy/pool/base.py:712: in checkout
    rec = pool._do_get()
          ^^^^^^^^^^^^^^
venv/lib64/python3.12/site-packages/sqlalchemy/pool/impl.py:178: in _do_get
    with util.safe_reraise():
         ^^^^^^^^^^^^^^^^^^^
venv/lib64/python3.12/site-packages/sqlalchemy/util/langhelpers.py:122: in __exit__
    raise exc_value.with_traceback(exc_tb)
venv/lib64/python3.12/site-packages/sqlalchemy/pool/impl.py:176: in _do_get
    return self._create_connection()
           ^^^^^^^^^^^^^^^^^^^^^^^^^
venv/lib64/python3.12/site-packages/sqlalchemy/pool/base.py:389: in _create_connection
    return _ConnectionRecord(self)
           ^^^^^^^^^^^^^^^^^^^^^^^
venv/lib64/python3.12/site-packages/sqlalchemy/pool/base.py:674: in __init__
    self.__connect()
venv/lib64/python3.12/site-packages/sqlalchemy/pool/base.py:900: in __connect
    with util.safe_reraise():
         ^^^^^^^^^^^^^^^^^^^
venv/lib64/python3.12/site-packages/sqlalchemy/util/langhelpers.py:122: in __exit__
    raise exc_value.with_traceback(exc_tb)
venv/lib64/python3.12/site-packages/sqlalchemy/pool/base.py:896: in __connect
    self.dbapi_connection = connection = pool._invoke_creator(self)
                                         ^^^^^^^^^^^^^^^^^^^^^^^^^^
venv/lib64/python3.12/site-packages/sqlalchemy/engine/create.py:667: in connect
    return dialect.connect(*cargs_tup, **cparams)
           ^^^^^^^^^^^^^^^^^^^^^^^^^^^^^^^^^^^^^^
_ _ _ _ _ _ _ _ _ _ _ _ _ _ _ _ _ _ _ _ _ _ _ _ _ _ _ _ _ _ _ _ _ _ _ _ _ _ _ _ 

self = <sqlalchemy.dialects.sqlite.pysqlite.SQLiteDialect_pysqlite object at 0x7e5846e630>
cargs = ('/root/Development/ExperimentsCloud/database/experiments.db',)
cparams = {'check_same_thread': False}

    def connect(self, *cargs: Any, **cparams: Any) -> DBAPIConnection:
        # inherits the docstring from interfaces.Dialect.connect
>       return self.loaded_dbapi.connect(*cargs, **cparams)  # type: ignore[no-any-return]  # NOQA: E501
               ^^^^^^^^^^^^^^^^^^^^^^^^^^^^^^^^^^^^^^^^^^^^
E       sqlite3.OperationalError: unable to open database file

venv/lib64/python3.12/site-packages/sqlalchemy/engine/default.py:630: OperationalError

The above exception was the direct cause of the following exception:

app = <Flask 'app'>

    @pytest.fixture(autouse=True)
    def database(app):
    
        print("\nDatabase URI:", app.config["SQLALCHEMY_DATABASE_URI"])
    
        with app.app_context():
    
>           db.drop_all()

tests/conftest.py:23: 
_ _ _ _ _ _ _ _ _ _ _ _ _ _ _ _ _ _ _ _ _ _ _ _ _ _ _ _ _ _ _ _ _ _ _ _ _ _ _ _ 
venv/lib64/python3.12/site-packages/flask_sqlalchemy/extension.py:917: in drop_all
    self._call_for_binds(bind_key, "drop_all")
venv/lib64/python3.12/site-packages/flask_sqlalchemy/extension.py:881: in _call_for_binds
    getattr(metadata, op_name)(bind=engine)
venv/lib64/python3.12/site-packages/sqlalchemy/sql/schema.py:5958: in drop_all
    bind._run_ddl_visitor(
venv/lib64/python3.12/site-packages/sqlalchemy/engine/base.py:3269: in _run_ddl_visitor
    with self.begin() as conn:
         ^^^^^^^^^^^^
/usr/lib64/python3.12/contextlib.py:137: in __enter__
    return next(self.gen)
           ^^^^^^^^^^^^^^
venv/lib64/python3.12/site-packages/sqlalchemy/engine/base.py:3259: in begin
    with self.connect() as conn:
         ^^^^^^^^^^^^^^
venv/lib64/python3.12/site-packages/sqlalchemy/engine/base.py:3295: in connect
    return self._connection_cls(self)
           ^^^^^^^^^^^^^^^^^^^^^^^^^^
venv/lib64/python3.12/site-packages/sqlalchemy/engine/base.py:146: in __init__
    Connection._handle_dbapi_exception_noconnection(
venv/lib64/python3.12/site-packages/sqlalchemy/engine/base.py:2450: in _handle_dbapi_exception_noconnection
    raise sqlalchemy_exception.with_traceback(exc_info[2]) from e
venv/lib64/python3.12/site-packages/sqlalchemy/engine/base.py:144: in __init__
    self._dbapi_connection = engine.raw_connection()
                             ^^^^^^^^^^^^^^^^^^^^^^^
venv/lib64/python3.12/site-packages/sqlalchemy/engine/base.py:3319: in raw_connection
    return self.pool.connect()
           ^^^^^^^^^^^^^^^^^^^
venv/lib64/python3.12/site-packages/sqlalchemy/pool/base.py:448: in connect
    return _ConnectionFairy._checkout(self)
           ^^^^^^^^^^^^^^^^^^^^^^^^^^^^^^^^
venv/lib64/python3.12/site-packages/sqlalchemy/pool/base.py:1272: in _checkout
    fairy = _ConnectionRecord.checkout(pool)
            ^^^^^^^^^^^^^^^^^^^^^^^^^^^^^^^^
venv/lib64/python3.12/site-packages/sqlalchemy/pool/base.py:712: in checkout
    rec = pool._do_get()
          ^^^^^^^^^^^^^^
venv/lib64/python3.12/site-packages/sqlalchemy/pool/impl.py:178: in _do_get
    with util.safe_reraise():
         ^^^^^^^^^^^^^^^^^^^
venv/lib64/python3.12/site-packages/sqlalchemy/util/langhelpers.py:122: in __exit__
    raise exc_value.with_traceback(exc_tb)
venv/lib64/python3.12/site-packages/sqlalchemy/pool/impl.py:176: in _do_get
    return self._create_connection()
           ^^^^^^^^^^^^^^^^^^^^^^^^^
venv/lib64/python3.12/site-packages/sqlalchemy/pool/base.py:389: in _create_connection
    return _ConnectionRecord(self)
           ^^^^^^^^^^^^^^^^^^^^^^^
venv/lib64/python3.12/site-packages/sqlalchemy/pool/base.py:674: in __init__
    self.__connect()
venv/lib64/python3.12/site-packages/sqlalchemy/pool/base.py:900: in __connect
    with util.safe_reraise():
         ^^^^^^^^^^^^^^^^^^^
venv/lib64/python3.12/site-packages/sqlalchemy/util/langhelpers.py:122: in __exit__
    raise exc_value.with_traceback(exc_tb)
venv/lib64/python3.12/site-packages/sqlalchemy/pool/base.py:896: in __connect
    self.dbapi_connection = connection = pool._invoke_creator(self)
                                         ^^^^^^^^^^^^^^^^^^^^^^^^^^
venv/lib64/python3.12/site-packages/sqlalchemy/engine/create.py:667: in connect
    return dialect.connect(*cargs_tup, **cparams)
           ^^^^^^^^^^^^^^^^^^^^^^^^^^^^^^^^^^^^^^
_ _ _ _ _ _ _ _ _ _ _ _ _ _ _ _ _ _ _ _ _ _ _ _ _ _ _ _ _ _ _ _ _ _ _ _ _ _ _ _ 

self = <sqlalchemy.dialects.sqlite.pysqlite.SQLiteDialect_pysqlite object at 0x7e5846e630>
cargs = ('/root/Development/ExperimentsCloud/database/experiments.db',)
cparams = {'check_same_thread': False}

    def connect(self, *cargs: Any, **cparams: Any) -> DBAPIConnection:
        # inherits the docstring from interfaces.Dialect.connect
>       return self.loaded_dbapi.connect(*cargs, **cparams)  # type: ignore[no-any-return]  # NOQA: E501
               ^^^^^^^^^^^^^^^^^^^^^^^^^^^^^^^^^^^^^^^^^^^^
E       sqlalchemy.exc.OperationalError: (sqlite3.OperationalError) unable to open database file
E       (Background on this error at: https://sqlalche.me/e/20/e3q8)

venv/lib64/python3.12/site-packages/sqlalchemy/engine/default.py:630: OperationalError
---------------------------- Captured stdout setup -----------------------------

Database URI: sqlite:///:memory:
_______________ ERROR at setup of test_delete_other_user_folder ________________

self = <sqlalchemy.engine.base.Connection object at 0x7e580b5400>
engine = Engine(sqlite:////root/Development/ExperimentsCloud/database/experiments.db)
connection = None, _has_events = None, _allow_revalidate = True
_allow_autobegin = True

    def __init__(
        self,
        engine: Engine,
        connection: Optional[PoolProxiedConnection] = None,
        _has_events: Optional[bool] = None,
        _allow_revalidate: bool = True,
        _allow_autobegin: bool = True,
    ):
        """Construct a new Connection."""
        self.engine = engine
        self.dialect = dialect = engine.dialect
    
        if connection is None:
            try:
>               self._dbapi_connection = engine.raw_connection()
                                         ^^^^^^^^^^^^^^^^^^^^^^^

venv/lib64/python3.12/site-packages/sqlalchemy/engine/base.py:144: 
_ _ _ _ _ _ _ _ _ _ _ _ _ _ _ _ _ _ _ _ _ _ _ _ _ _ _ _ _ _ _ _ _ _ _ _ _ _ _ _ 
venv/lib64/python3.12/site-packages/sqlalchemy/engine/base.py:3319: in raw_connection
    return self.pool.connect()
           ^^^^^^^^^^^^^^^^^^^
venv/lib64/python3.12/site-packages/sqlalchemy/pool/base.py:448: in connect
    return _ConnectionFairy._checkout(self)
           ^^^^^^^^^^^^^^^^^^^^^^^^^^^^^^^^
venv/lib64/python3.12/site-packages/sqlalchemy/pool/base.py:1272: in _checkout
    fairy = _ConnectionRecord.checkout(pool)
            ^^^^^^^^^^^^^^^^^^^^^^^^^^^^^^^^
venv/lib64/python3.12/site-packages/sqlalchemy/pool/base.py:712: in checkout
    rec = pool._do_get()
          ^^^^^^^^^^^^^^
venv/lib64/python3.12/site-packages/sqlalchemy/pool/impl.py:178: in _do_get
    with util.safe_reraise():
         ^^^^^^^^^^^^^^^^^^^
venv/lib64/python3.12/site-packages/sqlalchemy/util/langhelpers.py:122: in __exit__
    raise exc_value.with_traceback(exc_tb)
venv/lib64/python3.12/site-packages/sqlalchemy/pool/impl.py:176: in _do_get
    return self._create_connection()
           ^^^^^^^^^^^^^^^^^^^^^^^^^
venv/lib64/python3.12/site-packages/sqlalchemy/pool/base.py:389: in _create_connection
    return _ConnectionRecord(self)
           ^^^^^^^^^^^^^^^^^^^^^^^
venv/lib64/python3.12/site-packages/sqlalchemy/pool/base.py:674: in __init__
    self.__connect()
venv/lib64/python3.12/site-packages/sqlalchemy/pool/base.py:900: in __connect
    with util.safe_reraise():
         ^^^^^^^^^^^^^^^^^^^
venv/lib64/python3.12/site-packages/sqlalchemy/util/langhelpers.py:122: in __exit__
    raise exc_value.with_traceback(exc_tb)
venv/lib64/python3.12/site-packages/sqlalchemy/pool/base.py:896: in __connect
    self.dbapi_connection = connection = pool._invoke_creator(self)
                                         ^^^^^^^^^^^^^^^^^^^^^^^^^^
venv/lib64/python3.12/site-packages/sqlalchemy/engine/create.py:667: in connect
    return dialect.connect(*cargs_tup, **cparams)
           ^^^^^^^^^^^^^^^^^^^^^^^^^^^^^^^^^^^^^^
_ _ _ _ _ _ _ _ _ _ _ _ _ _ _ _ _ _ _ _ _ _ _ _ _ _ _ _ _ _ _ _ _ _ _ _ _ _ _ _ 

self = <sqlalchemy.dialects.sqlite.pysqlite.SQLiteDialect_pysqlite object at 0x7e5846e630>
cargs = ('/root/Development/ExperimentsCloud/database/experiments.db',)
cparams = {'check_same_thread': False}

    def connect(self, *cargs: Any, **cparams: Any) -> DBAPIConnection:
        # inherits the docstring from interfaces.Dialect.connect
>       return self.loaded_dbapi.connect(*cargs, **cparams)  # type: ignore[no-any-return]  # NOQA: E501
               ^^^^^^^^^^^^^^^^^^^^^^^^^^^^^^^^^^^^^^^^^^^^
E       sqlite3.OperationalError: unable to open database file

venv/lib64/python3.12/site-packages/sqlalchemy/engine/default.py:630: OperationalError

The above exception was the direct cause of the following exception:

app = <Flask 'app'>

    @pytest.fixture(autouse=True)
    def database(app):
    
        print("\nDatabase URI:", app.config["SQLALCHEMY_DATABASE_URI"])
    
        with app.app_context():
    
>           db.drop_all()

tests/conftest.py:23: 
_ _ _ _ _ _ _ _ _ _ _ _ _ _ _ _ _ _ _ _ _ _ _ _ _ _ _ _ _ _ _ _ _ _ _ _ _ _ _ _ 
venv/lib64/python3.12/site-packages/flask_sqlalchemy/extension.py:917: in drop_all
    self._call_for_binds(bind_key, "drop_all")
venv/lib64/python3.12/site-packages/flask_sqlalchemy/extension.py:881: in _call_for_binds
    getattr(metadata, op_name)(bind=engine)
venv/lib64/python3.12/site-packages/sqlalchemy/sql/schema.py:5958: in drop_all
    bind._run_ddl_visitor(
venv/lib64/python3.12/site-packages/sqlalchemy/engine/base.py:3269: in _run_ddl_visitor
    with self.begin() as conn:
         ^^^^^^^^^^^^
/usr/lib64/python3.12/contextlib.py:137: in __enter__
    return next(self.gen)
           ^^^^^^^^^^^^^^
venv/lib64/python3.12/site-packages/sqlalchemy/engine/base.py:3259: in begin
    with self.connect() as conn:
         ^^^^^^^^^^^^^^
venv/lib64/python3.12/site-packages/sqlalchemy/engine/base.py:3295: in connect
    return self._connection_cls(self)
           ^^^^^^^^^^^^^^^^^^^^^^^^^^
venv/lib64/python3.12/site-packages/sqlalchemy/engine/base.py:146: in __init__
    Connection._handle_dbapi_exception_noconnection(
venv/lib64/python3.12/site-packages/sqlalchemy/engine/base.py:2450: in _handle_dbapi_exception_noconnection
    raise sqlalchemy_exception.with_traceback(exc_info[2]) from e
venv/lib64/python3.12/site-packages/sqlalchemy/engine/base.py:144: in __init__
    self._dbapi_connection = engine.raw_connection()
                             ^^^^^^^^^^^^^^^^^^^^^^^
venv/lib64/python3.12/site-packages/sqlalchemy/engine/base.py:3319: in raw_connection
    return self.pool.connect()
           ^^^^^^^^^^^^^^^^^^^
venv/lib64/python3.12/site-packages/sqlalchemy/pool/base.py:448: in connect
    return _ConnectionFairy._checkout(self)
           ^^^^^^^^^^^^^^^^^^^^^^^^^^^^^^^^
venv/lib64/python3.12/site-packages/sqlalchemy/pool/base.py:1272: in _checkout
    fairy = _ConnectionRecord.checkout(pool)
            ^^^^^^^^^^^^^^^^^^^^^^^^^^^^^^^^
venv/lib64/python3.12/site-packages/sqlalchemy/pool/base.py:712: in checkout
    rec = pool._do_get()
          ^^^^^^^^^^^^^^
venv/lib64/python3.12/site-packages/sqlalchemy/pool/impl.py:178: in _do_get
    with util.safe_reraise():
         ^^^^^^^^^^^^^^^^^^^
venv/lib64/python3.12/site-packages/sqlalchemy/util/langhelpers.py:122: in __exit__
    raise exc_value.with_traceback(exc_tb)
venv/lib64/python3.12/site-packages/sqlalchemy/pool/impl.py:176: in _do_get
    return self._create_connection()
           ^^^^^^^^^^^^^^^^^^^^^^^^^
venv/lib64/python3.12/site-packages/sqlalchemy/pool/base.py:389: in _create_connection
    return _ConnectionRecord(self)
           ^^^^^^^^^^^^^^^^^^^^^^^
venv/lib64/python3.12/site-packages/sqlalchemy/pool/base.py:674: in __init__
    self.__connect()
venv/lib64/python3.12/site-packages/sqlalchemy/pool/base.py:900: in __connect
    with util.safe_reraise():
         ^^^^^^^^^^^^^^^^^^^
venv/lib64/python3.12/site-packages/sqlalchemy/util/langhelpers.py:122: in __exit__
    raise exc_value.with_traceback(exc_tb)
venv/lib64/python3.12/site-packages/sqlalchemy/pool/base.py:896: in __connect
    self.dbapi_connection = connection = pool._invoke_creator(self)
                                         ^^^^^^^^^^^^^^^^^^^^^^^^^^
venv/lib64/python3.12/site-packages/sqlalchemy/engine/create.py:667: in connect
    return dialect.connect(*cargs_tup, **cparams)
           ^^^^^^^^^^^^^^^^^^^^^^^^^^^^^^^^^^^^^^
_ _ _ _ _ _ _ _ _ _ _ _ _ _ _ _ _ _ _ _ _ _ _ _ _ _ _ _ _ _ _ _ _ _ _ _ _ _ _ _ 

self = <sqlalchemy.dialects.sqlite.pysqlite.SQLiteDialect_pysqlite object at 0x7e5846e630>
cargs = ('/root/Development/ExperimentsCloud/database/experiments.db',)
cparams = {'check_same_thread': False}

    def connect(self, *cargs: Any, **cparams: Any) -> DBAPIConnection:
        # inherits the docstring from interfaces.Dialect.connect
>       return self.loaded_dbapi.connect(*cargs, **cparams)  # type: ignore[no-any-return]  # NOQA: E501
               ^^^^^^^^^^^^^^^^^^^^^^^^^^^^^^^^^^^^^^^^^^^^
E       sqlalchemy.exc.OperationalError: (sqlite3.OperationalError) unable to open database file
E       (Background on this error at: https://sqlalche.me/e/20/e3q8)

venv/lib64/python3.12/site-packages/sqlalchemy/engine/default.py:630: OperationalError
---------------------------- Captured stdout setup -----------------------------

Database URI: sqlite:///:memory:
______________________ ERROR at setup of test_open_folder ______________________

self = <sqlalchemy.engine.base.Connection object at 0x7e580b51f0>
engine = Engine(sqlite:////root/Development/ExperimentsCloud/database/experiments.db)
connection = None, _has_events = None, _allow_revalidate = True
_allow_autobegin = True

    def __init__(
        self,
        engine: Engine,
        connection: Optional[PoolProxiedConnection] = None,
        _has_events: Optional[bool] = None,
        _allow_revalidate: bool = True,
        _allow_autobegin: bool = True,
    ):
        """Construct a new Connection."""
        self.engine = engine
        self.dialect = dialect = engine.dialect
    
        if connection is None:
            try:
>               self._dbapi_connection = engine.raw_connection()
                                         ^^^^^^^^^^^^^^^^^^^^^^^

venv/lib64/python3.12/site-packages/sqlalchemy/engine/base.py:144: 
_ _ _ _ _ _ _ _ _ _ _ _ _ _ _ _ _ _ _ _ _ _ _ _ _ _ _ _ _ _ _ _ _ _ _ _ _ _ _ _ 
venv/lib64/python3.12/site-packages/sqlalchemy/engine/base.py:3319: in raw_connection
    return self.pool.connect()
           ^^^^^^^^^^^^^^^^^^^
venv/lib64/python3.12/site-packages/sqlalchemy/pool/base.py:448: in connect
    return _ConnectionFairy._checkout(self)
           ^^^^^^^^^^^^^^^^^^^^^^^^^^^^^^^^
venv/lib64/python3.12/site-packages/sqlalchemy/pool/base.py:1272: in _checkout
    fairy = _ConnectionRecord.checkout(pool)
            ^^^^^^^^^^^^^^^^^^^^^^^^^^^^^^^^
venv/lib64/python3.12/site-packages/sqlalchemy/pool/base.py:712: in checkout
    rec = pool._do_get()
          ^^^^^^^^^^^^^^
venv/lib64/python3.12/site-packages/sqlalchemy/pool/impl.py:178: in _do_get
    with util.safe_reraise():
         ^^^^^^^^^^^^^^^^^^^
venv/lib64/python3.12/site-packages/sqlalchemy/util/langhelpers.py:122: in __exit__
    raise exc_value.with_traceback(exc_tb)
venv/lib64/python3.12/site-packages/sqlalchemy/pool/impl.py:176: in _do_get
    return self._create_connection()
           ^^^^^^^^^^^^^^^^^^^^^^^^^
venv/lib64/python3.12/site-packages/sqlalchemy/pool/base.py:389: in _create_connection
    return _ConnectionRecord(self)
           ^^^^^^^^^^^^^^^^^^^^^^^
venv/lib64/python3.12/site-packages/sqlalchemy/pool/base.py:674: in __init__
    self.__connect()
venv/lib64/python3.12/site-packages/sqlalchemy/pool/base.py:900: in __connect
    with util.safe_reraise():
         ^^^^^^^^^^^^^^^^^^^
venv/lib64/python3.12/site-packages/sqlalchemy/util/langhelpers.py:122: in __exit__
    raise exc_value.with_traceback(exc_tb)
venv/lib64/python3.12/site-packages/sqlalchemy/pool/base.py:896: in __connect
    self.dbapi_connection = connection = pool._invoke_creator(self)
                                         ^^^^^^^^^^^^^^^^^^^^^^^^^^
venv/lib64/python3.12/site-packages/sqlalchemy/engine/create.py:667: in connect
    return dialect.connect(*cargs_tup, **cparams)
           ^^^^^^^^^^^^^^^^^^^^^^^^^^^^^^^^^^^^^^
_ _ _ _ _ _ _ _ _ _ _ _ _ _ _ _ _ _ _ _ _ _ _ _ _ _ _ _ _ _ _ _ _ _ _ _ _ _ _ _ 

self = <sqlalchemy.dialects.sqlite.pysqlite.SQLiteDialect_pysqlite object at 0x7e5846e630>
cargs = ('/root/Development/ExperimentsCloud/database/experiments.db',)
cparams = {'check_same_thread': False}

    def connect(self, *cargs: Any, **cparams: Any) -> DBAPIConnection:
        # inherits the docstring from interfaces.Dialect.connect
>       return self.loaded_dbapi.connect(*cargs, **cparams)  # type: ignore[no-any-return]  # NOQA: E501
               ^^^^^^^^^^^^^^^^^^^^^^^^^^^^^^^^^^^^^^^^^^^^
E       sqlite3.OperationalError: unable to open database file

venv/lib64/python3.12/site-packages/sqlalchemy/engine/default.py:630: OperationalError

The above exception was the direct cause of the following exception:

app = <Flask 'app'>

    @pytest.fixture(autouse=True)
    def database(app):
    
        print("\nDatabase URI:", app.config["SQLALCHEMY_DATABASE_URI"])
    
        with app.app_context():
    
>           db.drop_all()

tests/conftest.py:23: 
_ _ _ _ _ _ _ _ _ _ _ _ _ _ _ _ _ _ _ _ _ _ _ _ _ _ _ _ _ _ _ _ _ _ _ _ _ _ _ _ 
venv/lib64/python3.12/site-packages/flask_sqlalchemy/extension.py:917: in drop_all
    self._call_for_binds(bind_key, "drop_all")
venv/lib64/python3.12/site-packages/flask_sqlalchemy/extension.py:881: in _call_for_binds
    getattr(metadata, op_name)(bind=engine)
venv/lib64/python3.12/site-packages/sqlalchemy/sql/schema.py:5958: in drop_all
    bind._run_ddl_visitor(
venv/lib64/python3.12/site-packages/sqlalchemy/engine/base.py:3269: in _run_ddl_visitor
    with self.begin() as conn:
         ^^^^^^^^^^^^
/usr/lib64/python3.12/contextlib.py:137: in __enter__
    return next(self.gen)
           ^^^^^^^^^^^^^^
venv/lib64/python3.12/site-packages/sqlalchemy/engine/base.py:3259: in begin
    with self.connect() as conn:
         ^^^^^^^^^^^^^^
venv/lib64/python3.12/site-packages/sqlalchemy/engine/base.py:3295: in connect
    return self._connection_cls(self)
           ^^^^^^^^^^^^^^^^^^^^^^^^^^
venv/lib64/python3.12/site-packages/sqlalchemy/engine/base.py:146: in __init__
    Connection._handle_dbapi_exception_noconnection(
venv/lib64/python3.12/site-packages/sqlalchemy/engine/base.py:2450: in _handle_dbapi_exception_noconnection
    raise sqlalchemy_exception.with_traceback(exc_info[2]) from e
venv/lib64/python3.12/site-packages/sqlalchemy/engine/base.py:144: in __init__
    self._dbapi_connection = engine.raw_connection()
                             ^^^^^^^^^^^^^^^^^^^^^^^
venv/lib64/python3.12/site-packages/sqlalchemy/engine/base.py:3319: in raw_connection
    return self.pool.connect()
           ^^^^^^^^^^^^^^^^^^^
venv/lib64/python3.12/site-packages/sqlalchemy/pool/base.py:448: in connect
    return _ConnectionFairy._checkout(self)
           ^^^^^^^^^^^^^^^^^^^^^^^^^^^^^^^^
venv/lib64/python3.12/site-packages/sqlalchemy/pool/base.py:1272: in _checkout
    fairy = _ConnectionRecord.checkout(pool)
            ^^^^^^^^^^^^^^^^^^^^^^^^^^^^^^^^
venv/lib64/python3.12/site-packages/sqlalchemy/pool/base.py:712: in checkout
    rec = pool._do_get()
          ^^^^^^^^^^^^^^
venv/lib64/python3.12/site-packages/sqlalchemy/pool/impl.py:178: in _do_get
    with util.safe_reraise():
         ^^^^^^^^^^^^^^^^^^^
venv/lib64/python3.12/site-packages/sqlalchemy/util/langhelpers.py:122: in __exit__
    raise exc_value.with_traceback(exc_tb)
venv/lib64/python3.12/site-packages/sqlalchemy/pool/impl.py:176: in _do_get
    return self._create_connection()
           ^^^^^^^^^^^^^^^^^^^^^^^^^
venv/lib64/python3.12/site-packages/sqlalchemy/pool/base.py:389: in _create_connection
    return _ConnectionRecord(self)
           ^^^^^^^^^^^^^^^^^^^^^^^
venv/lib64/python3.12/site-packages/sqlalchemy/pool/base.py:674: in __init__
    self.__connect()
venv/lib64/python3.12/site-packages/sqlalchemy/pool/base.py:900: in __connect
    with util.safe_reraise():
         ^^^^^^^^^^^^^^^^^^^
venv/lib64/python3.12/site-packages/sqlalchemy/util/langhelpers.py:122: in __exit__
    raise exc_value.with_traceback(exc_tb)
venv/lib64/python3.12/site-packages/sqlalchemy/pool/base.py:896: in __connect
    self.dbapi_connection = connection = pool._invoke_creator(self)
                                         ^^^^^^^^^^^^^^^^^^^^^^^^^^
venv/lib64/python3.12/site-packages/sqlalchemy/engine/create.py:667: in connect
    return dialect.connect(*cargs_tup, **cparams)
           ^^^^^^^^^^^^^^^^^^^^^^^^^^^^^^^^^^^^^^
_ _ _ _ _ _ _ _ _ _ _ _ _ _ _ _ _ _ _ _ _ _ _ _ _ _ _ _ _ _ _ _ _ _ _ _ _ _ _ _ 

self = <sqlalchemy.dialects.sqlite.pysqlite.SQLiteDialect_pysqlite object at 0x7e5846e630>
cargs = ('/root/Development/ExperimentsCloud/database/experiments.db',)
cparams = {'check_same_thread': False}

    def connect(self, *cargs: Any, **cparams: Any) -> DBAPIConnection:
        # inherits the docstring from interfaces.Dialect.connect
>       return self.loaded_dbapi.connect(*cargs, **cparams)  # type: ignore[no-any-return]  # NOQA: E501
               ^^^^^^^^^^^^^^^^^^^^^^^^^^^^^^^^^^^^^^^^^^^^
E       sqlalchemy.exc.OperationalError: (sqlite3.OperationalError) unable to open database file
E       (Background on this error at: https://sqlalche.me/e/20/e3q8)

venv/lib64/python3.12/site-packages/sqlalchemy/engine/default.py:630: OperationalError
---------------------------- Captured stdout setup -----------------------------

Database URI: sqlite:///:memory:
=========================== short test summary info ============================
ERROR tests/integration/test_auth.py::test_register_success - sqlalchemy.exc....
ERROR tests/integration/test_auth.py::test_register_duplicate_username - sqla...
ERROR tests/integration/test_auth.py::test_register_duplicate_email - sqlalch...
ERROR tests/integration/test_auth.py::test_register_page - sqlalchemy.exc.Ope...
ERROR tests/integration/test_auth.py::test_login_page - sqlalchemy.exc.Operat...
ERROR tests/integration/test_auth.py::test_dashboard_requires_login - sqlalch...
ERROR tests/integration/test_auth.py::test_logout_requires_login - sqlalchemy...
ERROR tests/integration/test_auth.py::test_login_success - sqlalchemy.exc.Ope...
ERROR tests/integration/test_auth.py::test_login_invalid_password - sqlalchem...
ERROR tests/integration/test_auth.py::test_login_unknown_email - sqlalchemy.e...
ERROR tests/integration/test_auth.py::test_logout_success - sqlalchemy.exc.Op...
ERROR tests/integration/test_files.py::test_files_page_requires_login - sqlal...
ERROR tests/integration/test_files.py::test_upload_page_requires_login - sqla...
ERROR tests/integration/test_files.py::test_upload_success - sqlalchemy.exc.O...
ERROR tests/integration/test_files.py::test_upload_invalid_extension - sqlalc...
ERROR tests/integration/test_files.py::test_upload_file_too_large - sqlalchem...
ERROR tests/integration/test_files.py::test_download_success - sqlalchemy.exc...
ERROR tests/integration/test_files.py::test_delete_success - sqlalchemy.exc.O...
ERROR tests/integration/test_files.py::test_rename_requires_login - sqlalchem...
ERROR tests/integration/test_files.py::test_rename_page - sqlalchemy.exc.Oper...
ERROR tests/integration/test_files.py::test_rename_success - sqlalchemy.exc.O...
ERROR tests/integration/test_files.py::test_rename_other_user_file - sqlalche...
ERROR tests/integration/test_folders.py::test_folders_page_requires_login - s...
ERROR tests/integration/test_folders.py::test_folder_create_requires_login - ...
ERROR tests/integration/test_folders.py::test_create_page - sqlalchemy.exc.Op...
ERROR tests/integration/test_folders.py::test_create_folder_success - sqlalch...
ERROR tests/integration/test_folders.py::test_rename_page - sqlalchemy.exc.Op...
ERROR tests/integration/test_folders.py::test_rename_success - sqlalchemy.exc...
ERROR tests/integration/test_folders.py::test_rename_other_user_folder - sqla...
ERROR tests/integration/test_folders.py::test_delete_folder_success - sqlalch...
ERROR tests/integration/test_folders.py::test_delete_other_user_folder - sqla...
ERROR tests/integration/test_folders.py::test_open_folder - sqlalchemy.exc.Op...
!!!!!!!!!!!!!!!!!!!!!!!!!!!!!! KeyboardInterrupt !!!!!!!!!!!!!!!!!!!!!!!!!!!!!!!
/usr/lib64/python3.12/ast.py:52: KeyboardInterrupt
(to show a full traceback on KeyboardInterrupt use --full-trace)
============================= 32 errors in 31.32s ==============================
